Command line invocation:
    /Applications/Xcode.app/Contents/Developer/usr/bin/xcodebuild -project Miran.xcodeproj -scheme Miran -destination generic/platform=iOS CODE_SIGNING_ALLOWED=NO build

User defaults from command line:
    IDEPackageSupportUseBuiltinSCM = YES

Build settings from command line:
    CODE_SIGNING_ALLOWED = NO

Prepare packages

Computing target dependency graph and provisioning inputs

Create build description
Build description signature: c4dead016f2b2af7ea6dee2819060e0d
Build description path: /Users/yousifalenezi/Library/Developer/Xcode/DerivedData/Miran-ezvnyxesttewuzarkrcgsvxrumsd/Build/Intermediates.noindex/XCBuildData/c4dead016f2b2af7ea6dee2819060e0d-desc.xcbuild

note: Building targets in dependency order
SwiftDriver Miran normal arm64 com.apple.xcode.tools.swift.compiler (in target 'Miran' from project 'Miran')
    cd /Users/yousifalenezi/Documents/Training/MiranApp
    builtin-SwiftDriver -- /Applications/Xcode.app/Contents/Developer/Toolchains/XcodeDefault.xctoolchain/usr/bin/swiftc -module-name Miran -Onone -enforce-exclusivity\=checked @/Users/yousifalenezi/Library/Developer/Xcode/DerivedData/Miran-ezvnyxesttewuzarkrcgsvxrumsd/Build/Intermediates.noindex/Miran.build/Debug-iphoneos/Miran.build/Objects-normal/arm64/Miran.SwiftFileList -DDEBUG -sdk /Applications/Xcode.app/Contents/Developer/Platforms/iPhoneOS.platform/Developer/SDKs/iPhoneOS16.2.sdk -target arm64-apple-ios16.0 -enable-bare-slash-regex -g -module-cache-path /Users/yousifalenezi/Library/Developer/Xcode/DerivedData/ModuleCache.noindex -Xfrontend -serialize-debugging-options -enable-testing -index-store-path /Users/yousifalenezi/Library/Developer/Xcode/DerivedData/Miran-ezvnyxesttewuzarkrcgsvxrumsd/Index.noindex/DataStore -swift-version 5 -I /Users/yousifalenezi/Library/Developer/Xcode/DerivedData/Miran-ezvnyxesttewuzarkrcgsvxrumsd/Build/Products/Debug-iphoneos -F /Users/yousifalenezi/Library/Developer/Xcode/DerivedData/Miran-ezvnyxesttewuzarkrcgsvxrumsd/Build/Products/Debug-iphoneos -emit-localized-strings -emit-localized-strings-path /Users/yousifalenezi/Library/Developer/Xcode/DerivedData/Miran-ezvnyxesttewuzarkrcgsvxrumsd/Build/Intermediates.noindex/Miran.build/Debug-iphoneos/Miran.build/Objects-normal/arm64 -c -j4 -enable-batch-mode -incremental -output-file-map /Users/yousifalenezi/Library/Developer/Xcode/DerivedData/Miran-ezvnyxesttewuzarkrcgsvxrumsd/Build/Intermediates.noindex/Miran.build/Debug-iphoneos/Miran.build/Objects-normal/arm64/Miran-OutputFileMap.json -use-frontend-parseable-output -save-temps -no-color-diagnostics -serialize-diagnostics -emit-dependencies -emit-module -emit-module-path /Users/yousifalenezi/Library/Developer/Xcode/DerivedData/Miran-ezvnyxesttewuzarkrcgsvxrumsd/Build/Intermediates.noindex/Miran.build/Debug-iphoneos/Miran.build/Objects-normal/arm64/Miran.swiftmodule -Xcc -I/Users/yousifalenezi/Library/Developer/Xcode/DerivedData/Miran-ezvnyxesttewuzarkrcgsvxrumsd/Build/Intermediates.noindex/Miran.build/Debug-iphoneos/Miran.build/swift-overrides.hmap -Xcc -iquote -Xcc /Users/yousifalenezi/Library/Developer/Xcode/DerivedData/Miran-ezvnyxesttewuzarkrcgsvxrumsd/Build/Intermediates.noindex/Miran.build/Debug-iphoneos/Miran.build/Miran-generated-files.hmap -Xcc -I/Users/yousifalenezi/Library/Developer/Xcode/DerivedData/Miran-ezvnyxesttewuzarkrcgsvxrumsd/Build/Intermediates.noindex/Miran.build/Debug-iphoneos/Miran.build/Miran-own-target-headers.hmap -Xcc -I/Users/yousifalenezi/Library/Developer/Xcode/DerivedData/Miran-ezvnyxesttewuzarkrcgsvxrumsd/Build/Intermediates.noindex/Miran.build/Debug-iphoneos/Miran.build/Miran-all-target-headers.hmap -Xcc -iquote -Xcc /Users/yousifalenezi/Library/Developer/Xcode/DerivedData/Miran-ezvnyxesttewuzarkrcgsvxrumsd/Build/Intermediates.noindex/Miran.build/Debug-iphoneos/Miran.build/Miran-project-headers.hmap -Xcc -I/Users/yousifalenezi/Library/Developer/Xcode/DerivedData/Miran-ezvnyxesttewuzarkrcgsvxrumsd/Build/Products/Debug-iphoneos/include -Xcc -I/Users/yousifalenezi/Library/Developer/Xcode/DerivedData/Miran-ezvnyxesttewuzarkrcgsvxrumsd/Build/Intermediates.noindex/Miran.build/Debug-iphoneos/Miran.build/DerivedSources-normal/arm64 -Xcc -I/Users/yousifalenezi/Library/Developer/Xcode/DerivedData/Miran-ezvnyxesttewuzarkrcgsvxrumsd/Build/Intermediates.noindex/Miran.build/Debug-iphoneos/Miran.build/DerivedSources/arm64 -Xcc -I/Users/yousifalenezi/Library/Developer/Xcode/DerivedData/Miran-ezvnyxesttewuzarkrcgsvxrumsd/Build/Intermediates.noindex/Miran.build/Debug-iphoneos/Miran.build/DerivedSources -Xcc -DDEBUG\=1 -emit-objc-header -emit-objc-header-path /Users/yousifalenezi/Library/Developer/Xcode/DerivedData/Miran-ezvnyxesttewuzarkrcgsvxrumsd/Build/Intermediates.noindex/Miran.build/Debug-iphoneos/Miran.build/Objects-normal/arm64/Miran-Swift.h -working-directory /Users/yousifalenezi/Documents/Training/MiranApp -experimental-emit-module-separately

SwiftCompile normal arm64 Compiling\ SystemAdminTabView.swift,\ OrgManagerTabView.swift,\ AcademicSupervisorTabView.swift /Users/yousifalenezi/Documents/Training/MiranApp/Miran/Views/SystemAdmin/SystemAdminTabView.swift /Users/yousifalenezi/Documents/Training/MiranApp/Miran/Views/OrgManager/OrgManagerTabView.swift /Users/yousifalenezi/Documents/Training/MiranApp/Miran/Views/Academic/AcademicSupervisorTabView.swift (in target 'Miran' from project 'Miran')
    cd /Users/yousifalenezi/Documents/Training/MiranApp
    builtin-swiftTaskExecution -- /Applications/Xcode.app/Contents/Developer/Toolchains/XcodeDefault.xctoolchain/usr/bin/swift-frontend -frontend -c /Users/yousifalenezi/Documents/Training/MiranApp/Miran/MiranApp.swift /Users/yousifalenezi/Documents/Training/MiranApp/Miran/Models/Models.swift /Users/yousifalenezi/Documents/Training/MiranApp/Miran/Models/TrainerCall.swift /Users/yousifalenezi/Documents/Training/MiranApp/Miran/Store/AppStore.swift /Users/yousifalenezi/Documents/Training/MiranApp/Miran/Store/SeedData.swift /Users/yousifalenezi/Documents/Training/MiranApp/Miran/Theme/MiranTheme.swift /Users/yousifalenezi/Documents/Training/MiranApp/Miran/Components/SharedComponents.swift /Users/yousifalenezi/Documents/Training/MiranApp/Miran/Views/RoleSelectionView.swift /Users/yousifalenezi/Documents/Training/MiranApp/Miran/Views/RegistrationView.swift /Users/yousifalenezi/Documents/Training/MiranApp/Miran/Views/Trainee/TraineeTabView.swift /Users/yousifalenezi/Documents/Training/MiranApp/Miran/Views/Trainee/TodayView.swift /Users/yousifalenezi/Documents/Training/MiranApp/Miran/Views/Trainee/ScheduleView.swift /Users/yousifalenezi/Documents/Training/MiranApp/Miran/Views/Trainee/RotationPassportView.swift /Users/yousifalenezi/Documents/Training/MiranApp/Miran/Views/Trainee/DocumentsView.swift /Users/yousifalenezi/Documents/Training/MiranApp/Miran/Views/Trainee/IncomingCallView.swift /Users/yousifalenezi/Documents/Training/MiranApp/Miran/Views/Trainee/TraineeProfileView.swift /Users/yousifalenezi/Documents/Training/MiranApp/Miran/Views/Trainee/ClinicalLogbookView.swift /Users/yousifalenezi/Documents/Training/MiranApp/Miran/Views/Trainer/TrainerTabView.swift /Users/yousifalenezi/Documents/Training/MiranApp/Miran/Views/Trainer/TrainerHomeView.swift /Users/yousifalenezi/Documents/Training/MiranApp/Miran/Views/Trainer/CallLauncherView.swift /Users/yousifalenezi/Documents/Training/MiranApp/Miran/Views/Trainer/LiveCallBoardView.swift /Users/yousifalenezi/Documents/Training/MiranApp/Miran/Views/Trainer/CallCenterView.swift /Users/yousifalenezi/Documents/Training/MiranApp/Miran/Views/Trainer/TraineeDetailView.swift /Users/yousifalenezi/Documents/Training/MiranApp/Miran/Views/Trainer/TrainerPlanView.swift /Users/yousifalenezi/Documents/Training/MiranApp/Miran/Views/Academic/AcademicTabView.swift /Users/yousifalenezi/Documents/Training/MiranApp/Miran/Views/Academic/ApplicationsReviewView.swift /Users/yousifalenezi/Documents/Training/MiranApp/Miran/Views/Academic/AssignmentView.swift /Users/yousifalenezi/Documents/Training/MiranApp/Miran/Views/Academic/ReportsView.swift /Users/yousifalenezi/Documents/Training/MiranApp/Miran/Views/Academic/RiskView.swift /Users/yousifalenezi/Documents/Training/MiranApp/Miran/Services/KeychainService.swift /Users/yousifalenezi/Documents/Training/MiranApp/Miran/Services/APIClient.swift /Users/yousifalenezi/Documents/Training/MiranApp/Miran/Models/APIModels.swift /Users/yousifalenezi/Documents/Training/MiranApp/Miran/ViewModels/AuthViewModel.swift /Users/yousifalenezi/Documents/Training/MiranApp/Miran/ViewModels/TraineeViewModel.swift /Users/yousifalenezi/Documents/Training/MiranApp/Miran/ViewModels/TrainerViewModel.swift /Users/yousifalenezi/Documents/Training/MiranApp/Miran/Views/Auth/LoginView.swift /Users/yousifalenezi/Documents/Training/MiranApp/Miran/Views/Auth/OrgSwitcherSheet.swift /Users/yousifalenezi/Documents/Training/MiranApp/Miran/Views/Trainee/DigitalIDCardView.swift /Users/yousifalenezi/Documents/Training/MiranApp/Miran/Views/Auth/JoiningDeclarationSheet.swift /Users/yousifalenezi/Documents/Training/MiranApp/Miran/Views/OrgMembersView.swift -primary-file /Users/yousifalenezi/Documents/Training/MiranApp/Miran/Views/SystemAdmin/SystemAdminTabView.swift -primary-file /Users/yousifalenezi/Documents/Training/MiranApp/Miran/Views/OrgManager/OrgManagerTabView.swift -primary-file /Users/yousifalenezi/Documents/Training/MiranApp/Miran/Views/Academic/AcademicSupervisorTabView.swift /Users/yousifalenezi/Documents/Training/MiranApp/Miran/Views/TrainingSupervisor/TrainingSupervisorTabView.swift /Users/yousifalenezi/Documents/Training/MiranApp/Miran/Views/SystemAdmin/OrganizationsManagementFullView.swift /Users/yousifalenezi/Documents/Training/MiranApp/Miran/Views/SystemAdmin/UsersAndRolesManagementFullView.swift /Users/yousifalenezi/Documents/Training/MiranApp/Miran/Views/Logbook/ClinicalLogbookManagementFullView.swift /Users/yousifalenezi/Documents/Training/MiranApp/Miran/Views/SystemAdmin/UserDetailRBACView.swift /Users/yousifalenezi/Documents/Training/MiranApp/Miran/Views/OrgManager/OrgManagerDashboardFullView.swift /Users/yousifalenezi/Documents/Training/MiranApp/Miran/Views/Academic/AcademicSupervisorDashboardFullView.swift /Users/yousifalenezi/Documents/Training/MiranApp/Miran/Views/TrainingSupervisor/TrainingSupervisorDashboardFullView.swift /Users/yousifalenezi/Documents/Training/MiranApp/Miran/Views/Trainer/TrainerDashboardFullView.swift /Users/yousifalenezi/Documents/Training/MiranApp/Miran/Views/Trainee/TraineeDashboardFullView.swift -emit-dependencies-path /Users/yousifalenezi/Library/Developer/Xcode/DerivedData/Miran-ezvnyxesttewuzarkrcgsvxrumsd/Build/Intermediates.noindex/Miran.build/Debug-iphoneos/Miran.build/Objects-normal/arm64/SystemAdminTabView.d -emit-reference-dependencies-path /Users/yousifalenezi/Library/Developer/Xcode/DerivedData/Miran-ezvnyxesttewuzarkrcgsvxrumsd/Build/Intermediates.noindex/Miran.build/Debug-iphoneos/Miran.build/Objects-normal/arm64/SystemAdminTabView.swiftdeps -serialize-diagnostics-path /Users/yousifalenezi/Library/Developer/Xcode/DerivedData/Miran-ezvnyxesttewuzarkrcgsvxrumsd/Build/Intermediates.noindex/Miran.build/Debug-iphoneos/Miran.build/Objects-normal/arm64/SystemAdminTabView.dia -emit-dependencies-path /Users/yousifalenezi/Library/Developer/Xcode/DerivedData/Miran-ezvnyxesttewuzarkrcgsvxrumsd/Build/Intermediates.noindex/Miran.build/Debug-iphoneos/Miran.build/Objects-normal/arm64/OrgManagerTabView.d -emit-reference-dependencies-path /Users/yousifalenezi/Library/Developer/Xcode/DerivedData/Miran-ezvnyxesttewuzarkrcgsvxrumsd/Build/Intermediates.noindex/Miran.build/Debug-iphoneos/Miran.build/Objects-normal/arm64/OrgManagerTabView.swiftdeps -serialize-diagnostics-path /Users/yousifalenezi/Library/Developer/Xcode/DerivedData/Miran-ezvnyxesttewuzarkrcgsvxrumsd/Build/Intermediates.noindex/Miran.build/Debug-iphoneos/Miran.build/Objects-normal/arm64/OrgManagerTabView.dia -emit-dependencies-path /Users/yousifalenezi/Library/Developer/Xcode/DerivedData/Miran-ezvnyxesttewuzarkrcgsvxrumsd/Build/Intermediates.noindex/Miran.build/Debug-iphoneos/Miran.build/Objects-normal/arm64/AcademicSupervisorTabView.d -emit-reference-dependencies-path /Users/yousifalenezi/Library/Developer/Xcode/DerivedData/Miran-ezvnyxesttewuzarkrcgsvxrumsd/Build/Intermediates.noindex/Miran.build/Debug-iphoneos/Miran.build/Objects-normal/arm64/AcademicSupervisorTabView.swiftdeps -serialize-diagnostics-path /Users/yousifalenezi/Library/Developer/Xcode/DerivedData/Miran-ezvnyxesttewuzarkrcgsvxrumsd/Build/Intermediates.noindex/Miran.build/Debug-iphoneos/Miran.build/Objects-normal/arm64/AcademicSupervisorTabView.dia -emit-localized-strings -emit-localized-strings-path /Users/yousifalenezi/Library/Developer/Xcode/DerivedData/Miran-ezvnyxesttewuzarkrcgsvxrumsd/Build/Intermediates.noindex/Miran.build/Debug-iphoneos/Miran.build/Objects-normal/arm64 -target arm64-apple-ios16.0 -Xllvm -aarch64-use-tbi -enable-objc-interop -stack-check -sdk /Applications/Xcode.app/Contents/Developer/Platforms/iPhoneOS.platform/Developer/SDKs/iPhoneOS16.2.sdk -I /Users/yousifalenezi/Library/Developer/Xcode/DerivedData/Miran-ezvnyxesttewuzarkrcgsvxrumsd/Build/Products/Debug-iphoneos -F /Users/yousifalenezi/Library/Developer/Xcode/DerivedData/Miran-ezvnyxesttewuzarkrcgsvxrumsd/Build/Products/Debug-iphoneos -no-color-diagnostics -enable-testing -g -module-cache-path /Users/yousifalenezi/Library/Developer/Xcode/DerivedData/ModuleCache.noindex -swift-version 5 -enforce-exclusivity\=checked -Onone -D DEBUG -serialize-debugging-options -enable-bare-slash-regex -empty-abi-descriptor -Xcc -working-directory -Xcc /Users/yousifalenezi/Documents/Training/MiranApp -resource-dir /Applications/Xcode.app/Contents/Developer/Toolchains/XcodeDefault.xctoolchain/usr/lib/swift -enable-anonymous-context-mangled-names -Xcc -I/Users/yousifalenezi/Library/Developer/Xcode/DerivedData/Miran-ezvnyxesttewuzarkrcgsvxrumsd/Build/Intermediates.noindex/Miran.build/Debug-iphoneos/Miran.build/swift-overrides.hmap -Xcc -iquote -Xcc /Users/yousifalenezi/Library/Developer/Xcode/DerivedData/Miran-ezvnyxesttewuzarkrcgsvxrumsd/Build/Intermediates.noindex/Miran.build/Debug-iphoneos/Miran.build/Miran-generated-files.hmap -Xcc -I/Users/yousifalenezi/Library/Developer/Xcode/DerivedData/Miran-ezvnyxesttewuzarkrcgsvxrumsd/Build/Intermediates.noindex/Miran.build/Debug-iphoneos/Miran.build/Miran-own-target-headers.hmap -Xcc -I/Users/yousifalenezi/Library/Developer/Xcode/DerivedData/Miran-ezvnyxesttewuzarkrcgsvxrumsd/Build/Intermediates.noindex/Miran.build/Debug-iphoneos/Miran.build/Miran-all-target-headers.hmap -Xcc -iquote -Xcc /Users/yousifalenezi/Library/Developer/Xcode/DerivedData/Miran-ezvnyxesttewuzarkrcgsvxrumsd/Build/Intermediates.noindex/Miran.build/Debug-iphoneos/Miran.build/Miran-project-headers.hmap -Xcc -I/Users/yousifalenezi/Library/Developer/Xcode/DerivedData/Miran-ezvnyxesttewuzarkrcgsvxrumsd/Build/Products/Debug-iphoneos/include -Xcc -I/Users/yousifalenezi/Library/Developer/Xcode/DerivedData/Miran-ezvnyxesttewuzarkrcgsvxrumsd/Build/Intermediates.noindex/Miran.build/Debug-iphoneos/Miran.build/DerivedSources-normal/arm64 -Xcc -I/Users/yousifalenezi/Library/Developer/Xcode/DerivedData/Miran-ezvnyxesttewuzarkrcgsvxrumsd/Build/Intermediates.noindex/Miran.build/Debug-iphoneos/Miran.build/DerivedSources/arm64 -Xcc -I/Users/yousifalenezi/Library/Developer/Xcode/DerivedData/Miran-ezvnyxesttewuzarkrcgsvxrumsd/Build/Intermediates.noindex/Miran.build/Debug-iphoneos/Miran.build/DerivedSources -Xcc -DDEBUG\=1 -module-name Miran -frontend-parseable-output -disable-clang-spi -target-sdk-version 16.2 -o /Users/yousifalenezi/Library/Developer/Xcode/DerivedData/Miran-ezvnyxesttewuzarkrcgsvxrumsd/Build/Intermediates.noindex/Miran.build/Debug-iphoneos/Miran.build/Objects-normal/arm64/SystemAdminTabView.o -o /Users/yousifalenezi/Library/Developer/Xcode/DerivedData/Miran-ezvnyxesttewuzarkrcgsvxrumsd/Build/Intermediates.noindex/Miran.build/Debug-iphoneos/Miran.build/Objects-normal/arm64/OrgManagerTabView.o -o /Users/yousifalenezi/Library/Developer/Xcode/DerivedData/Miran-ezvnyxesttewuzarkrcgsvxrumsd/Build/Intermediates.noindex/Miran.build/Debug-iphoneos/Miran.build/Objects-normal/arm64/AcademicSupervisorTabView.o -index-unit-output-path /Miran.build/Debug-iphoneos/Miran.build/Objects-normal/arm64/SystemAdminTabView.o -index-unit-output-path /Miran.build/Debug-iphoneos/Miran.build/Objects-normal/arm64/OrgManagerTabView.o -index-unit-output-path /Miran.build/Debug-iphoneos/Miran.build/Objects-normal/arm64/AcademicSupervisorTabView.o -index-store-path /Users/yousifalenezi/Library/Developer/Xcode/DerivedData/Miran-ezvnyxesttewuzarkrcgsvxrumsd/Index.noindex/DataStore -index-system-modules

CompileSwift normal arm64 /Users/yousifalenezi/Documents/Training/MiranApp/Miran/Views/SystemAdmin/SystemAdminTabView.swift (in target 'Miran' from project 'Miran')
    cd /Users/yousifalenezi/Documents/Training/MiranApp
    /Applications/Xcode.app/Contents/Developer/Toolchains/XcodeDefault.xctoolchain/usr/bin/swift-frontend -c /Users/yousifalenezi/Documents/Training/MiranApp/Miran/MiranApp.swift /Users/yousifalenezi/Documents/Training/MiranApp/Miran/Models/Models.swift /Users/yousifalenezi/Documents/Training/MiranApp/Miran/Models/TrainerCall.swift /Users/yousifalenezi/Documents/Training/MiranApp/Miran/Store/AppStore.swift /Users/yousifalenezi/Documents/Training/MiranApp/Miran/Store/SeedData.swift /Users/yousifalenezi/Documents/Training/MiranApp/Miran/Theme/MiranTheme.swift /Users/yousifalenezi/Documents/Training/MiranApp/Miran/Components/SharedComponents.swift /Users/yousifalenezi/Documents/Training/MiranApp/Miran/Views/RoleSelectionView.swift /Users/yousifalenezi/Documents/Training/MiranApp/Miran/Views/RegistrationView.swift /Users/yousifalenezi/Documents/Training/MiranApp/Miran/Views/Trainee/TraineeTabView.swift /Users/yousifalenezi/Documents/Training/MiranApp/Miran/Views/Trainee/TodayView.swift /Users/yousifalenezi/Documents/Training/MiranApp/Miran/Views/Trainee/ScheduleView.swift /Users/yousifalenezi/Documents/Training/MiranApp/Miran/Views/Trainee/RotationPassportView.swift /Users/yousifalenezi/Documents/Training/MiranApp/Miran/Views/Trainee/DocumentsView.swift /Users/yousifalenezi/Documents/Training/MiranApp/Miran/Views/Trainee/IncomingCallView.swift /Users/yousifalenezi/Documents/Training/MiranApp/Miran/Views/Trainee/TraineeProfileView.swift /Users/yousifalenezi/Documents/Training/MiranApp/Miran/Views/Trainee/ClinicalLogbookView.swift /Users/yousifalenezi/Documents/Training/MiranApp/Miran/Views/Trainer/TrainerTabView.swift /Users/yousifalenezi/Documents/Training/MiranApp/Miran/Views/Trainer/TrainerHomeView.swift /Users/yousifalenezi/Documents/Training/MiranApp/Miran/Views/Trainer/CallLauncherView.swift /Users/yousifalenezi/Documents/Training/MiranApp/Miran/Views/Trainer/LiveCallBoardView.swift /Users/yousifalenezi/Documents/Training/MiranApp/Miran/Views/Trainer/CallCenterView.swift /Users/yousifalenezi/Documents/Training/MiranApp/Miran/Views/Trainer/TraineeDetailView.swift /Users/yousifalenezi/Documents/Training/MiranApp/Miran/Views/Trainer/TrainerPlanView.swift /Users/yousifalenezi/Documents/Training/MiranApp/Miran/Views/Academic/AcademicTabView.swift /Users/yousifalenezi/Documents/Training/MiranApp/Miran/Views/Academic/ApplicationsReviewView.swift /Users/yousifalenezi/Documents/Training/MiranApp/Miran/Views/Academic/AssignmentView.swift /Users/yousifalenezi/Documents/Training/MiranApp/Miran/Views/Academic/ReportsView.swift /Users/yousifalenezi/Documents/Training/MiranApp/Miran/Views/Academic/RiskView.swift /Users/yousifalenezi/Documents/Training/MiranApp/Miran/Services/KeychainService.swift /Users/yousifalenezi/Documents/Training/MiranApp/Miran/Services/APIClient.swift /Users/yousifalenezi/Documents/Training/MiranApp/Miran/Models/APIModels.swift /Users/yousifalenezi/Documents/Training/MiranApp/Miran/ViewModels/AuthViewModel.swift /Users/yousifalenezi/Documents/Training/MiranApp/Miran/ViewModels/TraineeViewModel.swift /Users/yousifalenezi/Documents/Training/MiranApp/Miran/ViewModels/TrainerViewModel.swift /Users/yousifalenezi/Documents/Training/MiranApp/Miran/Views/Auth/LoginView.swift /Users/yousifalenezi/Documents/Training/MiranApp/Miran/Views/Auth/OrgSwitcherSheet.swift /Users/yousifalenezi/Documents/Training/MiranApp/Miran/Views/Trainee/DigitalIDCardView.swift /Users/yousifalenezi/Documents/Training/MiranApp/Miran/Views/Auth/JoiningDeclarationSheet.swift /Users/yousifalenezi/Documents/Training/MiranApp/Miran/Views/OrgMembersView.swift -primary-file /Users/yousifalenezi/Documents/Training/MiranApp/Miran/Views/SystemAdmin/SystemAdminTabView.swift -primary-file /Users/yousifalenezi/Documents/Training/MiranApp/Miran/Views/OrgManager/OrgManagerTabView.swift -primary-file /Users/yousifalenezi/Documents/Training/MiranApp/Miran/Views/Academic/AcademicSupervisorTabView.swift /Users/yousifalenezi/Documents/Training/MiranApp/Miran/Views/TrainingSupervisor/TrainingSupervisorTabView.swift /Users/yousifalenezi/Documents/Training/MiranApp/Miran/Views/SystemAdmin/OrganizationsManagementFullView.swift /Users/yousifalenezi/Documents/Training/MiranApp/Miran/Views/SystemAdmin/UsersAndRolesManagementFullView.swift /Users/yousifalenezi/Documents/Training/MiranApp/Miran/Views/Logbook/ClinicalLogbookManagementFullView.swift /Users/yousifalenezi/Documents/Training/MiranApp/Miran/Views/SystemAdmin/UserDetailRBACView.swift /Users/yousifalenezi/Documents/Training/MiranApp/Miran/Views/OrgManager/OrgManagerDashboardFullView.swift /Users/yousifalenezi/Documents/Training/MiranApp/Miran/Views/Academic/AcademicSupervisorDashboardFullView.swift /Users/yousifalenezi/Documents/Training/MiranApp/Miran/Views/TrainingSupervisor/TrainingSupervisorDashboardFullView.swift /Users/yousifalenezi/Documents/Training/MiranApp/Miran/Views/Trainer/TrainerDashboardFullView.swift /Users/yousifalenezi/Documents/Training/MiranApp/Miran/Views/Trainee/TraineeDashboardFullView.swift -emit-dependencies-path /Users/yousifalenezi/Library/Developer/Xcode/DerivedData/Miran-ezvnyxesttewuzarkrcgsvxrumsd/Build/Intermediates.noindex/Miran.build/Debug-iphoneos/Miran.build/Objects-normal/arm64/SystemAdminTabView.d -emit-reference-dependencies-path /Users/yousifalenezi/Library/Developer/Xcode/DerivedData/Miran-ezvnyxesttewuzarkrcgsvxrumsd/Build/Intermediates.noindex/Miran.build/Debug-iphoneos/Miran.build/Objects-normal/arm64/SystemAdminTabView.swiftdeps -serialize-diagnostics-path /Users/yousifalenezi/Library/Developer/Xcode/DerivedData/Miran-ezvnyxesttewuzarkrcgsvxrumsd/Build/Intermediates.noindex/Miran.build/Debug-iphoneos/Miran.build/Objects-normal/arm64/SystemAdminTabView.dia -emit-dependencies-path /Users/yousifalenezi/Library/Developer/Xcode/DerivedData/Miran-ezvnyxesttewuzarkrcgsvxrumsd/Build/Intermediates.noindex/Miran.build/Debug-iphoneos/Miran.build/Objects-normal/arm64/OrgManagerTabView.d -emit-reference-dependencies-path /Users/yousifalenezi/Library/Developer/Xcode/DerivedData/Miran-ezvnyxesttewuzarkrcgsvxrumsd/Build/Intermediates.noindex/Miran.build/Debug-iphoneos/Miran.build/Objects-normal/arm64/OrgManagerTabView.swiftdeps -serialize-diagnostics-path /Users/yousifalenezi/Library/Developer/Xcode/DerivedData/Miran-ezvnyxesttewuzarkrcgsvxrumsd/Build/Intermediates.noindex/Miran.build/Debug-iphoneos/Miran.build/Objects-normal/arm64/OrgManagerTabView.dia -emit-dependencies-path /Users/yousifalenezi/Library/Developer/Xcode/DerivedData/Miran-ezvnyxesttewuzarkrcgsvxrumsd/Build/Intermediates.noindex/Miran.build/Debug-iphoneos/Miran.build/Objects-normal/arm64/AcademicSupervisorTabView.d -emit-reference-dependencies-path /Users/yousifalenezi/Library/Developer/Xcode/DerivedData/Miran-ezvnyxesttewuzarkrcgsvxrumsd/Build/Intermediates.noindex/Miran.build/Debug-iphoneos/Miran.build/Objects-normal/arm64/AcademicSupervisorTabView.swiftdeps -serialize-diagnostics-path /Users/yousifalenezi/Library/Developer/Xcode/DerivedData/Miran-ezvnyxesttewuzarkrcgsvxrumsd/Build/Intermediates.noindex/Miran.build/Debug-iphoneos/Miran.build/Objects-normal/arm64/AcademicSupervisorTabView.dia -emit-localized-strings -emit-localized-strings-path /Users/yousifalenezi/Library/Developer/Xcode/DerivedData/Miran-ezvnyxesttewuzarkrcgsvxrumsd/Build/Intermediates.noindex/Miran.build/Debug-iphoneos/Miran.build/Objects-normal/arm64 -target arm64-apple-ios16.0 -Xllvm -aarch64-use-tbi -enable-objc-interop -stack-check -sdk /Applications/Xcode.app/Contents/Developer/Platforms/iPhoneOS.platform/Developer/SDKs/iPhoneOS16.2.sdk -I /Users/yousifalenezi/Library/Developer/Xcode/DerivedData/Miran-ezvnyxesttewuzarkrcgsvxrumsd/Build/Products/Debug-iphoneos -F /Users/yousifalenezi/Library/Developer/Xcode/DerivedData/Miran-ezvnyxesttewuzarkrcgsvxrumsd/Build/Products/Debug-iphoneos -no-color-diagnostics -enable-testing -g -module-cache-path /Users/yousifalenezi/Library/Developer/Xcode/DerivedData/ModuleCache.noindex -swift-version 5 -enforce-exclusivity\=checked -Onone -D DEBUG -serialize-debugging-options -enable-bare-slash-regex -empty-abi-descriptor -Xcc -working-directory -Xcc /Users/yousifalenezi/Documents/Training/MiranApp -resource-dir /Applications/Xcode.app/Contents/Developer/Toolchains/XcodeDefault.xctoolchain/usr/lib/swift -enable-anonymous-context-mangled-names -Xcc -I/Users/yousifalenezi/Library/Developer/Xcode/DerivedData/Miran-ezvnyxesttewuzarkrcgsvxrumsd/Build/Intermediates.noindex/Miran.build/Debug-iphoneos/Miran.build/swift-overrides.hmap -Xcc -iquote -Xcc /Users/yousifalenezi/Library/Developer/Xcode/DerivedData/Miran-ezvnyxesttewuzarkrcgsvxrumsd/Build/Intermediates.noindex/Miran.build/Debug-iphoneos/Miran.build/Miran-generated-files.hmap -Xcc -I/Users/yousifalenezi/Library/Developer/Xcode/DerivedData/Miran-ezvnyxesttewuzarkrcgsvxrumsd/Build/Intermediates.noindex/Miran.build/Debug-iphoneos/Miran.build/Miran-own-target-headers.hmap -Xcc -I/Users/yousifalenezi/Library/Developer/Xcode/DerivedData/Miran-ezvnyxesttewuzarkrcgsvxrumsd/Build/Intermediates.noindex/Miran.build/Debug-iphoneos/Miran.build/Miran-all-target-headers.hmap -Xcc -iquote -Xcc /Users/yousifalenezi/Library/Developer/Xcode/DerivedData/Miran-ezvnyxesttewuzarkrcgsvxrumsd/Build/Intermediates.noindex/Miran.build/Debug-iphoneos/Miran.build/Miran-project-headers.hmap -Xcc -I/Users/yousifalenezi/Library/Developer/Xcode/DerivedData/Miran-ezvnyxesttewuzarkrcgsvxrumsd/Build/Products/Debug-iphoneos/include -Xcc -I/Users/yousifalenezi/Library/Developer/Xcode/DerivedData/Miran-ezvnyxesttewuzarkrcgsvxrumsd/Build/Intermediates.noindex/Miran.build/Debug-iphoneos/Miran.build/DerivedSources-normal/arm64 -Xcc -I/Users/yousifalenezi/Library/Developer/Xcode/DerivedData/Miran-ezvnyxesttewuzarkrcgsvxrumsd/Build/Intermediates.noindex/Miran.build/Debug-iphoneos/Miran.build/DerivedSources/arm64 -Xcc -I/Users/yousifalenezi/Library/Developer/Xcode/DerivedData/Miran-ezvnyxesttewuzarkrcgsvxrumsd/Build/Intermediates.noindex/Miran.build/Debug-iphoneos/Miran.build/DerivedSources -Xcc -DDEBUG\=1 -module-name Miran -frontend-parseable-output -disable-clang-spi -target-sdk-version 16.2 -o /Users/yousifalenezi/Library/Developer/Xcode/DerivedData/Miran-ezvnyxesttewuzarkrcgsvxrumsd/Build/Intermediates.noindex/Miran.build/Debug-iphoneos/Miran.build/Objects-normal/arm64/SystemAdminTabView.o -o /Users/yousifalenezi/Library/Developer/Xcode/DerivedData/Miran-ezvnyxesttewuzarkrcgsvxrumsd/Build/Intermediates.noindex/Miran.build/Debug-iphoneos/Miran.build/Objects-normal/arm64/OrgManagerTabView.o -o /Users/yousifalenezi/Library/Developer/Xcode/DerivedData/Miran-ezvnyxesttewuzarkrcgsvxrumsd/Build/Intermediates.noindex/Miran.build/Debug-iphoneos/Miran.build/Objects-normal/arm64/AcademicSupervisorTabView.o -index-unit-output-path /Miran.build/Debug-iphoneos/Miran.build/Objects-normal/arm64/SystemAdminTabView.o -index-unit-output-path /Miran.build/Debug-iphoneos/Miran.build/Objects-normal/arm64/OrgManagerTabView.o -index-unit-output-path /Miran.build/Debug-iphoneos/Miran.build/Objects-normal/arm64/AcademicSupervisorTabView.o -index-store-path /Users/yousifalenezi/Library/Developer/Xcode/DerivedData/Miran-ezvnyxesttewuzarkrcgsvxrumsd/Index.noindex/DataStore -index-system-modules
/Users/yousifalenezi/Documents/Training/MiranApp/Miran/Views/SystemAdmin/SystemAdminTabView.swift:148:29: error: extra arguments at positions #11, #12 in call
                            MetricStatCard(title: "الجهات والتجمعات", count: "8", icon: "building.2.crop.circle", color: MiranTheme.emerald)
SwiftUI.ViewBuilder:3:24: note: 'buildBlock' declared here
    public static func buildBlock<C0, C1, C2, C3, C4, C5, C6, C7, C8, C9>(_ c0: C0, _ c1: C1, _ c2: C2, _ c3: C3, _ c4: C4, _ c5: C5, _ c6: C6, _ c7: C7, _ c8: C8, _ c9: C9) -> TupleView<(C0, C1, C2, C3, C4, C5, C6, C7, C8, C9)> where C0 : View, C1 : View, C2 : View, C3 : View, C4 : View, C5 : View, C6 : View, C7 : View, C8 : View, C9 : View
                       ^

CompileSwift normal arm64 /Users/yousifalenezi/Documents/Training/MiranApp/Miran/Views/OrgManager/OrgManagerTabView.swift (in target 'Miran' from project 'Miran')
    cd /Users/yousifalenezi/Documents/Training/MiranApp
    /Applications/Xcode.app/Contents/Developer/Toolchains/XcodeDefault.xctoolchain/usr/bin/swift-frontend -c /Users/yousifalenezi/Documents/Training/MiranApp/Miran/MiranApp.swift /Users/yousifalenezi/Documents/Training/MiranApp/Miran/Models/Models.swift /Users/yousifalenezi/Documents/Training/MiranApp/Miran/Models/TrainerCall.swift /Users/yousifalenezi/Documents/Training/MiranApp/Miran/Store/AppStore.swift /Users/yousifalenezi/Documents/Training/MiranApp/Miran/Store/SeedData.swift /Users/yousifalenezi/Documents/Training/MiranApp/Miran/Theme/MiranTheme.swift /Users/yousifalenezi/Documents/Training/MiranApp/Miran/Components/SharedComponents.swift /Users/yousifalenezi/Documents/Training/MiranApp/Miran/Views/RoleSelectionView.swift /Users/yousifalenezi/Documents/Training/MiranApp/Miran/Views/RegistrationView.swift /Users/yousifalenezi/Documents/Training/MiranApp/Miran/Views/Trainee/TraineeTabView.swift /Users/yousifalenezi/Documents/Training/MiranApp/Miran/Views/Trainee/TodayView.swift /Users/yousifalenezi/Documents/Training/MiranApp/Miran/Views/Trainee/ScheduleView.swift /Users/yousifalenezi/Documents/Training/MiranApp/Miran/Views/Trainee/RotationPassportView.swift /Users/yousifalenezi/Documents/Training/MiranApp/Miran/Views/Trainee/DocumentsView.swift /Users/yousifalenezi/Documents/Training/MiranApp/Miran/Views/Trainee/IncomingCallView.swift /Users/yousifalenezi/Documents/Training/MiranApp/Miran/Views/Trainee/TraineeProfileView.swift /Users/yousifalenezi/Documents/Training/MiranApp/Miran/Views/Trainee/ClinicalLogbookView.swift /Users/yousifalenezi/Documents/Training/MiranApp/Miran/Views/Trainer/TrainerTabView.swift /Users/yousifalenezi/Documents/Training/MiranApp/Miran/Views/Trainer/TrainerHomeView.swift /Users/yousifalenezi/Documents/Training/MiranApp/Miran/Views/Trainer/CallLauncherView.swift /Users/yousifalenezi/Documents/Training/MiranApp/Miran/Views/Trainer/LiveCallBoardView.swift /Users/yousifalenezi/Documents/Training/MiranApp/Miran/Views/Trainer/CallCenterView.swift /Users/yousifalenezi/Documents/Training/MiranApp/Miran/Views/Trainer/TraineeDetailView.swift /Users/yousifalenezi/Documents/Training/MiranApp/Miran/Views/Trainer/TrainerPlanView.swift /Users/yousifalenezi/Documents/Training/MiranApp/Miran/Views/Academic/AcademicTabView.swift /Users/yousifalenezi/Documents/Training/MiranApp/Miran/Views/Academic/ApplicationsReviewView.swift /Users/yousifalenezi/Documents/Training/MiranApp/Miran/Views/Academic/AssignmentView.swift /Users/yousifalenezi/Documents/Training/MiranApp/Miran/Views/Academic/ReportsView.swift /Users/yousifalenezi/Documents/Training/MiranApp/Miran/Views/Academic/RiskView.swift /Users/yousifalenezi/Documents/Training/MiranApp/Miran/Services/KeychainService.swift /Users/yousifalenezi/Documents/Training/MiranApp/Miran/Services/APIClient.swift /Users/yousifalenezi/Documents/Training/MiranApp/Miran/Models/APIModels.swift /Users/yousifalenezi/Documents/Training/MiranApp/Miran/ViewModels/AuthViewModel.swift /Users/yousifalenezi/Documents/Training/MiranApp/Miran/ViewModels/TraineeViewModel.swift /Users/yousifalenezi/Documents/Training/MiranApp/Miran/ViewModels/TrainerViewModel.swift /Users/yousifalenezi/Documents/Training/MiranApp/Miran/Views/Auth/LoginView.swift /Users/yousifalenezi/Documents/Training/MiranApp/Miran/Views/Auth/OrgSwitcherSheet.swift /Users/yousifalenezi/Documents/Training/MiranApp/Miran/Views/Trainee/DigitalIDCardView.swift /Users/yousifalenezi/Documents/Training/MiranApp/Miran/Views/Auth/JoiningDeclarationSheet.swift /Users/yousifalenezi/Documents/Training/MiranApp/Miran/Views/OrgMembersView.swift -primary-file /Users/yousifalenezi/Documents/Training/MiranApp/Miran/Views/SystemAdmin/SystemAdminTabView.swift -primary-file /Users/yousifalenezi/Documents/Training/MiranApp/Miran/Views/OrgManager/OrgManagerTabView.swift -primary-file /Users/yousifalenezi/Documents/Training/MiranApp/Miran/Views/Academic/AcademicSupervisorTabView.swift /Users/yousifalenezi/Documents/Training/MiranApp/Miran/Views/TrainingSupervisor/TrainingSupervisorTabView.swift /Users/yousifalenezi/Documents/Training/MiranApp/Miran/Views/SystemAdmin/OrganizationsManagementFullView.swift /Users/yousifalenezi/Documents/Training/MiranApp/Miran/Views/SystemAdmin/UsersAndRolesManagementFullView.swift /Users/yousifalenezi/Documents/Training/MiranApp/Miran/Views/Logbook/ClinicalLogbookManagementFullView.swift /Users/yousifalenezi/Documents/Training/MiranApp/Miran/Views/SystemAdmin/UserDetailRBACView.swift /Users/yousifalenezi/Documents/Training/MiranApp/Miran/Views/OrgManager/OrgManagerDashboardFullView.swift /Users/yousifalenezi/Documents/Training/MiranApp/Miran/Views/Academic/AcademicSupervisorDashboardFullView.swift /Users/yousifalenezi/Documents/Training/MiranApp/Miran/Views/TrainingSupervisor/TrainingSupervisorDashboardFullView.swift /Users/yousifalenezi/Documents/Training/MiranApp/Miran/Views/Trainer/TrainerDashboardFullView.swift /Users/yousifalenezi/Documents/Training/MiranApp/Miran/Views/Trainee/TraineeDashboardFullView.swift -emit-dependencies-path /Users/yousifalenezi/Library/Developer/Xcode/DerivedData/Miran-ezvnyxesttewuzarkrcgsvxrumsd/Build/Intermediates.noindex/Miran.build/Debug-iphoneos/Miran.build/Objects-normal/arm64/SystemAdminTabView.d -emit-reference-dependencies-path /Users/yousifalenezi/Library/Developer/Xcode/DerivedData/Miran-ezvnyxesttewuzarkrcgsvxrumsd/Build/Intermediates.noindex/Miran.build/Debug-iphoneos/Miran.build/Objects-normal/arm64/SystemAdminTabView.swiftdeps -serialize-diagnostics-path /Users/yousifalenezi/Library/Developer/Xcode/DerivedData/Miran-ezvnyxesttewuzarkrcgsvxrumsd/Build/Intermediates.noindex/Miran.build/Debug-iphoneos/Miran.build/Objects-normal/arm64/SystemAdminTabView.dia -emit-dependencies-path /Users/yousifalenezi/Library/Developer/Xcode/DerivedData/Miran-ezvnyxesttewuzarkrcgsvxrumsd/Build/Intermediates.noindex/Miran.build/Debug-iphoneos/Miran.build/Objects-normal/arm64/OrgManagerTabView.d -emit-reference-dependencies-path /Users/yousifalenezi/Library/Developer/Xcode/DerivedData/Miran-ezvnyxesttewuzarkrcgsvxrumsd/Build/Intermediates.noindex/Miran.build/Debug-iphoneos/Miran.build/Objects-normal/arm64/OrgManagerTabView.swiftdeps -serialize-diagnostics-path /Users/yousifalenezi/Library/Developer/Xcode/DerivedData/Miran-ezvnyxesttewuzarkrcgsvxrumsd/Build/Intermediates.noindex/Miran.build/Debug-iphoneos/Miran.build/Objects-normal/arm64/OrgManagerTabView.dia -emit-dependencies-path /Users/yousifalenezi/Library/Developer/Xcode/DerivedData/Miran-ezvnyxesttewuzarkrcgsvxrumsd/Build/Intermediates.noindex/Miran.build/Debug-iphoneos/Miran.build/Objects-normal/arm64/AcademicSupervisorTabView.d -emit-reference-dependencies-path /Users/yousifalenezi/Library/Developer/Xcode/DerivedData/Miran-ezvnyxesttewuzarkrcgsvxrumsd/Build/Intermediates.noindex/Miran.build/Debug-iphoneos/Miran.build/Objects-normal/arm64/AcademicSupervisorTabView.swiftdeps -serialize-diagnostics-path /Users/yousifalenezi/Library/Developer/Xcode/DerivedData/Miran-ezvnyxesttewuzarkrcgsvxrumsd/Build/Intermediates.noindex/Miran.build/Debug-iphoneos/Miran.build/Objects-normal/arm64/AcademicSupervisorTabView.dia -emit-localized-strings -emit-localized-strings-path /Users/yousifalenezi/Library/Developer/Xcode/DerivedData/Miran-ezvnyxesttewuzarkrcgsvxrumsd/Build/Intermediates.noindex/Miran.build/Debug-iphoneos/Miran.build/Objects-normal/arm64 -target arm64-apple-ios16.0 -Xllvm -aarch64-use-tbi -enable-objc-interop -stack-check -sdk /Applications/Xcode.app/Contents/Developer/Platforms/iPhoneOS.platform/Developer/SDKs/iPhoneOS16.2.sdk -I /Users/yousifalenezi/Library/Developer/Xcode/DerivedData/Miran-ezvnyxesttewuzarkrcgsvxrumsd/Build/Products/Debug-iphoneos -F /Users/yousifalenezi/Library/Developer/Xcode/DerivedData/Miran-ezvnyxesttewuzarkrcgsvxrumsd/Build/Products/Debug-iphoneos -no-color-diagnostics -enable-testing -g -module-cache-path /Users/yousifalenezi/Library/Developer/Xcode/DerivedData/ModuleCache.noindex -swift-version 5 -enforce-exclusivity\=checked -Onone -D DEBUG -serialize-debugging-options -enable-bare-slash-regex -empty-abi-descriptor -Xcc -working-directory -Xcc /Users/yousifalenezi/Documents/Training/MiranApp -resource-dir /Applications/Xcode.app/Contents/Developer/Toolchains/XcodeDefault.xctoolchain/usr/lib/swift -enable-anonymous-context-mangled-names -Xcc -I/Users/yousifalenezi/Library/Developer/Xcode/DerivedData/Miran-ezvnyxesttewuzarkrcgsvxrumsd/Build/Intermediates.noindex/Miran.build/Debug-iphoneos/Miran.build/swift-overrides.hmap -Xcc -iquote -Xcc /Users/yousifalenezi/Library/Developer/Xcode/DerivedData/Miran-ezvnyxesttewuzarkrcgsvxrumsd/Build/Intermediates.noindex/Miran.build/Debug-iphoneos/Miran.build/Miran-generated-files.hmap -Xcc -I/Users/yousifalenezi/Library/Developer/Xcode/DerivedData/Miran-ezvnyxesttewuzarkrcgsvxrumsd/Build/Intermediates.noindex/Miran.build/Debug-iphoneos/Miran.build/Miran-own-target-headers.hmap -Xcc -I/Users/yousifalenezi/Library/Developer/Xcode/DerivedData/Miran-ezvnyxesttewuzarkrcgsvxrumsd/Build/Intermediates.noindex/Miran.build/Debug-iphoneos/Miran.build/Miran-all-target-headers.hmap -Xcc -iquote -Xcc /Users/yousifalenezi/Library/Developer/Xcode/DerivedData/Miran-ezvnyxesttewuzarkrcgsvxrumsd/Build/Intermediates.noindex/Miran.build/Debug-iphoneos/Miran.build/Miran-project-headers.hmap -Xcc -I/Users/yousifalenezi/Library/Developer/Xcode/DerivedData/Miran-ezvnyxesttewuzarkrcgsvxrumsd/Build/Products/Debug-iphoneos/include -Xcc -I/Users/yousifalenezi/Library/Developer/Xcode/DerivedData/Miran-ezvnyxesttewuzarkrcgsvxrumsd/Build/Intermediates.noindex/Miran.build/Debug-iphoneos/Miran.build/DerivedSources-normal/arm64 -Xcc -I/Users/yousifalenezi/Library/Developer/Xcode/DerivedData/Miran-ezvnyxesttewuzarkrcgsvxrumsd/Build/Intermediates.noindex/Miran.build/Debug-iphoneos/Miran.build/DerivedSources/arm64 -Xcc -I/Users/yousifalenezi/Library/Developer/Xcode/DerivedData/Miran-ezvnyxesttewuzarkrcgsvxrumsd/Build/Intermediates.noindex/Miran.build/Debug-iphoneos/Miran.build/DerivedSources -Xcc -DDEBUG\=1 -module-name Miran -frontend-parseable-output -disable-clang-spi -target-sdk-version 16.2 -o /Users/yousifalenezi/Library/Developer/Xcode/DerivedData/Miran-ezvnyxesttewuzarkrcgsvxrumsd/Build/Intermediates.noindex/Miran.build/Debug-iphoneos/Miran.build/Objects-normal/arm64/SystemAdminTabView.o -o /Users/yousifalenezi/Library/Developer/Xcode/DerivedData/Miran-ezvnyxesttewuzarkrcgsvxrumsd/Build/Intermediates.noindex/Miran.build/Debug-iphoneos/Miran.build/Objects-normal/arm64/OrgManagerTabView.o -o /Users/yousifalenezi/Library/Developer/Xcode/DerivedData/Miran-ezvnyxesttewuzarkrcgsvxrumsd/Build/Intermediates.noindex/Miran.build/Debug-iphoneos/Miran.build/Objects-normal/arm64/AcademicSupervisorTabView.o -index-unit-output-path /Miran.build/Debug-iphoneos/Miran.build/Objects-normal/arm64/SystemAdminTabView.o -index-unit-output-path /Miran.build/Debug-iphoneos/Miran.build/Objects-normal/arm64/OrgManagerTabView.o -index-unit-output-path /Miran.build/Debug-iphoneos/Miran.build/Objects-normal/arm64/AcademicSupervisorTabView.o -index-store-path /Users/yousifalenezi/Library/Developer/Xcode/DerivedData/Miran-ezvnyxesttewuzarkrcgsvxrumsd/Index.noindex/DataStore -index-system-modules

CompileSwift normal arm64 /Users/yousifalenezi/Documents/Training/MiranApp/Miran/Views/Academic/AcademicSupervisorTabView.swift (in target 'Miran' from project 'Miran')
    cd /Users/yousifalenezi/Documents/Training/MiranApp
    /Applications/Xcode.app/Contents/Developer/Toolchains/XcodeDefault.xctoolchain/usr/bin/swift-frontend -c /Users/yousifalenezi/Documents/Training/MiranApp/Miran/MiranApp.swift /Users/yousifalenezi/Documents/Training/MiranApp/Miran/Models/Models.swift /Users/yousifalenezi/Documents/Training/MiranApp/Miran/Models/TrainerCall.swift /Users/yousifalenezi/Documents/Training/MiranApp/Miran/Store/AppStore.swift /Users/yousifalenezi/Documents/Training/MiranApp/Miran/Store/SeedData.swift /Users/yousifalenezi/Documents/Training/MiranApp/Miran/Theme/MiranTheme.swift /Users/yousifalenezi/Documents/Training/MiranApp/Miran/Components/SharedComponents.swift /Users/yousifalenezi/Documents/Training/MiranApp/Miran/Views/RoleSelectionView.swift /Users/yousifalenezi/Documents/Training/MiranApp/Miran/Views/RegistrationView.swift /Users/yousifalenezi/Documents/Training/MiranApp/Miran/Views/Trainee/TraineeTabView.swift /Users/yousifalenezi/Documents/Training/MiranApp/Miran/Views/Trainee/TodayView.swift /Users/yousifalenezi/Documents/Training/MiranApp/Miran/Views/Trainee/ScheduleView.swift /Users/yousifalenezi/Documents/Training/MiranApp/Miran/Views/Trainee/RotationPassportView.swift /Users/yousifalenezi/Documents/Training/MiranApp/Miran/Views/Trainee/DocumentsView.swift /Users/yousifalenezi/Documents/Training/MiranApp/Miran/Views/Trainee/IncomingCallView.swift /Users/yousifalenezi/Documents/Training/MiranApp/Miran/Views/Trainee/TraineeProfileView.swift /Users/yousifalenezi/Documents/Training/MiranApp/Miran/Views/Trainee/ClinicalLogbookView.swift /Users/yousifalenezi/Documents/Training/MiranApp/Miran/Views/Trainer/TrainerTabView.swift /Users/yousifalenezi/Documents/Training/MiranApp/Miran/Views/Trainer/TrainerHomeView.swift /Users/yousifalenezi/Documents/Training/MiranApp/Miran/Views/Trainer/CallLauncherView.swift /Users/yousifalenezi/Documents/Training/MiranApp/Miran/Views/Trainer/LiveCallBoardView.swift /Users/yousifalenezi/Documents/Training/MiranApp/Miran/Views/Trainer/CallCenterView.swift /Users/yousifalenezi/Documents/Training/MiranApp/Miran/Views/Trainer/TraineeDetailView.swift /Users/yousifalenezi/Documents/Training/MiranApp/Miran/Views/Trainer/TrainerPlanView.swift /Users/yousifalenezi/Documents/Training/MiranApp/Miran/Views/Academic/AcademicTabView.swift /Users/yousifalenezi/Documents/Training/MiranApp/Miran/Views/Academic/ApplicationsReviewView.swift /Users/yousifalenezi/Documents/Training/MiranApp/Miran/Views/Academic/AssignmentView.swift /Users/yousifalenezi/Documents/Training/MiranApp/Miran/Views/Academic/ReportsView.swift /Users/yousifalenezi/Documents/Training/MiranApp/Miran/Views/Academic/RiskView.swift /Users/yousifalenezi/Documents/Training/MiranApp/Miran/Services/KeychainService.swift /Users/yousifalenezi/Documents/Training/MiranApp/Miran/Services/APIClient.swift /Users/yousifalenezi/Documents/Training/MiranApp/Miran/Models/APIModels.swift /Users/yousifalenezi/Documents/Training/MiranApp/Miran/ViewModels/AuthViewModel.swift /Users/yousifalenezi/Documents/Training/MiranApp/Miran/ViewModels/TraineeViewModel.swift /Users/yousifalenezi/Documents/Training/MiranApp/Miran/ViewModels/TrainerViewModel.swift /Users/yousifalenezi/Documents/Training/MiranApp/Miran/Views/Auth/LoginView.swift /Users/yousifalenezi/Documents/Training/MiranApp/Miran/Views/Auth/OrgSwitcherSheet.swift /Users/yousifalenezi/Documents/Training/MiranApp/Miran/Views/Trainee/DigitalIDCardView.swift /Users/yousifalenezi/Documents/Training/MiranApp/Miran/Views/Auth/JoiningDeclarationSheet.swift /Users/yousifalenezi/Documents/Training/MiranApp/Miran/Views/OrgMembersView.swift -primary-file /Users/yousifalenezi/Documents/Training/MiranApp/Miran/Views/SystemAdmin/SystemAdminTabView.swift -primary-file /Users/yousifalenezi/Documents/Training/MiranApp/Miran/Views/OrgManager/OrgManagerTabView.swift -primary-file /Users/yousifalenezi/Documents/Training/MiranApp/Miran/Views/Academic/AcademicSupervisorTabView.swift /Users/yousifalenezi/Documents/Training/MiranApp/Miran/Views/TrainingSupervisor/TrainingSupervisorTabView.swift /Users/yousifalenezi/Documents/Training/MiranApp/Miran/Views/SystemAdmin/OrganizationsManagementFullView.swift /Users/yousifalenezi/Documents/Training/MiranApp/Miran/Views/SystemAdmin/UsersAndRolesManagementFullView.swift /Users/yousifalenezi/Documents/Training/MiranApp/Miran/Views/Logbook/ClinicalLogbookManagementFullView.swift /Users/yousifalenezi/Documents/Training/MiranApp/Miran/Views/SystemAdmin/UserDetailRBACView.swift /Users/yousifalenezi/Documents/Training/MiranApp/Miran/Views/OrgManager/OrgManagerDashboardFullView.swift /Users/yousifalenezi/Documents/Training/MiranApp/Miran/Views/Academic/AcademicSupervisorDashboardFullView.swift /Users/yousifalenezi/Documents/Training/MiranApp/Miran/Views/TrainingSupervisor/TrainingSupervisorDashboardFullView.swift /Users/yousifalenezi/Documents/Training/MiranApp/Miran/Views/Trainer/TrainerDashboardFullView.swift /Users/yousifalenezi/Documents/Training/MiranApp/Miran/Views/Trainee/TraineeDashboardFullView.swift -emit-dependencies-path /Users/yousifalenezi/Library/Developer/Xcode/DerivedData/Miran-ezvnyxesttewuzarkrcgsvxrumsd/Build/Intermediates.noindex/Miran.build/Debug-iphoneos/Miran.build/Objects-normal/arm64/SystemAdminTabView.d -emit-reference-dependencies-path /Users/yousifalenezi/Library/Developer/Xcode/DerivedData/Miran-ezvnyxesttewuzarkrcgsvxrumsd/Build/Intermediates.noindex/Miran.build/Debug-iphoneos/Miran.build/Objects-normal/arm64/SystemAdminTabView.swiftdeps -serialize-diagnostics-path /Users/yousifalenezi/Library/Developer/Xcode/DerivedData/Miran-ezvnyxesttewuzarkrcgsvxrumsd/Build/Intermediates.noindex/Miran.build/Debug-iphoneos/Miran.build/Objects-normal/arm64/SystemAdminTabView.dia -emit-dependencies-path /Users/yousifalenezi/Library/Developer/Xcode/DerivedData/Miran-ezvnyxesttewuzarkrcgsvxrumsd/Build/Intermediates.noindex/Miran.build/Debug-iphoneos/Miran.build/Objects-normal/arm64/OrgManagerTabView.d -emit-reference-dependencies-path /Users/yousifalenezi/Library/Developer/Xcode/DerivedData/Miran-ezvnyxesttewuzarkrcgsvxrumsd/Build/Intermediates.noindex/Miran.build/Debug-iphoneos/Miran.build/Objects-normal/arm64/OrgManagerTabView.swiftdeps -serialize-diagnostics-path /Users/yousifalenezi/Library/Developer/Xcode/DerivedData/Miran-ezvnyxesttewuzarkrcgsvxrumsd/Build/Intermediates.noindex/Miran.build/Debug-iphoneos/Miran.build/Objects-normal/arm64/OrgManagerTabView.dia -emit-dependencies-path /Users/yousifalenezi/Library/Developer/Xcode/DerivedData/Miran-ezvnyxesttewuzarkrcgsvxrumsd/Build/Intermediates.noindex/Miran.build/Debug-iphoneos/Miran.build/Objects-normal/arm64/AcademicSupervisorTabView.d -emit-reference-dependencies-path /Users/yousifalenezi/Library/Developer/Xcode/DerivedData/Miran-ezvnyxesttewuzarkrcgsvxrumsd/Build/Intermediates.noindex/Miran.build/Debug-iphoneos/Miran.build/Objects-normal/arm64/AcademicSupervisorTabView.swiftdeps -serialize-diagnostics-path /Users/yousifalenezi/Library/Developer/Xcode/DerivedData/Miran-ezvnyxesttewuzarkrcgsvxrumsd/Build/Intermediates.noindex/Miran.build/Debug-iphoneos/Miran.build/Objects-normal/arm64/AcademicSupervisorTabView.dia -emit-localized-strings -emit-localized-strings-path /Users/yousifalenezi/Library/Developer/Xcode/DerivedData/Miran-ezvnyxesttewuzarkrcgsvxrumsd/Build/Intermediates.noindex/Miran.build/Debug-iphoneos/Miran.build/Objects-normal/arm64 -target arm64-apple-ios16.0 -Xllvm -aarch64-use-tbi -enable-objc-interop -stack-check -sdk /Applications/Xcode.app/Contents/Developer/Platforms/iPhoneOS.platform/Developer/SDKs/iPhoneOS16.2.sdk -I /Users/yousifalenezi/Library/Developer/Xcode/DerivedData/Miran-ezvnyxesttewuzarkrcgsvxrumsd/Build/Products/Debug-iphoneos -F /Users/yousifalenezi/Library/Developer/Xcode/DerivedData/Miran-ezvnyxesttewuzarkrcgsvxrumsd/Build/Products/Debug-iphoneos -no-color-diagnostics -enable-testing -g -module-cache-path /Users/yousifalenezi/Library/Developer/Xcode/DerivedData/ModuleCache.noindex -swift-version 5 -enforce-exclusivity\=checked -Onone -D DEBUG -serialize-debugging-options -enable-bare-slash-regex -empty-abi-descriptor -Xcc -working-directory -Xcc /Users/yousifalenezi/Documents/Training/MiranApp -resource-dir /Applications/Xcode.app/Contents/Developer/Toolchains/XcodeDefault.xctoolchain/usr/lib/swift -enable-anonymous-context-mangled-names -Xcc -I/Users/yousifalenezi/Library/Developer/Xcode/DerivedData/Miran-ezvnyxesttewuzarkrcgsvxrumsd/Build/Intermediates.noindex/Miran.build/Debug-iphoneos/Miran.build/swift-overrides.hmap -Xcc -iquote -Xcc /Users/yousifalenezi/Library/Developer/Xcode/DerivedData/Miran-ezvnyxesttewuzarkrcgsvxrumsd/Build/Intermediates.noindex/Miran.build/Debug-iphoneos/Miran.build/Miran-generated-files.hmap -Xcc -I/Users/yousifalenezi/Library/Developer/Xcode/DerivedData/Miran-ezvnyxesttewuzarkrcgsvxrumsd/Build/Intermediates.noindex/Miran.build/Debug-iphoneos/Miran.build/Miran-own-target-headers.hmap -Xcc -I/Users/yousifalenezi/Library/Developer/Xcode/DerivedData/Miran-ezvnyxesttewuzarkrcgsvxrumsd/Build/Intermediates.noindex/Miran.build/Debug-iphoneos/Miran.build/Miran-all-target-headers.hmap -Xcc -iquote -Xcc /Users/yousifalenezi/Library/Developer/Xcode/DerivedData/Miran-ezvnyxesttewuzarkrcgsvxrumsd/Build/Intermediates.noindex/Miran.build/Debug-iphoneos/Miran.build/Miran-project-headers.hmap -Xcc -I/Users/yousifalenezi/Library/Developer/Xcode/DerivedData/Miran-ezvnyxesttewuzarkrcgsvxrumsd/Build/Products/Debug-iphoneos/include -Xcc -I/Users/yousifalenezi/Library/Developer/Xcode/DerivedData/Miran-ezvnyxesttewuzarkrcgsvxrumsd/Build/Intermediates.noindex/Miran.build/Debug-iphoneos/Miran.build/DerivedSources-normal/arm64 -Xcc -I/Users/yousifalenezi/Library/Developer/Xcode/DerivedData/Miran-ezvnyxesttewuzarkrcgsvxrumsd/Build/Intermediates.noindex/Miran.build/Debug-iphoneos/Miran.build/DerivedSources/arm64 -Xcc -I/Users/yousifalenezi/Library/Developer/Xcode/DerivedData/Miran-ezvnyxesttewuzarkrcgsvxrumsd/Build/Intermediates.noindex/Miran.build/Debug-iphoneos/Miran.build/DerivedSources -Xcc -DDEBUG\=1 -module-name Miran -frontend-parseable-output -disable-clang-spi -target-sdk-version 16.2 -o /Users/yousifalenezi/Library/Developer/Xcode/DerivedData/Miran-ezvnyxesttewuzarkrcgsvxrumsd/Build/Intermediates.noindex/Miran.build/Debug-iphoneos/Miran.build/Objects-normal/arm64/SystemAdminTabView.o -o /Users/yousifalenezi/Library/Developer/Xcode/DerivedData/Miran-ezvnyxesttewuzarkrcgsvxrumsd/Build/Intermediates.noindex/Miran.build/Debug-iphoneos/Miran.build/Objects-normal/arm64/OrgManagerTabView.o -o /Users/yousifalenezi/Library/Developer/Xcode/DerivedData/Miran-ezvnyxesttewuzarkrcgsvxrumsd/Build/Intermediates.noindex/Miran.build/Debug-iphoneos/Miran.build/Objects-normal/arm64/AcademicSupervisorTabView.o -index-unit-output-path /Miran.build/Debug-iphoneos/Miran.build/Objects-normal/arm64/SystemAdminTabView.o -index-unit-output-path /Miran.build/Debug-iphoneos/Miran.build/Objects-normal/arm64/OrgManagerTabView.o -index-unit-output-path /Miran.build/Debug-iphoneos/Miran.build/Objects-normal/arm64/AcademicSupervisorTabView.o -index-store-path /Users/yousifalenezi/Library/Developer/Xcode/DerivedData/Miran-ezvnyxesttewuzarkrcgsvxrumsd/Index.noindex/DataStore -index-system-modules

SwiftCompile normal arm64 Compiling\ TrainingSupervisorDashboardFullView.swift,\ TrainerDashboardFullView.swift,\ TraineeDashboardFullView.swift /Users/yousifalenezi/Documents/Training/MiranApp/Miran/Views/TrainingSupervisor/TrainingSupervisorDashboardFullView.swift /Users/yousifalenezi/Documents/Training/MiranApp/Miran/Views/Trainer/TrainerDashboardFullView.swift /Users/yousifalenezi/Documents/Training/MiranApp/Miran/Views/Trainee/TraineeDashboardFullView.swift (in target 'Miran' from project 'Miran')
    cd /Users/yousifalenezi/Documents/Training/MiranApp
    builtin-swiftTaskExecution -- /Applications/Xcode.app/Contents/Developer/Toolchains/XcodeDefault.xctoolchain/usr/bin/swift-frontend -frontend -c /Users/yousifalenezi/Documents/Training/MiranApp/Miran/MiranApp.swift /Users/yousifalenezi/Documents/Training/MiranApp/Miran/Models/Models.swift /Users/yousifalenezi/Documents/Training/MiranApp/Miran/Models/TrainerCall.swift /Users/yousifalenezi/Documents/Training/MiranApp/Miran/Store/AppStore.swift /Users/yousifalenezi/Documents/Training/MiranApp/Miran/Store/SeedData.swift /Users/yousifalenezi/Documents/Training/MiranApp/Miran/Theme/MiranTheme.swift /Users/yousifalenezi/Documents/Training/MiranApp/Miran/Components/SharedComponents.swift /Users/yousifalenezi/Documents/Training/MiranApp/Miran/Views/RoleSelectionView.swift /Users/yousifalenezi/Documents/Training/MiranApp/Miran/Views/RegistrationView.swift /Users/yousifalenezi/Documents/Training/MiranApp/Miran/Views/Trainee/TraineeTabView.swift /Users/yousifalenezi/Documents/Training/MiranApp/Miran/Views/Trainee/TodayView.swift /Users/yousifalenezi/Documents/Training/MiranApp/Miran/Views/Trainee/ScheduleView.swift /Users/yousifalenezi/Documents/Training/MiranApp/Miran/Views/Trainee/RotationPassportView.swift /Users/yousifalenezi/Documents/Training/MiranApp/Miran/Views/Trainee/DocumentsView.swift /Users/yousifalenezi/Documents/Training/MiranApp/Miran/Views/Trainee/IncomingCallView.swift /Users/yousifalenezi/Documents/Training/MiranApp/Miran/Views/Trainee/TraineeProfileView.swift /Users/yousifalenezi/Documents/Training/MiranApp/Miran/Views/Trainee/ClinicalLogbookView.swift /Users/yousifalenezi/Documents/Training/MiranApp/Miran/Views/Trainer/TrainerTabView.swift /Users/yousifalenezi/Documents/Training/MiranApp/Miran/Views/Trainer/TrainerHomeView.swift /Users/yousifalenezi/Documents/Training/MiranApp/Miran/Views/Trainer/CallLauncherView.swift /Users/yousifalenezi/Documents/Training/MiranApp/Miran/Views/Trainer/LiveCallBoardView.swift /Users/yousifalenezi/Documents/Training/MiranApp/Miran/Views/Trainer/CallCenterView.swift /Users/yousifalenezi/Documents/Training/MiranApp/Miran/Views/Trainer/TraineeDetailView.swift /Users/yousifalenezi/Documents/Training/MiranApp/Miran/Views/Trainer/TrainerPlanView.swift /Users/yousifalenezi/Documents/Training/MiranApp/Miran/Views/Academic/AcademicTabView.swift /Users/yousifalenezi/Documents/Training/MiranApp/Miran/Views/Academic/ApplicationsReviewView.swift /Users/yousifalenezi/Documents/Training/MiranApp/Miran/Views/Academic/AssignmentView.swift /Users/yousifalenezi/Documents/Training/MiranApp/Miran/Views/Academic/ReportsView.swift /Users/yousifalenezi/Documents/Training/MiranApp/Miran/Views/Academic/RiskView.swift /Users/yousifalenezi/Documents/Training/MiranApp/Miran/Services/KeychainService.swift /Users/yousifalenezi/Documents/Training/MiranApp/Miran/Services/APIClient.swift /Users/yousifalenezi/Documents/Training/MiranApp/Miran/Models/APIModels.swift /Users/yousifalenezi/Documents/Training/MiranApp/Miran/ViewModels/AuthViewModel.swift /Users/yousifalenezi/Documents/Training/MiranApp/Miran/ViewModels/TraineeViewModel.swift /Users/yousifalenezi/Documents/Training/MiranApp/Miran/ViewModels/TrainerViewModel.swift /Users/yousifalenezi/Documents/Training/MiranApp/Miran/Views/Auth/LoginView.swift /Users/yousifalenezi/Documents/Training/MiranApp/Miran/Views/Auth/OrgSwitcherSheet.swift /Users/yousifalenezi/Documents/Training/MiranApp/Miran/Views/Trainee/DigitalIDCardView.swift /Users/yousifalenezi/Documents/Training/MiranApp/Miran/Views/Auth/JoiningDeclarationSheet.swift /Users/yousifalenezi/Documents/Training/MiranApp/Miran/Views/OrgMembersView.swift /Users/yousifalenezi/Documents/Training/MiranApp/Miran/Views/SystemAdmin/SystemAdminTabView.swift /Users/yousifalenezi/Documents/Training/MiranApp/Miran/Views/OrgManager/OrgManagerTabView.swift /Users/yousifalenezi/Documents/Training/MiranApp/Miran/Views/Academic/AcademicSupervisorTabView.swift /Users/yousifalenezi/Documents/Training/MiranApp/Miran/Views/TrainingSupervisor/TrainingSupervisorTabView.swift /Users/yousifalenezi/Documents/Training/MiranApp/Miran/Views/SystemAdmin/OrganizationsManagementFullView.swift /Users/yousifalenezi/Documents/Training/MiranApp/Miran/Views/SystemAdmin/UsersAndRolesManagementFullView.swift /Users/yousifalenezi/Documents/Training/MiranApp/Miran/Views/Logbook/ClinicalLogbookManagementFullView.swift /Users/yousifalenezi/Documents/Training/MiranApp/Miran/Views/SystemAdmin/UserDetailRBACView.swift /Users/yousifalenezi/Documents/Training/MiranApp/Miran/Views/OrgManager/OrgManagerDashboardFullView.swift /Users/yousifalenezi/Documents/Training/MiranApp/Miran/Views/Academic/AcademicSupervisorDashboardFullView.swift -primary-file /Users/yousifalenezi/Documents/Training/MiranApp/Miran/Views/TrainingSupervisor/TrainingSupervisorDashboardFullView.swift -primary-file /Users/yousifalenezi/Documents/Training/MiranApp/Miran/Views/Trainer/TrainerDashboardFullView.swift -primary-file /Users/yousifalenezi/Documents/Training/MiranApp/Miran/Views/Trainee/TraineeDashboardFullView.swift -emit-dependencies-path /Users/yousifalenezi/Library/Developer/Xcode/DerivedData/Miran-ezvnyxesttewuzarkrcgsvxrumsd/Build/Intermediates.noindex/Miran.build/Debug-iphoneos/Miran.build/Objects-normal/arm64/TrainingSupervisorDashboardFullView.d -emit-reference-dependencies-path /Users/yousifalenezi/Library/Developer/Xcode/DerivedData/Miran-ezvnyxesttewuzarkrcgsvxrumsd/Build/Intermediates.noindex/Miran.build/Debug-iphoneos/Miran.build/Objects-normal/arm64/TrainingSupervisorDashboardFullView.swiftdeps -serialize-diagnostics-path /Users/yousifalenezi/Library/Developer/Xcode/DerivedData/Miran-ezvnyxesttewuzarkrcgsvxrumsd/Build/Intermediates.noindex/Miran.build/Debug-iphoneos/Miran.build/Objects-normal/arm64/TrainingSupervisorDashboardFullView.dia -emit-dependencies-path /Users/yousifalenezi/Library/Developer/Xcode/DerivedData/Miran-ezvnyxesttewuzarkrcgsvxrumsd/Build/Intermediates.noindex/Miran.build/Debug-iphoneos/Miran.build/Objects-normal/arm64/TrainerDashboardFullView.d -emit-reference-dependencies-path /Users/yousifalenezi/Library/Developer/Xcode/DerivedData/Miran-ezvnyxesttewuzarkrcgsvxrumsd/Build/Intermediates.noindex/Miran.build/Debug-iphoneos/Miran.build/Objects-normal/arm64/TrainerDashboardFullView.swiftdeps -serialize-diagnostics-path /Users/yousifalenezi/Library/Developer/Xcode/DerivedData/Miran-ezvnyxesttewuzarkrcgsvxrumsd/Build/Intermediates.noindex/Miran.build/Debug-iphoneos/Miran.build/Objects-normal/arm64/TrainerDashboardFullView.dia -emit-dependencies-path /Users/yousifalenezi/Library/Developer/Xcode/DerivedData/Miran-ezvnyxesttewuzarkrcgsvxrumsd/Build/Intermediates.noindex/Miran.build/Debug-iphoneos/Miran.build/Objects-normal/arm64/TraineeDashboardFullView.d -emit-reference-dependencies-path /Users/yousifalenezi/Library/Developer/Xcode/DerivedData/Miran-ezvnyxesttewuzarkrcgsvxrumsd/Build/Intermediates.noindex/Miran.build/Debug-iphoneos/Miran.build/Objects-normal/arm64/TraineeDashboardFullView.swiftdeps -serialize-diagnostics-path /Users/yousifalenezi/Library/Developer/Xcode/DerivedData/Miran-ezvnyxesttewuzarkrcgsvxrumsd/Build/Intermediates.noindex/Miran.build/Debug-iphoneos/Miran.build/Objects-normal/arm64/TraineeDashboardFullView.dia -emit-localized-strings -emit-localized-strings-path /Users/yousifalenezi/Library/Developer/Xcode/DerivedData/Miran-ezvnyxesttewuzarkrcgsvxrumsd/Build/Intermediates.noindex/Miran.build/Debug-iphoneos/Miran.build/Objects-normal/arm64 -target arm64-apple-ios16.0 -Xllvm -aarch64-use-tbi -enable-objc-interop -stack-check -sdk /Applications/Xcode.app/Contents/Developer/Platforms/iPhoneOS.platform/Developer/SDKs/iPhoneOS16.2.sdk -I /Users/yousifalenezi/Library/Developer/Xcode/DerivedData/Miran-ezvnyxesttewuzarkrcgsvxrumsd/Build/Products/Debug-iphoneos -F /Users/yousifalenezi/Library/Developer/Xcode/DerivedData/Miran-ezvnyxesttewuzarkrcgsvxrumsd/Build/Products/Debug-iphoneos -no-color-diagnostics -enable-testing -g -module-cache-path /Users/yousifalenezi/Library/Developer/Xcode/DerivedData/ModuleCache.noindex -swift-version 5 -enforce-exclusivity\=checked -Onone -D DEBUG -serialize-debugging-options -enable-bare-slash-regex -empty-abi-descriptor -Xcc -working-directory -Xcc /Users/yousifalenezi/Documents/Training/MiranApp -resource-dir /Applications/Xcode.app/Contents/Developer/Toolchains/XcodeDefault.xctoolchain/usr/lib/swift -enable-anonymous-context-mangled-names -Xcc -I/Users/yousifalenezi/Library/Developer/Xcode/DerivedData/Miran-ezvnyxesttewuzarkrcgsvxrumsd/Build/Intermediates.noindex/Miran.build/Debug-iphoneos/Miran.build/swift-overrides.hmap -Xcc -iquote -Xcc /Users/yousifalenezi/Library/Developer/Xcode/DerivedData/Miran-ezvnyxesttewuzarkrcgsvxrumsd/Build/Intermediates.noindex/Miran.build/Debug-iphoneos/Miran.build/Miran-generated-files.hmap -Xcc -I/Users/yousifalenezi/Library/Developer/Xcode/DerivedData/Miran-ezvnyxesttewuzarkrcgsvxrumsd/Build/Intermediates.noindex/Miran.build/Debug-iphoneos/Miran.build/Miran-own-target-headers.hmap -Xcc -I/Users/yousifalenezi/Library/Developer/Xcode/DerivedData/Miran-ezvnyxesttewuzarkrcgsvxrumsd/Build/Intermediates.noindex/Miran.build/Debug-iphoneos/Miran.build/Miran-all-target-headers.hmap -Xcc -iquote -Xcc /Users/yousifalenezi/Library/Developer/Xcode/DerivedData/Miran-ezvnyxesttewuzarkrcgsvxrumsd/Build/Intermediates.noindex/Miran.build/Debug-iphoneos/Miran.build/Miran-project-headers.hmap -Xcc -I/Users/yousifalenezi/Library/Developer/Xcode/DerivedData/Miran-ezvnyxesttewuzarkrcgsvxrumsd/Build/Products/Debug-iphoneos/include -Xcc -I/Users/yousifalenezi/Library/Developer/Xcode/DerivedData/Miran-ezvnyxesttewuzarkrcgsvxrumsd/Build/Intermediates.noindex/Miran.build/Debug-iphoneos/Miran.build/DerivedSources-normal/arm64 -Xcc -I/Users/yousifalenezi/Library/Developer/Xcode/DerivedData/Miran-ezvnyxesttewuzarkrcgsvxrumsd/Build/Intermediates.noindex/Miran.build/Debug-iphoneos/Miran.build/DerivedSources/arm64 -Xcc -I/Users/yousifalenezi/Library/Developer/Xcode/DerivedData/Miran-ezvnyxesttewuzarkrcgsvxrumsd/Build/Intermediates.noindex/Miran.build/Debug-iphoneos/Miran.build/DerivedSources -Xcc -DDEBUG\=1 -module-name Miran -frontend-parseable-output -disable-clang-spi -target-sdk-version 16.2 -o /Users/yousifalenezi/Library/Developer/Xcode/DerivedData/Miran-ezvnyxesttewuzarkrcgsvxrumsd/Build/Intermediates.noindex/Miran.build/Debug-iphoneos/Miran.build/Objects-normal/arm64/TrainingSupervisorDashboardFullView.o -o /Users/yousifalenezi/Library/Developer/Xcode/DerivedData/Miran-ezvnyxesttewuzarkrcgsvxrumsd/Build/Intermediates.noindex/Miran.build/Debug-iphoneos/Miran.build/Objects-normal/arm64/TrainerDashboardFullView.o -o /Users/yousifalenezi/Library/Developer/Xcode/DerivedData/Miran-ezvnyxesttewuzarkrcgsvxrumsd/Build/Intermediates.noindex/Miran.build/Debug-iphoneos/Miran.build/Objects-normal/arm64/TraineeDashboardFullView.o -index-unit-output-path /Miran.build/Debug-iphoneos/Miran.build/Objects-normal/arm64/TrainingSupervisorDashboardFullView.o -index-unit-output-path /Miran.build/Debug-iphoneos/Miran.build/Objects-normal/arm64/TrainerDashboardFullView.o -index-unit-output-path /Miran.build/Debug-iphoneos/Miran.build/Objects-normal/arm64/TraineeDashboardFullView.o -index-store-path /Users/yousifalenezi/Library/Developer/Xcode/DerivedData/Miran-ezvnyxesttewuzarkrcgsvxrumsd/Index.noindex/DataStore -index-system-modules
CompileSwift normal arm64 /Users/yousifalenezi/Documents/Training/MiranApp/Miran/Views/TrainingSupervisor/TrainingSupervisorDashboardFullView.swift (in target 'Miran' from project 'Miran')
    cd /Users/yousifalenezi/Documents/Training/MiranApp
    /Applications/Xcode.app/Contents/Developer/Toolchains/XcodeDefault.xctoolchain/usr/bin/swift-frontend -c /Users/yousifalenezi/Documents/Training/MiranApp/Miran/MiranApp.swift /Users/yousifalenezi/Documents/Training/MiranApp/Miran/Models/Models.swift /Users/yousifalenezi/Documents/Training/MiranApp/Miran/Models/TrainerCall.swift /Users/yousifalenezi/Documents/Training/MiranApp/Miran/Store/AppStore.swift /Users/yousifalenezi/Documents/Training/MiranApp/Miran/Store/SeedData.swift /Users/yousifalenezi/Documents/Training/MiranApp/Miran/Theme/MiranTheme.swift /Users/yousifalenezi/Documents/Training/MiranApp/Miran/Components/SharedComponents.swift /Users/yousifalenezi/Documents/Training/MiranApp/Miran/Views/RoleSelectionView.swift /Users/yousifalenezi/Documents/Training/MiranApp/Miran/Views/RegistrationView.swift /Users/yousifalenezi/Documents/Training/MiranApp/Miran/Views/Trainee/TraineeTabView.swift /Users/yousifalenezi/Documents/Training/MiranApp/Miran/Views/Trainee/TodayView.swift /Users/yousifalenezi/Documents/Training/MiranApp/Miran/Views/Trainee/ScheduleView.swift /Users/yousifalenezi/Documents/Training/MiranApp/Miran/Views/Trainee/RotationPassportView.swift /Users/yousifalenezi/Documents/Training/MiranApp/Miran/Views/Trainee/DocumentsView.swift /Users/yousifalenezi/Documents/Training/MiranApp/Miran/Views/Trainee/IncomingCallView.swift /Users/yousifalenezi/Documents/Training/MiranApp/Miran/Views/Trainee/TraineeProfileView.swift /Users/yousifalenezi/Documents/Training/MiranApp/Miran/Views/Trainee/ClinicalLogbookView.swift /Users/yousifalenezi/Documents/Training/MiranApp/Miran/Views/Trainer/TrainerTabView.swift /Users/yousifalenezi/Documents/Training/MiranApp/Miran/Views/Trainer/TrainerHomeView.swift /Users/yousifalenezi/Documents/Training/MiranApp/Miran/Views/Trainer/CallLauncherView.swift /Users/yousifalenezi/Documents/Training/MiranApp/Miran/Views/Trainer/LiveCallBoardView.swift /Users/yousifalenezi/Documents/Training/MiranApp/Miran/Views/Trainer/CallCenterView.swift /Users/yousifalenezi/Documents/Training/MiranApp/Miran/Views/Trainer/TraineeDetailView.swift /Users/yousifalenezi/Documents/Training/MiranApp/Miran/Views/Trainer/TrainerPlanView.swift /Users/yousifalenezi/Documents/Training/MiranApp/Miran/Views/Academic/AcademicTabView.swift /Users/yousifalenezi/Documents/Training/MiranApp/Miran/Views/Academic/ApplicationsReviewView.swift /Users/yousifalenezi/Documents/Training/MiranApp/Miran/Views/Academic/AssignmentView.swift /Users/yousifalenezi/Documents/Training/MiranApp/Miran/Views/Academic/ReportsView.swift /Users/yousifalenezi/Documents/Training/MiranApp/Miran/Views/Academic/RiskView.swift /Users/yousifalenezi/Documents/Training/MiranApp/Miran/Services/KeychainService.swift /Users/yousifalenezi/Documents/Training/MiranApp/Miran/Services/APIClient.swift /Users/yousifalenezi/Documents/Training/MiranApp/Miran/Models/APIModels.swift /Users/yousifalenezi/Documents/Training/MiranApp/Miran/ViewModels/AuthViewModel.swift /Users/yousifalenezi/Documents/Training/MiranApp/Miran/ViewModels/TraineeViewModel.swift /Users/yousifalenezi/Documents/Training/MiranApp/Miran/ViewModels/TrainerViewModel.swift /Users/yousifalenezi/Documents/Training/MiranApp/Miran/Views/Auth/LoginView.swift /Users/yousifalenezi/Documents/Training/MiranApp/Miran/Views/Auth/OrgSwitcherSheet.swift /Users/yousifalenezi/Documents/Training/MiranApp/Miran/Views/Trainee/DigitalIDCardView.swift /Users/yousifalenezi/Documents/Training/MiranApp/Miran/Views/Auth/JoiningDeclarationSheet.swift /Users/yousifalenezi/Documents/Training/MiranApp/Miran/Views/OrgMembersView.swift /Users/yousifalenezi/Documents/Training/MiranApp/Miran/Views/SystemAdmin/SystemAdminTabView.swift /Users/yousifalenezi/Documents/Training/MiranApp/Miran/Views/OrgManager/OrgManagerTabView.swift /Users/yousifalenezi/Documents/Training/MiranApp/Miran/Views/Academic/AcademicSupervisorTabView.swift /Users/yousifalenezi/Documents/Training/MiranApp/Miran/Views/TrainingSupervisor/TrainingSupervisorTabView.swift /Users/yousifalenezi/Documents/Training/MiranApp/Miran/Views/SystemAdmin/OrganizationsManagementFullView.swift /Users/yousifalenezi/Documents/Training/MiranApp/Miran/Views/SystemAdmin/UsersAndRolesManagementFullView.swift /Users/yousifalenezi/Documents/Training/MiranApp/Miran/Views/Logbook/ClinicalLogbookManagementFullView.swift /Users/yousifalenezi/Documents/Training/MiranApp/Miran/Views/SystemAdmin/UserDetailRBACView.swift /Users/yousifalenezi/Documents/Training/MiranApp/Miran/Views/OrgManager/OrgManagerDashboardFullView.swift /Users/yousifalenezi/Documents/Training/MiranApp/Miran/Views/Academic/AcademicSupervisorDashboardFullView.swift -primary-file /Users/yousifalenezi/Documents/Training/MiranApp/Miran/Views/TrainingSupervisor/TrainingSupervisorDashboardFullView.swift -primary-file /Users/yousifalenezi/Documents/Training/MiranApp/Miran/Views/Trainer/TrainerDashboardFullView.swift -primary-file /Users/yousifalenezi/Documents/Training/MiranApp/Miran/Views/Trainee/TraineeDashboardFullView.swift -emit-dependencies-path /Users/yousifalenezi/Library/Developer/Xcode/DerivedData/Miran-ezvnyxesttewuzarkrcgsvxrumsd/Build/Intermediates.noindex/Miran.build/Debug-iphoneos/Miran.build/Objects-normal/arm64/TrainingSupervisorDashboardFullView.d -emit-reference-dependencies-path /Users/yousifalenezi/Library/Developer/Xcode/DerivedData/Miran-ezvnyxesttewuzarkrcgsvxrumsd/Build/Intermediates.noindex/Miran.build/Debug-iphoneos/Miran.build/Objects-normal/arm64/TrainingSupervisorDashboardFullView.swiftdeps -serialize-diagnostics-path /Users/yousifalenezi/Library/Developer/Xcode/DerivedData/Miran-ezvnyxesttewuzarkrcgsvxrumsd/Build/Intermediates.noindex/Miran.build/Debug-iphoneos/Miran.build/Objects-normal/arm64/TrainingSupervisorDashboardFullView.dia -emit-dependencies-path /Users/yousifalenezi/Library/Developer/Xcode/DerivedData/Miran-ezvnyxesttewuzarkrcgsvxrumsd/Build/Intermediates.noindex/Miran.build/Debug-iphoneos/Miran.build/Objects-normal/arm64/TrainerDashboardFullView.d -emit-reference-dependencies-path /Users/yousifalenezi/Library/Developer/Xcode/DerivedData/Miran-ezvnyxesttewuzarkrcgsvxrumsd/Build/Intermediates.noindex/Miran.build/Debug-iphoneos/Miran.build/Objects-normal/arm64/TrainerDashboardFullView.swiftdeps -serialize-diagnostics-path /Users/yousifalenezi/Library/Developer/Xcode/DerivedData/Miran-ezvnyxesttewuzarkrcgsvxrumsd/Build/Intermediates.noindex/Miran.build/Debug-iphoneos/Miran.build/Objects-normal/arm64/TrainerDashboardFullView.dia -emit-dependencies-path /Users/yousifalenezi/Library/Developer/Xcode/DerivedData/Miran-ezvnyxesttewuzarkrcgsvxrumsd/Build/Intermediates.noindex/Miran.build/Debug-iphoneos/Miran.build/Objects-normal/arm64/TraineeDashboardFullView.d -emit-reference-dependencies-path /Users/yousifalenezi/Library/Developer/Xcode/DerivedData/Miran-ezvnyxesttewuzarkrcgsvxrumsd/Build/Intermediates.noindex/Miran.build/Debug-iphoneos/Miran.build/Objects-normal/arm64/TraineeDashboardFullView.swiftdeps -serialize-diagnostics-path /Users/yousifalenezi/Library/Developer/Xcode/DerivedData/Miran-ezvnyxesttewuzarkrcgsvxrumsd/Build/Intermediates.noindex/Miran.build/Debug-iphoneos/Miran.build/Objects-normal/arm64/TraineeDashboardFullView.dia -emit-localized-strings -emit-localized-strings-path /Users/yousifalenezi/Library/Developer/Xcode/DerivedData/Miran-ezvnyxesttewuzarkrcgsvxrumsd/Build/Intermediates.noindex/Miran.build/Debug-iphoneos/Miran.build/Objects-normal/arm64 -target arm64-apple-ios16.0 -Xllvm -aarch64-use-tbi -enable-objc-interop -stack-check -sdk /Applications/Xcode.app/Contents/Developer/Platforms/iPhoneOS.platform/Developer/SDKs/iPhoneOS16.2.sdk -I /Users/yousifalenezi/Library/Developer/Xcode/DerivedData/Miran-ezvnyxesttewuzarkrcgsvxrumsd/Build/Products/Debug-iphoneos -F /Users/yousifalenezi/Library/Developer/Xcode/DerivedData/Miran-ezvnyxesttewuzarkrcgsvxrumsd/Build/Products/Debug-iphoneos -no-color-diagnostics -enable-testing -g -module-cache-path /Users/yousifalenezi/Library/Developer/Xcode/DerivedData/ModuleCache.noindex -swift-version 5 -enforce-exclusivity\=checked -Onone -D DEBUG -serialize-debugging-options -enable-bare-slash-regex -empty-abi-descriptor -Xcc -working-directory -Xcc /Users/yousifalenezi/Documents/Training/MiranApp -resource-dir /Applications/Xcode.app/Contents/Developer/Toolchains/XcodeDefault.xctoolchain/usr/lib/swift -enable-anonymous-context-mangled-names -Xcc -I/Users/yousifalenezi/Library/Developer/Xcode/DerivedData/Miran-ezvnyxesttewuzarkrcgsvxrumsd/Build/Intermediates.noindex/Miran.build/Debug-iphoneos/Miran.build/swift-overrides.hmap -Xcc -iquote -Xcc /Users/yousifalenezi/Library/Developer/Xcode/DerivedData/Miran-ezvnyxesttewuzarkrcgsvxrumsd/Build/Intermediates.noindex/Miran.build/Debug-iphoneos/Miran.build/Miran-generated-files.hmap -Xcc -I/Users/yousifalenezi/Library/Developer/Xcode/DerivedData/Miran-ezvnyxesttewuzarkrcgsvxrumsd/Build/Intermediates.noindex/Miran.build/Debug-iphoneos/Miran.build/Miran-own-target-headers.hmap -Xcc -I/Users/yousifalenezi/Library/Developer/Xcode/DerivedData/Miran-ezvnyxesttewuzarkrcgsvxrumsd/Build/Intermediates.noindex/Miran.build/Debug-iphoneos/Miran.build/Miran-all-target-headers.hmap -Xcc -iquote -Xcc /Users/yousifalenezi/Library/Developer/Xcode/DerivedData/Miran-ezvnyxesttewuzarkrcgsvxrumsd/Build/Intermediates.noindex/Miran.build/Debug-iphoneos/Miran.build/Miran-project-headers.hmap -Xcc -I/Users/yousifalenezi/Library/Developer/Xcode/DerivedData/Miran-ezvnyxesttewuzarkrcgsvxrumsd/Build/Products/Debug-iphoneos/include -Xcc -I/Users/yousifalenezi/Library/Developer/Xcode/DerivedData/Miran-ezvnyxesttewuzarkrcgsvxrumsd/Build/Intermediates.noindex/Miran.build/Debug-iphoneos/Miran.build/DerivedSources-normal/arm64 -Xcc -I/Users/yousifalenezi/Library/Developer/Xcode/DerivedData/Miran-ezvnyxesttewuzarkrcgsvxrumsd/Build/Intermediates.noindex/Miran.build/Debug-iphoneos/Miran.build/DerivedSources/arm64 -Xcc -I/Users/yousifalenezi/Library/Developer/Xcode/DerivedData/Miran-ezvnyxesttewuzarkrcgsvxrumsd/Build/Intermediates.noindex/Miran.build/Debug-iphoneos/Miran.build/DerivedSources -Xcc -DDEBUG\=1 -module-name Miran -frontend-parseable-output -disable-clang-spi -target-sdk-version 16.2 -o /Users/yousifalenezi/Library/Developer/Xcode/DerivedData/Miran-ezvnyxesttewuzarkrcgsvxrumsd/Build/Intermediates.noindex/Miran.build/Debug-iphoneos/Miran.build/Objects-normal/arm64/TrainingSupervisorDashboardFullView.o -o /Users/yousifalenezi/Library/Developer/Xcode/DerivedData/Miran-ezvnyxesttewuzarkrcgsvxrumsd/Build/Intermediates.noindex/Miran.build/Debug-iphoneos/Miran.build/Objects-normal/arm64/TrainerDashboardFullView.o -o /Users/yousifalenezi/Library/Developer/Xcode/DerivedData/Miran-ezvnyxesttewuzarkrcgsvxrumsd/Build/Intermediates.noindex/Miran.build/Debug-iphoneos/Miran.build/Objects-normal/arm64/TraineeDashboardFullView.o -index-unit-output-path /Miran.build/Debug-iphoneos/Miran.build/Objects-normal/arm64/TrainingSupervisorDashboardFullView.o -index-unit-output-path /Miran.build/Debug-iphoneos/Miran.build/Objects-normal/arm64/TrainerDashboardFullView.o -index-unit-output-path /Miran.build/Debug-iphoneos/Miran.build/Objects-normal/arm64/TraineeDashboardFullView.o -index-store-path /Users/yousifalenezi/Library/Developer/Xcode/DerivedData/Miran-ezvnyxesttewuzarkrcgsvxrumsd/Index.noindex/DataStore -index-system-modules

CompileSwift normal arm64 /Users/yousifalenezi/Documents/Training/MiranApp/Miran/Views/Trainer/TrainerDashboardFullView.swift (in target 'Miran' from project 'Miran')
    cd /Users/yousifalenezi/Documents/Training/MiranApp
    /Applications/Xcode.app/Contents/Developer/Toolchains/XcodeDefault.xctoolchain/usr/bin/swift-frontend -c /Users/yousifalenezi/Documents/Training/MiranApp/Miran/MiranApp.swift /Users/yousifalenezi/Documents/Training/MiranApp/Miran/Models/Models.swift /Users/yousifalenezi/Documents/Training/MiranApp/Miran/Models/TrainerCall.swift /Users/yousifalenezi/Documents/Training/MiranApp/Miran/Store/AppStore.swift /Users/yousifalenezi/Documents/Training/MiranApp/Miran/Store/SeedData.swift /Users/yousifalenezi/Documents/Training/MiranApp/Miran/Theme/MiranTheme.swift /Users/yousifalenezi/Documents/Training/MiranApp/Miran/Components/SharedComponents.swift /Users/yousifalenezi/Documents/Training/MiranApp/Miran/Views/RoleSelectionView.swift /Users/yousifalenezi/Documents/Training/MiranApp/Miran/Views/RegistrationView.swift /Users/yousifalenezi/Documents/Training/MiranApp/Miran/Views/Trainee/TraineeTabView.swift /Users/yousifalenezi/Documents/Training/MiranApp/Miran/Views/Trainee/TodayView.swift /Users/yousifalenezi/Documents/Training/MiranApp/Miran/Views/Trainee/ScheduleView.swift /Users/yousifalenezi/Documents/Training/MiranApp/Miran/Views/Trainee/RotationPassportView.swift /Users/yousifalenezi/Documents/Training/MiranApp/Miran/Views/Trainee/DocumentsView.swift /Users/yousifalenezi/Documents/Training/MiranApp/Miran/Views/Trainee/IncomingCallView.swift /Users/yousifalenezi/Documents/Training/MiranApp/Miran/Views/Trainee/TraineeProfileView.swift /Users/yousifalenezi/Documents/Training/MiranApp/Miran/Views/Trainee/ClinicalLogbookView.swift /Users/yousifalenezi/Documents/Training/MiranApp/Miran/Views/Trainer/TrainerTabView.swift /Users/yousifalenezi/Documents/Training/MiranApp/Miran/Views/Trainer/TrainerHomeView.swift /Users/yousifalenezi/Documents/Training/MiranApp/Miran/Views/Trainer/CallLauncherView.swift /Users/yousifalenezi/Documents/Training/MiranApp/Miran/Views/Trainer/LiveCallBoardView.swift /Users/yousifalenezi/Documents/Training/MiranApp/Miran/Views/Trainer/CallCenterView.swift /Users/yousifalenezi/Documents/Training/MiranApp/Miran/Views/Trainer/TraineeDetailView.swift /Users/yousifalenezi/Documents/Training/MiranApp/Miran/Views/Trainer/TrainerPlanView.swift /Users/yousifalenezi/Documents/Training/MiranApp/Miran/Views/Academic/AcademicTabView.swift /Users/yousifalenezi/Documents/Training/MiranApp/Miran/Views/Academic/ApplicationsReviewView.swift /Users/yousifalenezi/Documents/Training/MiranApp/Miran/Views/Academic/AssignmentView.swift /Users/yousifalenezi/Documents/Training/MiranApp/Miran/Views/Academic/ReportsView.swift /Users/yousifalenezi/Documents/Training/MiranApp/Miran/Views/Academic/RiskView.swift /Users/yousifalenezi/Documents/Training/MiranApp/Miran/Services/KeychainService.swift /Users/yousifalenezi/Documents/Training/MiranApp/Miran/Services/APIClient.swift /Users/yousifalenezi/Documents/Training/MiranApp/Miran/Models/APIModels.swift /Users/yousifalenezi/Documents/Training/MiranApp/Miran/ViewModels/AuthViewModel.swift /Users/yousifalenezi/Documents/Training/MiranApp/Miran/ViewModels/TraineeViewModel.swift /Users/yousifalenezi/Documents/Training/MiranApp/Miran/ViewModels/TrainerViewModel.swift /Users/yousifalenezi/Documents/Training/MiranApp/Miran/Views/Auth/LoginView.swift /Users/yousifalenezi/Documents/Training/MiranApp/Miran/Views/Auth/OrgSwitcherSheet.swift /Users/yousifalenezi/Documents/Training/MiranApp/Miran/Views/Trainee/DigitalIDCardView.swift /Users/yousifalenezi/Documents/Training/MiranApp/Miran/Views/Auth/JoiningDeclarationSheet.swift /Users/yousifalenezi/Documents/Training/MiranApp/Miran/Views/OrgMembersView.swift /Users/yousifalenezi/Documents/Training/MiranApp/Miran/Views/SystemAdmin/SystemAdminTabView.swift /Users/yousifalenezi/Documents/Training/MiranApp/Miran/Views/OrgManager/OrgManagerTabView.swift /Users/yousifalenezi/Documents/Training/MiranApp/Miran/Views/Academic/AcademicSupervisorTabView.swift /Users/yousifalenezi/Documents/Training/MiranApp/Miran/Views/TrainingSupervisor/TrainingSupervisorTabView.swift /Users/yousifalenezi/Documents/Training/MiranApp/Miran/Views/SystemAdmin/OrganizationsManagementFullView.swift /Users/yousifalenezi/Documents/Training/MiranApp/Miran/Views/SystemAdmin/UsersAndRolesManagementFullView.swift /Users/yousifalenezi/Documents/Training/MiranApp/Miran/Views/Logbook/ClinicalLogbookManagementFullView.swift /Users/yousifalenezi/Documents/Training/MiranApp/Miran/Views/SystemAdmin/UserDetailRBACView.swift /Users/yousifalenezi/Documents/Training/MiranApp/Miran/Views/OrgManager/OrgManagerDashboardFullView.swift /Users/yousifalenezi/Documents/Training/MiranApp/Miran/Views/Academic/AcademicSupervisorDashboardFullView.swift -primary-file /Users/yousifalenezi/Documents/Training/MiranApp/Miran/Views/TrainingSupervisor/TrainingSupervisorDashboardFullView.swift -primary-file /Users/yousifalenezi/Documents/Training/MiranApp/Miran/Views/Trainer/TrainerDashboardFullView.swift -primary-file /Users/yousifalenezi/Documents/Training/MiranApp/Miran/Views/Trainee/TraineeDashboardFullView.swift -emit-dependencies-path /Users/yousifalenezi/Library/Developer/Xcode/DerivedData/Miran-ezvnyxesttewuzarkrcgsvxrumsd/Build/Intermediates.noindex/Miran.build/Debug-iphoneos/Miran.build/Objects-normal/arm64/TrainingSupervisorDashboardFullView.d -emit-reference-dependencies-path /Users/yousifalenezi/Library/Developer/Xcode/DerivedData/Miran-ezvnyxesttewuzarkrcgsvxrumsd/Build/Intermediates.noindex/Miran.build/Debug-iphoneos/Miran.build/Objects-normal/arm64/TrainingSupervisorDashboardFullView.swiftdeps -serialize-diagnostics-path /Users/yousifalenezi/Library/Developer/Xcode/DerivedData/Miran-ezvnyxesttewuzarkrcgsvxrumsd/Build/Intermediates.noindex/Miran.build/Debug-iphoneos/Miran.build/Objects-normal/arm64/TrainingSupervisorDashboardFullView.dia -emit-dependencies-path /Users/yousifalenezi/Library/Developer/Xcode/DerivedData/Miran-ezvnyxesttewuzarkrcgsvxrumsd/Build/Intermediates.noindex/Miran.build/Debug-iphoneos/Miran.build/Objects-normal/arm64/TrainerDashboardFullView.d -emit-reference-dependencies-path /Users/yousifalenezi/Library/Developer/Xcode/DerivedData/Miran-ezvnyxesttewuzarkrcgsvxrumsd/Build/Intermediates.noindex/Miran.build/Debug-iphoneos/Miran.build/Objects-normal/arm64/TrainerDashboardFullView.swiftdeps -serialize-diagnostics-path /Users/yousifalenezi/Library/Developer/Xcode/DerivedData/Miran-ezvnyxesttewuzarkrcgsvxrumsd/Build/Intermediates.noindex/Miran.build/Debug-iphoneos/Miran.build/Objects-normal/arm64/TrainerDashboardFullView.dia -emit-dependencies-path /Users/yousifalenezi/Library/Developer/Xcode/DerivedData/Miran-ezvnyxesttewuzarkrcgsvxrumsd/Build/Intermediates.noindex/Miran.build/Debug-iphoneos/Miran.build/Objects-normal/arm64/TraineeDashboardFullView.d -emit-reference-dependencies-path /Users/yousifalenezi/Library/Developer/Xcode/DerivedData/Miran-ezvnyxesttewuzarkrcgsvxrumsd/Build/Intermediates.noindex/Miran.build/Debug-iphoneos/Miran.build/Objects-normal/arm64/TraineeDashboardFullView.swiftdeps -serialize-diagnostics-path /Users/yousifalenezi/Library/Developer/Xcode/DerivedData/Miran-ezvnyxesttewuzarkrcgsvxrumsd/Build/Intermediates.noindex/Miran.build/Debug-iphoneos/Miran.build/Objects-normal/arm64/TraineeDashboardFullView.dia -emit-localized-strings -emit-localized-strings-path /Users/yousifalenezi/Library/Developer/Xcode/DerivedData/Miran-ezvnyxesttewuzarkrcgsvxrumsd/Build/Intermediates.noindex/Miran.build/Debug-iphoneos/Miran.build/Objects-normal/arm64 -target arm64-apple-ios16.0 -Xllvm -aarch64-use-tbi -enable-objc-interop -stack-check -sdk /Applications/Xcode.app/Contents/Developer/Platforms/iPhoneOS.platform/Developer/SDKs/iPhoneOS16.2.sdk -I /Users/yousifalenezi/Library/Developer/Xcode/DerivedData/Miran-ezvnyxesttewuzarkrcgsvxrumsd/Build/Products/Debug-iphoneos -F /Users/yousifalenezi/Library/Developer/Xcode/DerivedData/Miran-ezvnyxesttewuzarkrcgsvxrumsd/Build/Products/Debug-iphoneos -no-color-diagnostics -enable-testing -g -module-cache-path /Users/yousifalenezi/Library/Developer/Xcode/DerivedData/ModuleCache.noindex -swift-version 5 -enforce-exclusivity\=checked -Onone -D DEBUG -serialize-debugging-options -enable-bare-slash-regex -empty-abi-descriptor -Xcc -working-directory -Xcc /Users/yousifalenezi/Documents/Training/MiranApp -resource-dir /Applications/Xcode.app/Contents/Developer/Toolchains/XcodeDefault.xctoolchain/usr/lib/swift -enable-anonymous-context-mangled-names -Xcc -I/Users/yousifalenezi/Library/Developer/Xcode/DerivedData/Miran-ezvnyxesttewuzarkrcgsvxrumsd/Build/Intermediates.noindex/Miran.build/Debug-iphoneos/Miran.build/swift-overrides.hmap -Xcc -iquote -Xcc /Users/yousifalenezi/Library/Developer/Xcode/DerivedData/Miran-ezvnyxesttewuzarkrcgsvxrumsd/Build/Intermediates.noindex/Miran.build/Debug-iphoneos/Miran.build/Miran-generated-files.hmap -Xcc -I/Users/yousifalenezi/Library/Developer/Xcode/DerivedData/Miran-ezvnyxesttewuzarkrcgsvxrumsd/Build/Intermediates.noindex/Miran.build/Debug-iphoneos/Miran.build/Miran-own-target-headers.hmap -Xcc -I/Users/yousifalenezi/Library/Developer/Xcode/DerivedData/Miran-ezvnyxesttewuzarkrcgsvxrumsd/Build/Intermediates.noindex/Miran.build/Debug-iphoneos/Miran.build/Miran-all-target-headers.hmap -Xcc -iquote -Xcc /Users/yousifalenezi/Library/Developer/Xcode/DerivedData/Miran-ezvnyxesttewuzarkrcgsvxrumsd/Build/Intermediates.noindex/Miran.build/Debug-iphoneos/Miran.build/Miran-project-headers.hmap -Xcc -I/Users/yousifalenezi/Library/Developer/Xcode/DerivedData/Miran-ezvnyxesttewuzarkrcgsvxrumsd/Build/Products/Debug-iphoneos/include -Xcc -I/Users/yousifalenezi/Library/Developer/Xcode/DerivedData/Miran-ezvnyxesttewuzarkrcgsvxrumsd/Build/Intermediates.noindex/Miran.build/Debug-iphoneos/Miran.build/DerivedSources-normal/arm64 -Xcc -I/Users/yousifalenezi/Library/Developer/Xcode/DerivedData/Miran-ezvnyxesttewuzarkrcgsvxrumsd/Build/Intermediates.noindex/Miran.build/Debug-iphoneos/Miran.build/DerivedSources/arm64 -Xcc -I/Users/yousifalenezi/Library/Developer/Xcode/DerivedData/Miran-ezvnyxesttewuzarkrcgsvxrumsd/Build/Intermediates.noindex/Miran.build/Debug-iphoneos/Miran.build/DerivedSources -Xcc -DDEBUG\=1 -module-name Miran -frontend-parseable-output -disable-clang-spi -target-sdk-version 16.2 -o /Users/yousifalenezi/Library/Developer/Xcode/DerivedData/Miran-ezvnyxesttewuzarkrcgsvxrumsd/Build/Intermediates.noindex/Miran.build/Debug-iphoneos/Miran.build/Objects-normal/arm64/TrainingSupervisorDashboardFullView.o -o /Users/yousifalenezi/Library/Developer/Xcode/DerivedData/Miran-ezvnyxesttewuzarkrcgsvxrumsd/Build/Intermediates.noindex/Miran.build/Debug-iphoneos/Miran.build/Objects-normal/arm64/TrainerDashboardFullView.o -o /Users/yousifalenezi/Library/Developer/Xcode/DerivedData/Miran-ezvnyxesttewuzarkrcgsvxrumsd/Build/Intermediates.noindex/Miran.build/Debug-iphoneos/Miran.build/Objects-normal/arm64/TraineeDashboardFullView.o -index-unit-output-path /Miran.build/Debug-iphoneos/Miran.build/Objects-normal/arm64/TrainingSupervisorDashboardFullView.o -index-unit-output-path /Miran.build/Debug-iphoneos/Miran.build/Objects-normal/arm64/TrainerDashboardFullView.o -index-unit-output-path /Miran.build/Debug-iphoneos/Miran.build/Objects-normal/arm64/TraineeDashboardFullView.o -index-store-path /Users/yousifalenezi/Library/Developer/Xcode/DerivedData/Miran-ezvnyxesttewuzarkrcgsvxrumsd/Index.noindex/DataStore -index-system-modules

CompileSwift normal arm64 /Users/yousifalenezi/Documents/Training/MiranApp/Miran/Views/Trainee/TraineeDashboardFullView.swift (in target 'Miran' from project 'Miran')
    cd /Users/yousifalenezi/Documents/Training/MiranApp
    /Applications/Xcode.app/Contents/Developer/Toolchains/XcodeDefault.xctoolchain/usr/bin/swift-frontend -c /Users/yousifalenezi/Documents/Training/MiranApp/Miran/MiranApp.swift /Users/yousifalenezi/Documents/Training/MiranApp/Miran/Models/Models.swift /Users/yousifalenezi/Documents/Training/MiranApp/Miran/Models/TrainerCall.swift /Users/yousifalenezi/Documents/Training/MiranApp/Miran/Store/AppStore.swift /Users/yousifalenezi/Documents/Training/MiranApp/Miran/Store/SeedData.swift /Users/yousifalenezi/Documents/Training/MiranApp/Miran/Theme/MiranTheme.swift /Users/yousifalenezi/Documents/Training/MiranApp/Miran/Components/SharedComponents.swift /Users/yousifalenezi/Documents/Training/MiranApp/Miran/Views/RoleSelectionView.swift /Users/yousifalenezi/Documents/Training/MiranApp/Miran/Views/RegistrationView.swift /Users/yousifalenezi/Documents/Training/MiranApp/Miran/Views/Trainee/TraineeTabView.swift /Users/yousifalenezi/Documents/Training/MiranApp/Miran/Views/Trainee/TodayView.swift /Users/yousifalenezi/Documents/Training/MiranApp/Miran/Views/Trainee/ScheduleView.swift /Users/yousifalenezi/Documents/Training/MiranApp/Miran/Views/Trainee/RotationPassportView.swift /Users/yousifalenezi/Documents/Training/MiranApp/Miran/Views/Trainee/DocumentsView.swift /Users/yousifalenezi/Documents/Training/MiranApp/Miran/Views/Trainee/IncomingCallView.swift /Users/yousifalenezi/Documents/Training/MiranApp/Miran/Views/Trainee/TraineeProfileView.swift /Users/yousifalenezi/Documents/Training/MiranApp/Miran/Views/Trainee/ClinicalLogbookView.swift /Users/yousifalenezi/Documents/Training/MiranApp/Miran/Views/Trainer/TrainerTabView.swift /Users/yousifalenezi/Documents/Training/MiranApp/Miran/Views/Trainer/TrainerHomeView.swift /Users/yousifalenezi/Documents/Training/MiranApp/Miran/Views/Trainer/CallLauncherView.swift /Users/yousifalenezi/Documents/Training/MiranApp/Miran/Views/Trainer/LiveCallBoardView.swift /Users/yousifalenezi/Documents/Training/MiranApp/Miran/Views/Trainer/CallCenterView.swift /Users/yousifalenezi/Documents/Training/MiranApp/Miran/Views/Trainer/TraineeDetailView.swift /Users/yousifalenezi/Documents/Training/MiranApp/Miran/Views/Trainer/TrainerPlanView.swift /Users/yousifalenezi/Documents/Training/MiranApp/Miran/Views/Academic/AcademicTabView.swift /Users/yousifalenezi/Documents/Training/MiranApp/Miran/Views/Academic/ApplicationsReviewView.swift /Users/yousifalenezi/Documents/Training/MiranApp/Miran/Views/Academic/AssignmentView.swift /Users/yousifalenezi/Documents/Training/MiranApp/Miran/Views/Academic/ReportsView.swift /Users/yousifalenezi/Documents/Training/MiranApp/Miran/Views/Academic/RiskView.swift /Users/yousifalenezi/Documents/Training/MiranApp/Miran/Services/KeychainService.swift /Users/yousifalenezi/Documents/Training/MiranApp/Miran/Services/APIClient.swift /Users/yousifalenezi/Documents/Training/MiranApp/Miran/Models/APIModels.swift /Users/yousifalenezi/Documents/Training/MiranApp/Miran/ViewModels/AuthViewModel.swift /Users/yousifalenezi/Documents/Training/MiranApp/Miran/ViewModels/TraineeViewModel.swift /Users/yousifalenezi/Documents/Training/MiranApp/Miran/ViewModels/TrainerViewModel.swift /Users/yousifalenezi/Documents/Training/MiranApp/Miran/Views/Auth/LoginView.swift /Users/yousifalenezi/Documents/Training/MiranApp/Miran/Views/Auth/OrgSwitcherSheet.swift /Users/yousifalenezi/Documents/Training/MiranApp/Miran/Views/Trainee/DigitalIDCardView.swift /Users/yousifalenezi/Documents/Training/MiranApp/Miran/Views/Auth/JoiningDeclarationSheet.swift /Users/yousifalenezi/Documents/Training/MiranApp/Miran/Views/OrgMembersView.swift /Users/yousifalenezi/Documents/Training/MiranApp/Miran/Views/SystemAdmin/SystemAdminTabView.swift /Users/yousifalenezi/Documents/Training/MiranApp/Miran/Views/OrgManager/OrgManagerTabView.swift /Users/yousifalenezi/Documents/Training/MiranApp/Miran/Views/Academic/AcademicSupervisorTabView.swift /Users/yousifalenezi/Documents/Training/MiranApp/Miran/Views/TrainingSupervisor/TrainingSupervisorTabView.swift /Users/yousifalenezi/Documents/Training/MiranApp/Miran/Views/SystemAdmin/OrganizationsManagementFullView.swift /Users/yousifalenezi/Documents/Training/MiranApp/Miran/Views/SystemAdmin/UsersAndRolesManagementFullView.swift /Users/yousifalenezi/Documents/Training/MiranApp/Miran/Views/Logbook/ClinicalLogbookManagementFullView.swift /Users/yousifalenezi/Documents/Training/MiranApp/Miran/Views/SystemAdmin/UserDetailRBACView.swift /Users/yousifalenezi/Documents/Training/MiranApp/Miran/Views/OrgManager/OrgManagerDashboardFullView.swift /Users/yousifalenezi/Documents/Training/MiranApp/Miran/Views/Academic/AcademicSupervisorDashboardFullView.swift -primary-file /Users/yousifalenezi/Documents/Training/MiranApp/Miran/Views/TrainingSupervisor/TrainingSupervisorDashboardFullView.swift -primary-file /Users/yousifalenezi/Documents/Training/MiranApp/Miran/Views/Trainer/TrainerDashboardFullView.swift -primary-file /Users/yousifalenezi/Documents/Training/MiranApp/Miran/Views/Trainee/TraineeDashboardFullView.swift -emit-dependencies-path /Users/yousifalenezi/Library/Developer/Xcode/DerivedData/Miran-ezvnyxesttewuzarkrcgsvxrumsd/Build/Intermediates.noindex/Miran.build/Debug-iphoneos/Miran.build/Objects-normal/arm64/TrainingSupervisorDashboardFullView.d -emit-reference-dependencies-path /Users/yousifalenezi/Library/Developer/Xcode/DerivedData/Miran-ezvnyxesttewuzarkrcgsvxrumsd/Build/Intermediates.noindex/Miran.build/Debug-iphoneos/Miran.build/Objects-normal/arm64/TrainingSupervisorDashboardFullView.swiftdeps -serialize-diagnostics-path /Users/yousifalenezi/Library/Developer/Xcode/DerivedData/Miran-ezvnyxesttewuzarkrcgsvxrumsd/Build/Intermediates.noindex/Miran.build/Debug-iphoneos/Miran.build/Objects-normal/arm64/TrainingSupervisorDashboardFullView.dia -emit-dependencies-path /Users/yousifalenezi/Library/Developer/Xcode/DerivedData/Miran-ezvnyxesttewuzarkrcgsvxrumsd/Build/Intermediates.noindex/Miran.build/Debug-iphoneos/Miran.build/Objects-normal/arm64/TrainerDashboardFullView.d -emit-reference-dependencies-path /Users/yousifalenezi/Library/Developer/Xcode/DerivedData/Miran-ezvnyxesttewuzarkrcgsvxrumsd/Build/Intermediates.noindex/Miran.build/Debug-iphoneos/Miran.build/Objects-normal/arm64/TrainerDashboardFullView.swiftdeps -serialize-diagnostics-path /Users/yousifalenezi/Library/Developer/Xcode/DerivedData/Miran-ezvnyxesttewuzarkrcgsvxrumsd/Build/Intermediates.noindex/Miran.build/Debug-iphoneos/Miran.build/Objects-normal/arm64/TrainerDashboardFullView.dia -emit-dependencies-path /Users/yousifalenezi/Library/Developer/Xcode/DerivedData/Miran-ezvnyxesttewuzarkrcgsvxrumsd/Build/Intermediates.noindex/Miran.build/Debug-iphoneos/Miran.build/Objects-normal/arm64/TraineeDashboardFullView.d -emit-reference-dependencies-path /Users/yousifalenezi/Library/Developer/Xcode/DerivedData/Miran-ezvnyxesttewuzarkrcgsvxrumsd/Build/Intermediates.noindex/Miran.build/Debug-iphoneos/Miran.build/Objects-normal/arm64/TraineeDashboardFullView.swiftdeps -serialize-diagnostics-path /Users/yousifalenezi/Library/Developer/Xcode/DerivedData/Miran-ezvnyxesttewuzarkrcgsvxrumsd/Build/Intermediates.noindex/Miran.build/Debug-iphoneos/Miran.build/Objects-normal/arm64/TraineeDashboardFullView.dia -emit-localized-strings -emit-localized-strings-path /Users/yousifalenezi/Library/Developer/Xcode/DerivedData/Miran-ezvnyxesttewuzarkrcgsvxrumsd/Build/Intermediates.noindex/Miran.build/Debug-iphoneos/Miran.build/Objects-normal/arm64 -target arm64-apple-ios16.0 -Xllvm -aarch64-use-tbi -enable-objc-interop -stack-check -sdk /Applications/Xcode.app/Contents/Developer/Platforms/iPhoneOS.platform/Developer/SDKs/iPhoneOS16.2.sdk -I /Users/yousifalenezi/Library/Developer/Xcode/DerivedData/Miran-ezvnyxesttewuzarkrcgsvxrumsd/Build/Products/Debug-iphoneos -F /Users/yousifalenezi/Library/Developer/Xcode/DerivedData/Miran-ezvnyxesttewuzarkrcgsvxrumsd/Build/Products/Debug-iphoneos -no-color-diagnostics -enable-testing -g -module-cache-path /Users/yousifalenezi/Library/Developer/Xcode/DerivedData/ModuleCache.noindex -swift-version 5 -enforce-exclusivity\=checked -Onone -D DEBUG -serialize-debugging-options -enable-bare-slash-regex -empty-abi-descriptor -Xcc -working-directory -Xcc /Users/yousifalenezi/Documents/Training/MiranApp -resource-dir /Applications/Xcode.app/Contents/Developer/Toolchains/XcodeDefault.xctoolchain/usr/lib/swift -enable-anonymous-context-mangled-names -Xcc -I/Users/yousifalenezi/Library/Developer/Xcode/DerivedData/Miran-ezvnyxesttewuzarkrcgsvxrumsd/Build/Intermediates.noindex/Miran.build/Debug-iphoneos/Miran.build/swift-overrides.hmap -Xcc -iquote -Xcc /Users/yousifalenezi/Library/Developer/Xcode/DerivedData/Miran-ezvnyxesttewuzarkrcgsvxrumsd/Build/Intermediates.noindex/Miran.build/Debug-iphoneos/Miran.build/Miran-generated-files.hmap -Xcc -I/Users/yousifalenezi/Library/Developer/Xcode/DerivedData/Miran-ezvnyxesttewuzarkrcgsvxrumsd/Build/Intermediates.noindex/Miran.build/Debug-iphoneos/Miran.build/Miran-own-target-headers.hmap -Xcc -I/Users/yousifalenezi/Library/Developer/Xcode/DerivedData/Miran-ezvnyxesttewuzarkrcgsvxrumsd/Build/Intermediates.noindex/Miran.build/Debug-iphoneos/Miran.build/Miran-all-target-headers.hmap -Xcc -iquote -Xcc /Users/yousifalenezi/Library/Developer/Xcode/DerivedData/Miran-ezvnyxesttewuzarkrcgsvxrumsd/Build/Intermediates.noindex/Miran.build/Debug-iphoneos/Miran.build/Miran-project-headers.hmap -Xcc -I/Users/yousifalenezi/Library/Developer/Xcode/DerivedData/Miran-ezvnyxesttewuzarkrcgsvxrumsd/Build/Products/Debug-iphoneos/include -Xcc -I/Users/yousifalenezi/Library/Developer/Xcode/DerivedData/Miran-ezvnyxesttewuzarkrcgsvxrumsd/Build/Intermediates.noindex/Miran.build/Debug-iphoneos/Miran.build/DerivedSources-normal/arm64 -Xcc -I/Users/yousifalenezi/Library/Developer/Xcode/DerivedData/Miran-ezvnyxesttewuzarkrcgsvxrumsd/Build/Intermediates.noindex/Miran.build/Debug-iphoneos/Miran.build/DerivedSources/arm64 -Xcc -I/Users/yousifalenezi/Library/Developer/Xcode/DerivedData/Miran-ezvnyxesttewuzarkrcgsvxrumsd/Build/Intermediates.noindex/Miran.build/Debug-iphoneos/Miran.build/DerivedSources -Xcc -DDEBUG\=1 -module-name Miran -frontend-parseable-output -disable-clang-spi -target-sdk-version 16.2 -o /Users/yousifalenezi/Library/Developer/Xcode/DerivedData/Miran-ezvnyxesttewuzarkrcgsvxrumsd/Build/Intermediates.noindex/Miran.build/Debug-iphoneos/Miran.build/Objects-normal/arm64/TrainingSupervisorDashboardFullView.o -o /Users/yousifalenezi/Library/Developer/Xcode/DerivedData/Miran-ezvnyxesttewuzarkrcgsvxrumsd/Build/Intermediates.noindex/Miran.build/Debug-iphoneos/Miran.build/Objects-normal/arm64/TrainerDashboardFullView.o -o /Users/yousifalenezi/Library/Developer/Xcode/DerivedData/Miran-ezvnyxesttewuzarkrcgsvxrumsd/Build/Intermediates.noindex/Miran.build/Debug-iphoneos/Miran.build/Objects-normal/arm64/TraineeDashboardFullView.o -index-unit-output-path /Miran.build/Debug-iphoneos/Miran.build/Objects-normal/arm64/TrainingSupervisorDashboardFullView.o -index-unit-output-path /Miran.build/Debug-iphoneos/Miran.build/Objects-normal/arm64/TrainerDashboardFullView.o -index-unit-output-path /Miran.build/Debug-iphoneos/Miran.build/Objects-normal/arm64/TraineeDashboardFullView.o -index-store-path /Users/yousifalenezi/Library/Developer/Xcode/DerivedData/Miran-ezvnyxesttewuzarkrcgsvxrumsd/Index.noindex/DataStore -index-system-modules

SwiftCompile normal arm64 Compiling\ TrainingSupervisorTabView.swift,\ OrgManagerDashboardFullView.swift,\ AcademicSupervisorDashboardFullView.swift /Users/yousifalenezi/Documents/Training/MiranApp/Miran/Views/TrainingSupervisor/TrainingSupervisorTabView.swift /Users/yousifalenezi/Documents/Training/MiranApp/Miran/Views/OrgManager/OrgManagerDashboardFullView.swift /Users/yousifalenezi/Documents/Training/MiranApp/Miran/Views/Academic/AcademicSupervisorDashboardFullView.swift (in target 'Miran' from project 'Miran')
    cd /Users/yousifalenezi/Documents/Training/MiranApp
    builtin-swiftTaskExecution -- /Applications/Xcode.app/Contents/Developer/Toolchains/XcodeDefault.xctoolchain/usr/bin/swift-frontend -frontend -c /Users/yousifalenezi/Documents/Training/MiranApp/Miran/MiranApp.swift /Users/yousifalenezi/Documents/Training/MiranApp/Miran/Models/Models.swift /Users/yousifalenezi/Documents/Training/MiranApp/Miran/Models/TrainerCall.swift /Users/yousifalenezi/Documents/Training/MiranApp/Miran/Store/AppStore.swift /Users/yousifalenezi/Documents/Training/MiranApp/Miran/Store/SeedData.swift /Users/yousifalenezi/Documents/Training/MiranApp/Miran/Theme/MiranTheme.swift /Users/yousifalenezi/Documents/Training/MiranApp/Miran/Components/SharedComponents.swift /Users/yousifalenezi/Documents/Training/MiranApp/Miran/Views/RoleSelectionView.swift /Users/yousifalenezi/Documents/Training/MiranApp/Miran/Views/RegistrationView.swift /Users/yousifalenezi/Documents/Training/MiranApp/Miran/Views/Trainee/TraineeTabView.swift /Users/yousifalenezi/Documents/Training/MiranApp/Miran/Views/Trainee/TodayView.swift /Users/yousifalenezi/Documents/Training/MiranApp/Miran/Views/Trainee/ScheduleView.swift /Users/yousifalenezi/Documents/Training/MiranApp/Miran/Views/Trainee/RotationPassportView.swift /Users/yousifalenezi/Documents/Training/MiranApp/Miran/Views/Trainee/DocumentsView.swift /Users/yousifalenezi/Documents/Training/MiranApp/Miran/Views/Trainee/IncomingCallView.swift /Users/yousifalenezi/Documents/Training/MiranApp/Miran/Views/Trainee/TraineeProfileView.swift /Users/yousifalenezi/Documents/Training/MiranApp/Miran/Views/Trainee/ClinicalLogbookView.swift /Users/yousifalenezi/Documents/Training/MiranApp/Miran/Views/Trainer/TrainerTabView.swift /Users/yousifalenezi/Documents/Training/MiranApp/Miran/Views/Trainer/TrainerHomeView.swift /Users/yousifalenezi/Documents/Training/MiranApp/Miran/Views/Trainer/CallLauncherView.swift /Users/yousifalenezi/Documents/Training/MiranApp/Miran/Views/Trainer/LiveCallBoardView.swift /Users/yousifalenezi/Documents/Training/MiranApp/Miran/Views/Trainer/CallCenterView.swift /Users/yousifalenezi/Documents/Training/MiranApp/Miran/Views/Trainer/TraineeDetailView.swift /Users/yousifalenezi/Documents/Training/MiranApp/Miran/Views/Trainer/TrainerPlanView.swift /Users/yousifalenezi/Documents/Training/MiranApp/Miran/Views/Academic/AcademicTabView.swift /Users/yousifalenezi/Documents/Training/MiranApp/Miran/Views/Academic/ApplicationsReviewView.swift /Users/yousifalenezi/Documents/Training/MiranApp/Miran/Views/Academic/AssignmentView.swift /Users/yousifalenezi/Documents/Training/MiranApp/Miran/Views/Academic/ReportsView.swift /Users/yousifalenezi/Documents/Training/MiranApp/Miran/Views/Academic/RiskView.swift /Users/yousifalenezi/Documents/Training/MiranApp/Miran/Services/KeychainService.swift /Users/yousifalenezi/Documents/Training/MiranApp/Miran/Services/APIClient.swift /Users/yousifalenezi/Documents/Training/MiranApp/Miran/Models/APIModels.swift /Users/yousifalenezi/Documents/Training/MiranApp/Miran/ViewModels/AuthViewModel.swift /Users/yousifalenezi/Documents/Training/MiranApp/Miran/ViewModels/TraineeViewModel.swift /Users/yousifalenezi/Documents/Training/MiranApp/Miran/ViewModels/TrainerViewModel.swift /Users/yousifalenezi/Documents/Training/MiranApp/Miran/Views/Auth/LoginView.swift /Users/yousifalenezi/Documents/Training/MiranApp/Miran/Views/Auth/OrgSwitcherSheet.swift /Users/yousifalenezi/Documents/Training/MiranApp/Miran/Views/Trainee/DigitalIDCardView.swift /Users/yousifalenezi/Documents/Training/MiranApp/Miran/Views/Auth/JoiningDeclarationSheet.swift /Users/yousifalenezi/Documents/Training/MiranApp/Miran/Views/OrgMembersView.swift /Users/yousifalenezi/Documents/Training/MiranApp/Miran/Views/SystemAdmin/SystemAdminTabView.swift /Users/yousifalenezi/Documents/Training/MiranApp/Miran/Views/OrgManager/OrgManagerTabView.swift /Users/yousifalenezi/Documents/Training/MiranApp/Miran/Views/Academic/AcademicSupervisorTabView.swift -primary-file /Users/yousifalenezi/Documents/Training/MiranApp/Miran/Views/TrainingSupervisor/TrainingSupervisorTabView.swift /Users/yousifalenezi/Documents/Training/MiranApp/Miran/Views/SystemAdmin/OrganizationsManagementFullView.swift /Users/yousifalenezi/Documents/Training/MiranApp/Miran/Views/SystemAdmin/UsersAndRolesManagementFullView.swift /Users/yousifalenezi/Documents/Training/MiranApp/Miran/Views/Logbook/ClinicalLogbookManagementFullView.swift /Users/yousifalenezi/Documents/Training/MiranApp/Miran/Views/SystemAdmin/UserDetailRBACView.swift -primary-file /Users/yousifalenezi/Documents/Training/MiranApp/Miran/Views/OrgManager/OrgManagerDashboardFullView.swift -primary-file /Users/yousifalenezi/Documents/Training/MiranApp/Miran/Views/Academic/AcademicSupervisorDashboardFullView.swift /Users/yousifalenezi/Documents/Training/MiranApp/Miran/Views/TrainingSupervisor/TrainingSupervisorDashboardFullView.swift /Users/yousifalenezi/Documents/Training/MiranApp/Miran/Views/Trainer/TrainerDashboardFullView.swift /Users/yousifalenezi/Documents/Training/MiranApp/Miran/Views/Trainee/TraineeDashboardFullView.swift -emit-dependencies-path /Users/yousifalenezi/Library/Developer/Xcode/DerivedData/Miran-ezvnyxesttewuzarkrcgsvxrumsd/Build/Intermediates.noindex/Miran.build/Debug-iphoneos/Miran.build/Objects-normal/arm64/TrainingSupervisorTabView.d -emit-reference-dependencies-path /Users/yousifalenezi/Library/Developer/Xcode/DerivedData/Miran-ezvnyxesttewuzarkrcgsvxrumsd/Build/Intermediates.noindex/Miran.build/Debug-iphoneos/Miran.build/Objects-normal/arm64/TrainingSupervisorTabView.swiftdeps -serialize-diagnostics-path /Users/yousifalenezi/Library/Developer/Xcode/DerivedData/Miran-ezvnyxesttewuzarkrcgsvxrumsd/Build/Intermediates.noindex/Miran.build/Debug-iphoneos/Miran.build/Objects-normal/arm64/TrainingSupervisorTabView.dia -emit-dependencies-path /Users/yousifalenezi/Library/Developer/Xcode/DerivedData/Miran-ezvnyxesttewuzarkrcgsvxrumsd/Build/Intermediates.noindex/Miran.build/Debug-iphoneos/Miran.build/Objects-normal/arm64/OrgManagerDashboardFullView.d -emit-reference-dependencies-path /Users/yousifalenezi/Library/Developer/Xcode/DerivedData/Miran-ezvnyxesttewuzarkrcgsvxrumsd/Build/Intermediates.noindex/Miran.build/Debug-iphoneos/Miran.build/Objects-normal/arm64/OrgManagerDashboardFullView.swiftdeps -serialize-diagnostics-path /Users/yousifalenezi/Library/Developer/Xcode/DerivedData/Miran-ezvnyxesttewuzarkrcgsvxrumsd/Build/Intermediates.noindex/Miran.build/Debug-iphoneos/Miran.build/Objects-normal/arm64/OrgManagerDashboardFullView.dia -emit-dependencies-path /Users/yousifalenezi/Library/Developer/Xcode/DerivedData/Miran-ezvnyxesttewuzarkrcgsvxrumsd/Build/Intermediates.noindex/Miran.build/Debug-iphoneos/Miran.build/Objects-normal/arm64/AcademicSupervisorDashboardFullView.d -emit-reference-dependencies-path /Users/yousifalenezi/Library/Developer/Xcode/DerivedData/Miran-ezvnyxesttewuzarkrcgsvxrumsd/Build/Intermediates.noindex/Miran.build/Debug-iphoneos/Miran.build/Objects-normal/arm64/AcademicSupervisorDashboardFullView.swiftdeps -serialize-diagnostics-path /Users/yousifalenezi/Library/Developer/Xcode/DerivedData/Miran-ezvnyxesttewuzarkrcgsvxrumsd/Build/Intermediates.noindex/Miran.build/Debug-iphoneos/Miran.build/Objects-normal/arm64/AcademicSupervisorDashboardFullView.dia -emit-localized-strings -emit-localized-strings-path /Users/yousifalenezi/Library/Developer/Xcode/DerivedData/Miran-ezvnyxesttewuzarkrcgsvxrumsd/Build/Intermediates.noindex/Miran.build/Debug-iphoneos/Miran.build/Objects-normal/arm64 -target arm64-apple-ios16.0 -Xllvm -aarch64-use-tbi -enable-objc-interop -stack-check -sdk /Applications/Xcode.app/Contents/Developer/Platforms/iPhoneOS.platform/Developer/SDKs/iPhoneOS16.2.sdk -I /Users/yousifalenezi/Library/Developer/Xcode/DerivedData/Miran-ezvnyxesttewuzarkrcgsvxrumsd/Build/Products/Debug-iphoneos -F /Users/yousifalenezi/Library/Developer/Xcode/DerivedData/Miran-ezvnyxesttewuzarkrcgsvxrumsd/Build/Products/Debug-iphoneos -no-color-diagnostics -enable-testing -g -module-cache-path /Users/yousifalenezi/Library/Developer/Xcode/DerivedData/ModuleCache.noindex -swift-version 5 -enforce-exclusivity\=checked -Onone -D DEBUG -serialize-debugging-options -enable-bare-slash-regex -empty-abi-descriptor -Xcc -working-directory -Xcc /Users/yousifalenezi/Documents/Training/MiranApp -resource-dir /Applications/Xcode.app/Contents/Developer/Toolchains/XcodeDefault.xctoolchain/usr/lib/swift -enable-anonymous-context-mangled-names -Xcc -I/Users/yousifalenezi/Library/Developer/Xcode/DerivedData/Miran-ezvnyxesttewuzarkrcgsvxrumsd/Build/Intermediates.noindex/Miran.build/Debug-iphoneos/Miran.build/swift-overrides.hmap -Xcc -iquote -Xcc /Users/yousifalenezi/Library/Developer/Xcode/DerivedData/Miran-ezvnyxesttewuzarkrcgsvxrumsd/Build/Intermediates.noindex/Miran.build/Debug-iphoneos/Miran.build/Miran-generated-files.hmap -Xcc -I/Users/yousifalenezi/Library/Developer/Xcode/DerivedData/Miran-ezvnyxesttewuzarkrcgsvxrumsd/Build/Intermediates.noindex/Miran.build/Debug-iphoneos/Miran.build/Miran-own-target-headers.hmap -Xcc -I/Users/yousifalenezi/Library/Developer/Xcode/DerivedData/Miran-ezvnyxesttewuzarkrcgsvxrumsd/Build/Intermediates.noindex/Miran.build/Debug-iphoneos/Miran.build/Miran-all-target-headers.hmap -Xcc -iquote -Xcc /Users/yousifalenezi/Library/Developer/Xcode/DerivedData/Miran-ezvnyxesttewuzarkrcgsvxrumsd/Build/Intermediates.noindex/Miran.build/Debug-iphoneos/Miran.build/Miran-project-headers.hmap -Xcc -I/Users/yousifalenezi/Library/Developer/Xcode/DerivedData/Miran-ezvnyxesttewuzarkrcgsvxrumsd/Build/Products/Debug-iphoneos/include -Xcc -I/Users/yousifalenezi/Library/Developer/Xcode/DerivedData/Miran-ezvnyxesttewuzarkrcgsvxrumsd/Build/Intermediates.noindex/Miran.build/Debug-iphoneos/Miran.build/DerivedSources-normal/arm64 -Xcc -I/Users/yousifalenezi/Library/Developer/Xcode/DerivedData/Miran-ezvnyxesttewuzarkrcgsvxrumsd/Build/Intermediates.noindex/Miran.build/Debug-iphoneos/Miran.build/DerivedSources/arm64 -Xcc -I/Users/yousifalenezi/Library/Developer/Xcode/DerivedData/Miran-ezvnyxesttewuzarkrcgsvxrumsd/Build/Intermediates.noindex/Miran.build/Debug-iphoneos/Miran.build/DerivedSources -Xcc -DDEBUG\=1 -module-name Miran -frontend-parseable-output -disable-clang-spi -target-sdk-version 16.2 -o /Users/yousifalenezi/Library/Developer/Xcode/DerivedData/Miran-ezvnyxesttewuzarkrcgsvxrumsd/Build/Intermediates.noindex/Miran.build/Debug-iphoneos/Miran.build/Objects-normal/arm64/TrainingSupervisorTabView.o -o /Users/yousifalenezi/Library/Developer/Xcode/DerivedData/Miran-ezvnyxesttewuzarkrcgsvxrumsd/Build/Intermediates.noindex/Miran.build/Debug-iphoneos/Miran.build/Objects-normal/arm64/OrgManagerDashboardFullView.o -o /Users/yousifalenezi/Library/Developer/Xcode/DerivedData/Miran-ezvnyxesttewuzarkrcgsvxrumsd/Build/Intermediates.noindex/Miran.build/Debug-iphoneos/Miran.build/Objects-normal/arm64/AcademicSupervisorDashboardFullView.o -index-unit-output-path /Miran.build/Debug-iphoneos/Miran.build/Objects-normal/arm64/TrainingSupervisorTabView.o -index-unit-output-path /Miran.build/Debug-iphoneos/Miran.build/Objects-normal/arm64/OrgManagerDashboardFullView.o -index-unit-output-path /Miran.build/Debug-iphoneos/Miran.build/Objects-normal/arm64/AcademicSupervisorDashboardFullView.o -index-store-path /Users/yousifalenezi/Library/Developer/Xcode/DerivedData/Miran-ezvnyxesttewuzarkrcgsvxrumsd/Index.noindex/DataStore -index-system-modules

CompileSwift normal arm64 /Users/yousifalenezi/Documents/Training/MiranApp/Miran/Views/TrainingSupervisor/TrainingSupervisorTabView.swift (in target 'Miran' from project 'Miran')
    cd /Users/yousifalenezi/Documents/Training/MiranApp
    /Applications/Xcode.app/Contents/Developer/Toolchains/XcodeDefault.xctoolchain/usr/bin/swift-frontend -c /Users/yousifalenezi/Documents/Training/MiranApp/Miran/MiranApp.swift /Users/yousifalenezi/Documents/Training/MiranApp/Miran/Models/Models.swift /Users/yousifalenezi/Documents/Training/MiranApp/Miran/Models/TrainerCall.swift /Users/yousifalenezi/Documents/Training/MiranApp/Miran/Store/AppStore.swift /Users/yousifalenezi/Documents/Training/MiranApp/Miran/Store/SeedData.swift /Users/yousifalenezi/Documents/Training/MiranApp/Miran/Theme/MiranTheme.swift /Users/yousifalenezi/Documents/Training/MiranApp/Miran/Components/SharedComponents.swift /Users/yousifalenezi/Documents/Training/MiranApp/Miran/Views/RoleSelectionView.swift /Users/yousifalenezi/Documents/Training/MiranApp/Miran/Views/RegistrationView.swift /Users/yousifalenezi/Documents/Training/MiranApp/Miran/Views/Trainee/TraineeTabView.swift /Users/yousifalenezi/Documents/Training/MiranApp/Miran/Views/Trainee/TodayView.swift /Users/yousifalenezi/Documents/Training/MiranApp/Miran/Views/Trainee/ScheduleView.swift /Users/yousifalenezi/Documents/Training/MiranApp/Miran/Views/Trainee/RotationPassportView.swift /Users/yousifalenezi/Documents/Training/MiranApp/Miran/Views/Trainee/DocumentsView.swift /Users/yousifalenezi/Documents/Training/MiranApp/Miran/Views/Trainee/IncomingCallView.swift /Users/yousifalenezi/Documents/Training/MiranApp/Miran/Views/Trainee/TraineeProfileView.swift /Users/yousifalenezi/Documents/Training/MiranApp/Miran/Views/Trainee/ClinicalLogbookView.swift /Users/yousifalenezi/Documents/Training/MiranApp/Miran/Views/Trainer/TrainerTabView.swift /Users/yousifalenezi/Documents/Training/MiranApp/Miran/Views/Trainer/TrainerHomeView.swift /Users/yousifalenezi/Documents/Training/MiranApp/Miran/Views/Trainer/CallLauncherView.swift /Users/yousifalenezi/Documents/Training/MiranApp/Miran/Views/Trainer/LiveCallBoardView.swift /Users/yousifalenezi/Documents/Training/MiranApp/Miran/Views/Trainer/CallCenterView.swift /Users/yousifalenezi/Documents/Training/MiranApp/Miran/Views/Trainer/TraineeDetailView.swift /Users/yousifalenezi/Documents/Training/MiranApp/Miran/Views/Trainer/TrainerPlanView.swift /Users/yousifalenezi/Documents/Training/MiranApp/Miran/Views/Academic/AcademicTabView.swift /Users/yousifalenezi/Documents/Training/MiranApp/Miran/Views/Academic/ApplicationsReviewView.swift /Users/yousifalenezi/Documents/Training/MiranApp/Miran/Views/Academic/AssignmentView.swift /Users/yousifalenezi/Documents/Training/MiranApp/Miran/Views/Academic/ReportsView.swift /Users/yousifalenezi/Documents/Training/MiranApp/Miran/Views/Academic/RiskView.swift /Users/yousifalenezi/Documents/Training/MiranApp/Miran/Services/KeychainService.swift /Users/yousifalenezi/Documents/Training/MiranApp/Miran/Services/APIClient.swift /Users/yousifalenezi/Documents/Training/MiranApp/Miran/Models/APIModels.swift /Users/yousifalenezi/Documents/Training/MiranApp/Miran/ViewModels/AuthViewModel.swift /Users/yousifalenezi/Documents/Training/MiranApp/Miran/ViewModels/TraineeViewModel.swift /Users/yousifalenezi/Documents/Training/MiranApp/Miran/ViewModels/TrainerViewModel.swift /Users/yousifalenezi/Documents/Training/MiranApp/Miran/Views/Auth/LoginView.swift /Users/yousifalenezi/Documents/Training/MiranApp/Miran/Views/Auth/OrgSwitcherSheet.swift /Users/yousifalenezi/Documents/Training/MiranApp/Miran/Views/Trainee/DigitalIDCardView.swift /Users/yousifalenezi/Documents/Training/MiranApp/Miran/Views/Auth/JoiningDeclarationSheet.swift /Users/yousifalenezi/Documents/Training/MiranApp/Miran/Views/OrgMembersView.swift /Users/yousifalenezi/Documents/Training/MiranApp/Miran/Views/SystemAdmin/SystemAdminTabView.swift /Users/yousifalenezi/Documents/Training/MiranApp/Miran/Views/OrgManager/OrgManagerTabView.swift /Users/yousifalenezi/Documents/Training/MiranApp/Miran/Views/Academic/AcademicSupervisorTabView.swift -primary-file /Users/yousifalenezi/Documents/Training/MiranApp/Miran/Views/TrainingSupervisor/TrainingSupervisorTabView.swift /Users/yousifalenezi/Documents/Training/MiranApp/Miran/Views/SystemAdmin/OrganizationsManagementFullView.swift /Users/yousifalenezi/Documents/Training/MiranApp/Miran/Views/SystemAdmin/UsersAndRolesManagementFullView.swift /Users/yousifalenezi/Documents/Training/MiranApp/Miran/Views/Logbook/ClinicalLogbookManagementFullView.swift /Users/yousifalenezi/Documents/Training/MiranApp/Miran/Views/SystemAdmin/UserDetailRBACView.swift -primary-file /Users/yousifalenezi/Documents/Training/MiranApp/Miran/Views/OrgManager/OrgManagerDashboardFullView.swift -primary-file /Users/yousifalenezi/Documents/Training/MiranApp/Miran/Views/Academic/AcademicSupervisorDashboardFullView.swift /Users/yousifalenezi/Documents/Training/MiranApp/Miran/Views/TrainingSupervisor/TrainingSupervisorDashboardFullView.swift /Users/yousifalenezi/Documents/Training/MiranApp/Miran/Views/Trainer/TrainerDashboardFullView.swift /Users/yousifalenezi/Documents/Training/MiranApp/Miran/Views/Trainee/TraineeDashboardFullView.swift -emit-dependencies-path /Users/yousifalenezi/Library/Developer/Xcode/DerivedData/Miran-ezvnyxesttewuzarkrcgsvxrumsd/Build/Intermediates.noindex/Miran.build/Debug-iphoneos/Miran.build/Objects-normal/arm64/TrainingSupervisorTabView.d -emit-reference-dependencies-path /Users/yousifalenezi/Library/Developer/Xcode/DerivedData/Miran-ezvnyxesttewuzarkrcgsvxrumsd/Build/Intermediates.noindex/Miran.build/Debug-iphoneos/Miran.build/Objects-normal/arm64/TrainingSupervisorTabView.swiftdeps -serialize-diagnostics-path /Users/yousifalenezi/Library/Developer/Xcode/DerivedData/Miran-ezvnyxesttewuzarkrcgsvxrumsd/Build/Intermediates.noindex/Miran.build/Debug-iphoneos/Miran.build/Objects-normal/arm64/TrainingSupervisorTabView.dia -emit-dependencies-path /Users/yousifalenezi/Library/Developer/Xcode/DerivedData/Miran-ezvnyxesttewuzarkrcgsvxrumsd/Build/Intermediates.noindex/Miran.build/Debug-iphoneos/Miran.build/Objects-normal/arm64/OrgManagerDashboardFullView.d -emit-reference-dependencies-path /Users/yousifalenezi/Library/Developer/Xcode/DerivedData/Miran-ezvnyxesttewuzarkrcgsvxrumsd/Build/Intermediates.noindex/Miran.build/Debug-iphoneos/Miran.build/Objects-normal/arm64/OrgManagerDashboardFullView.swiftdeps -serialize-diagnostics-path /Users/yousifalenezi/Library/Developer/Xcode/DerivedData/Miran-ezvnyxesttewuzarkrcgsvxrumsd/Build/Intermediates.noindex/Miran.build/Debug-iphoneos/Miran.build/Objects-normal/arm64/OrgManagerDashboardFullView.dia -emit-dependencies-path /Users/yousifalenezi/Library/Developer/Xcode/DerivedData/Miran-ezvnyxesttewuzarkrcgsvxrumsd/Build/Intermediates.noindex/Miran.build/Debug-iphoneos/Miran.build/Objects-normal/arm64/AcademicSupervisorDashboardFullView.d -emit-reference-dependencies-path /Users/yousifalenezi/Library/Developer/Xcode/DerivedData/Miran-ezvnyxesttewuzarkrcgsvxrumsd/Build/Intermediates.noindex/Miran.build/Debug-iphoneos/Miran.build/Objects-normal/arm64/AcademicSupervisorDashboardFullView.swiftdeps -serialize-diagnostics-path /Users/yousifalenezi/Library/Developer/Xcode/DerivedData/Miran-ezvnyxesttewuzarkrcgsvxrumsd/Build/Intermediates.noindex/Miran.build/Debug-iphoneos/Miran.build/Objects-normal/arm64/AcademicSupervisorDashboardFullView.dia -emit-localized-strings -emit-localized-strings-path /Users/yousifalenezi/Library/Developer/Xcode/DerivedData/Miran-ezvnyxesttewuzarkrcgsvxrumsd/Build/Intermediates.noindex/Miran.build/Debug-iphoneos/Miran.build/Objects-normal/arm64 -target arm64-apple-ios16.0 -Xllvm -aarch64-use-tbi -enable-objc-interop -stack-check -sdk /Applications/Xcode.app/Contents/Developer/Platforms/iPhoneOS.platform/Developer/SDKs/iPhoneOS16.2.sdk -I /Users/yousifalenezi/Library/Developer/Xcode/DerivedData/Miran-ezvnyxesttewuzarkrcgsvxrumsd/Build/Products/Debug-iphoneos -F /Users/yousifalenezi/Library/Developer/Xcode/DerivedData/Miran-ezvnyxesttewuzarkrcgsvxrumsd/Build/Products/Debug-iphoneos -no-color-diagnostics -enable-testing -g -module-cache-path /Users/yousifalenezi/Library/Developer/Xcode/DerivedData/ModuleCache.noindex -swift-version 5 -enforce-exclusivity\=checked -Onone -D DEBUG -serialize-debugging-options -enable-bare-slash-regex -empty-abi-descriptor -Xcc -working-directory -Xcc /Users/yousifalenezi/Documents/Training/MiranApp -resource-dir /Applications/Xcode.app/Contents/Developer/Toolchains/XcodeDefault.xctoolchain/usr/lib/swift -enable-anonymous-context-mangled-names -Xcc -I/Users/yousifalenezi/Library/Developer/Xcode/DerivedData/Miran-ezvnyxesttewuzarkrcgsvxrumsd/Build/Intermediates.noindex/Miran.build/Debug-iphoneos/Miran.build/swift-overrides.hmap -Xcc -iquote -Xcc /Users/yousifalenezi/Library/Developer/Xcode/DerivedData/Miran-ezvnyxesttewuzarkrcgsvxrumsd/Build/Intermediates.noindex/Miran.build/Debug-iphoneos/Miran.build/Miran-generated-files.hmap -Xcc -I/Users/yousifalenezi/Library/Developer/Xcode/DerivedData/Miran-ezvnyxesttewuzarkrcgsvxrumsd/Build/Intermediates.noindex/Miran.build/Debug-iphoneos/Miran.build/Miran-own-target-headers.hmap -Xcc -I/Users/yousifalenezi/Library/Developer/Xcode/DerivedData/Miran-ezvnyxesttewuzarkrcgsvxrumsd/Build/Intermediates.noindex/Miran.build/Debug-iphoneos/Miran.build/Miran-all-target-headers.hmap -Xcc -iquote -Xcc /Users/yousifalenezi/Library/Developer/Xcode/DerivedData/Miran-ezvnyxesttewuzarkrcgsvxrumsd/Build/Intermediates.noindex/Miran.build/Debug-iphoneos/Miran.build/Miran-project-headers.hmap -Xcc -I/Users/yousifalenezi/Library/Developer/Xcode/DerivedData/Miran-ezvnyxesttewuzarkrcgsvxrumsd/Build/Products/Debug-iphoneos/include -Xcc -I/Users/yousifalenezi/Library/Developer/Xcode/DerivedData/Miran-ezvnyxesttewuzarkrcgsvxrumsd/Build/Intermediates.noindex/Miran.build/Debug-iphoneos/Miran.build/DerivedSources-normal/arm64 -Xcc -I/Users/yousifalenezi/Library/Developer/Xcode/DerivedData/Miran-ezvnyxesttewuzarkrcgsvxrumsd/Build/Intermediates.noindex/Miran.build/Debug-iphoneos/Miran.build/DerivedSources/arm64 -Xcc -I/Users/yousifalenezi/Library/Developer/Xcode/DerivedData/Miran-ezvnyxesttewuzarkrcgsvxrumsd/Build/Intermediates.noindex/Miran.build/Debug-iphoneos/Miran.build/DerivedSources -Xcc -DDEBUG\=1 -module-name Miran -frontend-parseable-output -disable-clang-spi -target-sdk-version 16.2 -o /Users/yousifalenezi/Library/Developer/Xcode/DerivedData/Miran-ezvnyxesttewuzarkrcgsvxrumsd/Build/Intermediates.noindex/Miran.build/Debug-iphoneos/Miran.build/Objects-normal/arm64/TrainingSupervisorTabView.o -o /Users/yousifalenezi/Library/Developer/Xcode/DerivedData/Miran-ezvnyxesttewuzarkrcgsvxrumsd/Build/Intermediates.noindex/Miran.build/Debug-iphoneos/Miran.build/Objects-normal/arm64/OrgManagerDashboardFullView.o -o /Users/yousifalenezi/Library/Developer/Xcode/DerivedData/Miran-ezvnyxesttewuzarkrcgsvxrumsd/Build/Intermediates.noindex/Miran.build/Debug-iphoneos/Miran.build/Objects-normal/arm64/AcademicSupervisorDashboardFullView.o -index-unit-output-path /Miran.build/Debug-iphoneos/Miran.build/Objects-normal/arm64/TrainingSupervisorTabView.o -index-unit-output-path /Miran.build/Debug-iphoneos/Miran.build/Objects-normal/arm64/OrgManagerDashboardFullView.o -index-unit-output-path /Miran.build/Debug-iphoneos/Miran.build/Objects-normal/arm64/AcademicSupervisorDashboardFullView.o -index-store-path /Users/yousifalenezi/Library/Developer/Xcode/DerivedData/Miran-ezvnyxesttewuzarkrcgsvxrumsd/Index.noindex/DataStore -index-system-modules

CompileSwift normal arm64 /Users/yousifalenezi/Documents/Training/MiranApp/Miran/Views/OrgManager/OrgManagerDashboardFullView.swift (in target 'Miran' from project 'Miran')
    cd /Users/yousifalenezi/Documents/Training/MiranApp
    /Applications/Xcode.app/Contents/Developer/Toolchains/XcodeDefault.xctoolchain/usr/bin/swift-frontend -c /Users/yousifalenezi/Documents/Training/MiranApp/Miran/MiranApp.swift /Users/yousifalenezi/Documents/Training/MiranApp/Miran/Models/Models.swift /Users/yousifalenezi/Documents/Training/MiranApp/Miran/Models/TrainerCall.swift /Users/yousifalenezi/Documents/Training/MiranApp/Miran/Store/AppStore.swift /Users/yousifalenezi/Documents/Training/MiranApp/Miran/Store/SeedData.swift /Users/yousifalenezi/Documents/Training/MiranApp/Miran/Theme/MiranTheme.swift /Users/yousifalenezi/Documents/Training/MiranApp/Miran/Components/SharedComponents.swift /Users/yousifalenezi/Documents/Training/MiranApp/Miran/Views/RoleSelectionView.swift /Users/yousifalenezi/Documents/Training/MiranApp/Miran/Views/RegistrationView.swift /Users/yousifalenezi/Documents/Training/MiranApp/Miran/Views/Trainee/TraineeTabView.swift /Users/yousifalenezi/Documents/Training/MiranApp/Miran/Views/Trainee/TodayView.swift /Users/yousifalenezi/Documents/Training/MiranApp/Miran/Views/Trainee/ScheduleView.swift /Users/yousifalenezi/Documents/Training/MiranApp/Miran/Views/Trainee/RotationPassportView.swift /Users/yousifalenezi/Documents/Training/MiranApp/Miran/Views/Trainee/DocumentsView.swift /Users/yousifalenezi/Documents/Training/MiranApp/Miran/Views/Trainee/IncomingCallView.swift /Users/yousifalenezi/Documents/Training/MiranApp/Miran/Views/Trainee/TraineeProfileView.swift /Users/yousifalenezi/Documents/Training/MiranApp/Miran/Views/Trainee/ClinicalLogbookView.swift /Users/yousifalenezi/Documents/Training/MiranApp/Miran/Views/Trainer/TrainerTabView.swift /Users/yousifalenezi/Documents/Training/MiranApp/Miran/Views/Trainer/TrainerHomeView.swift /Users/yousifalenezi/Documents/Training/MiranApp/Miran/Views/Trainer/CallLauncherView.swift /Users/yousifalenezi/Documents/Training/MiranApp/Miran/Views/Trainer/LiveCallBoardView.swift /Users/yousifalenezi/Documents/Training/MiranApp/Miran/Views/Trainer/CallCenterView.swift /Users/yousifalenezi/Documents/Training/MiranApp/Miran/Views/Trainer/TraineeDetailView.swift /Users/yousifalenezi/Documents/Training/MiranApp/Miran/Views/Trainer/TrainerPlanView.swift /Users/yousifalenezi/Documents/Training/MiranApp/Miran/Views/Academic/AcademicTabView.swift /Users/yousifalenezi/Documents/Training/MiranApp/Miran/Views/Academic/ApplicationsReviewView.swift /Users/yousifalenezi/Documents/Training/MiranApp/Miran/Views/Academic/AssignmentView.swift /Users/yousifalenezi/Documents/Training/MiranApp/Miran/Views/Academic/ReportsView.swift /Users/yousifalenezi/Documents/Training/MiranApp/Miran/Views/Academic/RiskView.swift /Users/yousifalenezi/Documents/Training/MiranApp/Miran/Services/KeychainService.swift /Users/yousifalenezi/Documents/Training/MiranApp/Miran/Services/APIClient.swift /Users/yousifalenezi/Documents/Training/MiranApp/Miran/Models/APIModels.swift /Users/yousifalenezi/Documents/Training/MiranApp/Miran/ViewModels/AuthViewModel.swift /Users/yousifalenezi/Documents/Training/MiranApp/Miran/ViewModels/TraineeViewModel.swift /Users/yousifalenezi/Documents/Training/MiranApp/Miran/ViewModels/TrainerViewModel.swift /Users/yousifalenezi/Documents/Training/MiranApp/Miran/Views/Auth/LoginView.swift /Users/yousifalenezi/Documents/Training/MiranApp/Miran/Views/Auth/OrgSwitcherSheet.swift /Users/yousifalenezi/Documents/Training/MiranApp/Miran/Views/Trainee/DigitalIDCardView.swift /Users/yousifalenezi/Documents/Training/MiranApp/Miran/Views/Auth/JoiningDeclarationSheet.swift /Users/yousifalenezi/Documents/Training/MiranApp/Miran/Views/OrgMembersView.swift /Users/yousifalenezi/Documents/Training/MiranApp/Miran/Views/SystemAdmin/SystemAdminTabView.swift /Users/yousifalenezi/Documents/Training/MiranApp/Miran/Views/OrgManager/OrgManagerTabView.swift /Users/yousifalenezi/Documents/Training/MiranApp/Miran/Views/Academic/AcademicSupervisorTabView.swift -primary-file /Users/yousifalenezi/Documents/Training/MiranApp/Miran/Views/TrainingSupervisor/TrainingSupervisorTabView.swift /Users/yousifalenezi/Documents/Training/MiranApp/Miran/Views/SystemAdmin/OrganizationsManagementFullView.swift /Users/yousifalenezi/Documents/Training/MiranApp/Miran/Views/SystemAdmin/UsersAndRolesManagementFullView.swift /Users/yousifalenezi/Documents/Training/MiranApp/Miran/Views/Logbook/ClinicalLogbookManagementFullView.swift /Users/yousifalenezi/Documents/Training/MiranApp/Miran/Views/SystemAdmin/UserDetailRBACView.swift -primary-file /Users/yousifalenezi/Documents/Training/MiranApp/Miran/Views/OrgManager/OrgManagerDashboardFullView.swift -primary-file /Users/yousifalenezi/Documents/Training/MiranApp/Miran/Views/Academic/AcademicSupervisorDashboardFullView.swift /Users/yousifalenezi/Documents/Training/MiranApp/Miran/Views/TrainingSupervisor/TrainingSupervisorDashboardFullView.swift /Users/yousifalenezi/Documents/Training/MiranApp/Miran/Views/Trainer/TrainerDashboardFullView.swift /Users/yousifalenezi/Documents/Training/MiranApp/Miran/Views/Trainee/TraineeDashboardFullView.swift -emit-dependencies-path /Users/yousifalenezi/Library/Developer/Xcode/DerivedData/Miran-ezvnyxesttewuzarkrcgsvxrumsd/Build/Intermediates.noindex/Miran.build/Debug-iphoneos/Miran.build/Objects-normal/arm64/TrainingSupervisorTabView.d -emit-reference-dependencies-path /Users/yousifalenezi/Library/Developer/Xcode/DerivedData/Miran-ezvnyxesttewuzarkrcgsvxrumsd/Build/Intermediates.noindex/Miran.build/Debug-iphoneos/Miran.build/Objects-normal/arm64/TrainingSupervisorTabView.swiftdeps -serialize-diagnostics-path /Users/yousifalenezi/Library/Developer/Xcode/DerivedData/Miran-ezvnyxesttewuzarkrcgsvxrumsd/Build/Intermediates.noindex/Miran.build/Debug-iphoneos/Miran.build/Objects-normal/arm64/TrainingSupervisorTabView.dia -emit-dependencies-path /Users/yousifalenezi/Library/Developer/Xcode/DerivedData/Miran-ezvnyxesttewuzarkrcgsvxrumsd/Build/Intermediates.noindex/Miran.build/Debug-iphoneos/Miran.build/Objects-normal/arm64/OrgManagerDashboardFullView.d -emit-reference-dependencies-path /Users/yousifalenezi/Library/Developer/Xcode/DerivedData/Miran-ezvnyxesttewuzarkrcgsvxrumsd/Build/Intermediates.noindex/Miran.build/Debug-iphoneos/Miran.build/Objects-normal/arm64/OrgManagerDashboardFullView.swiftdeps -serialize-diagnostics-path /Users/yousifalenezi/Library/Developer/Xcode/DerivedData/Miran-ezvnyxesttewuzarkrcgsvxrumsd/Build/Intermediates.noindex/Miran.build/Debug-iphoneos/Miran.build/Objects-normal/arm64/OrgManagerDashboardFullView.dia -emit-dependencies-path /Users/yousifalenezi/Library/Developer/Xcode/DerivedData/Miran-ezvnyxesttewuzarkrcgsvxrumsd/Build/Intermediates.noindex/Miran.build/Debug-iphoneos/Miran.build/Objects-normal/arm64/AcademicSupervisorDashboardFullView.d -emit-reference-dependencies-path /Users/yousifalenezi/Library/Developer/Xcode/DerivedData/Miran-ezvnyxesttewuzarkrcgsvxrumsd/Build/Intermediates.noindex/Miran.build/Debug-iphoneos/Miran.build/Objects-normal/arm64/AcademicSupervisorDashboardFullView.swiftdeps -serialize-diagnostics-path /Users/yousifalenezi/Library/Developer/Xcode/DerivedData/Miran-ezvnyxesttewuzarkrcgsvxrumsd/Build/Intermediates.noindex/Miran.build/Debug-iphoneos/Miran.build/Objects-normal/arm64/AcademicSupervisorDashboardFullView.dia -emit-localized-strings -emit-localized-strings-path /Users/yousifalenezi/Library/Developer/Xcode/DerivedData/Miran-ezvnyxesttewuzarkrcgsvxrumsd/Build/Intermediates.noindex/Miran.build/Debug-iphoneos/Miran.build/Objects-normal/arm64 -target arm64-apple-ios16.0 -Xllvm -aarch64-use-tbi -enable-objc-interop -stack-check -sdk /Applications/Xcode.app/Contents/Developer/Platforms/iPhoneOS.platform/Developer/SDKs/iPhoneOS16.2.sdk -I /Users/yousifalenezi/Library/Developer/Xcode/DerivedData/Miran-ezvnyxesttewuzarkrcgsvxrumsd/Build/Products/Debug-iphoneos -F /Users/yousifalenezi/Library/Developer/Xcode/DerivedData/Miran-ezvnyxesttewuzarkrcgsvxrumsd/Build/Products/Debug-iphoneos -no-color-diagnostics -enable-testing -g -module-cache-path /Users/yousifalenezi/Library/Developer/Xcode/DerivedData/ModuleCache.noindex -swift-version 5 -enforce-exclusivity\=checked -Onone -D DEBUG -serialize-debugging-options -enable-bare-slash-regex -empty-abi-descriptor -Xcc -working-directory -Xcc /Users/yousifalenezi/Documents/Training/MiranApp -resource-dir /Applications/Xcode.app/Contents/Developer/Toolchains/XcodeDefault.xctoolchain/usr/lib/swift -enable-anonymous-context-mangled-names -Xcc -I/Users/yousifalenezi/Library/Developer/Xcode/DerivedData/Miran-ezvnyxesttewuzarkrcgsvxrumsd/Build/Intermediates.noindex/Miran.build/Debug-iphoneos/Miran.build/swift-overrides.hmap -Xcc -iquote -Xcc /Users/yousifalenezi/Library/Developer/Xcode/DerivedData/Miran-ezvnyxesttewuzarkrcgsvxrumsd/Build/Intermediates.noindex/Miran.build/Debug-iphoneos/Miran.build/Miran-generated-files.hmap -Xcc -I/Users/yousifalenezi/Library/Developer/Xcode/DerivedData/Miran-ezvnyxesttewuzarkrcgsvxrumsd/Build/Intermediates.noindex/Miran.build/Debug-iphoneos/Miran.build/Miran-own-target-headers.hmap -Xcc -I/Users/yousifalenezi/Library/Developer/Xcode/DerivedData/Miran-ezvnyxesttewuzarkrcgsvxrumsd/Build/Intermediates.noindex/Miran.build/Debug-iphoneos/Miran.build/Miran-all-target-headers.hmap -Xcc -iquote -Xcc /Users/yousifalenezi/Library/Developer/Xcode/DerivedData/Miran-ezvnyxesttewuzarkrcgsvxrumsd/Build/Intermediates.noindex/Miran.build/Debug-iphoneos/Miran.build/Miran-project-headers.hmap -Xcc -I/Users/yousifalenezi/Library/Developer/Xcode/DerivedData/Miran-ezvnyxesttewuzarkrcgsvxrumsd/Build/Products/Debug-iphoneos/include -Xcc -I/Users/yousifalenezi/Library/Developer/Xcode/DerivedData/Miran-ezvnyxesttewuzarkrcgsvxrumsd/Build/Intermediates.noindex/Miran.build/Debug-iphoneos/Miran.build/DerivedSources-normal/arm64 -Xcc -I/Users/yousifalenezi/Library/Developer/Xcode/DerivedData/Miran-ezvnyxesttewuzarkrcgsvxrumsd/Build/Intermediates.noindex/Miran.build/Debug-iphoneos/Miran.build/DerivedSources/arm64 -Xcc -I/Users/yousifalenezi/Library/Developer/Xcode/DerivedData/Miran-ezvnyxesttewuzarkrcgsvxrumsd/Build/Intermediates.noindex/Miran.build/Debug-iphoneos/Miran.build/DerivedSources -Xcc -DDEBUG\=1 -module-name Miran -frontend-parseable-output -disable-clang-spi -target-sdk-version 16.2 -o /Users/yousifalenezi/Library/Developer/Xcode/DerivedData/Miran-ezvnyxesttewuzarkrcgsvxrumsd/Build/Intermediates.noindex/Miran.build/Debug-iphoneos/Miran.build/Objects-normal/arm64/TrainingSupervisorTabView.o -o /Users/yousifalenezi/Library/Developer/Xcode/DerivedData/Miran-ezvnyxesttewuzarkrcgsvxrumsd/Build/Intermediates.noindex/Miran.build/Debug-iphoneos/Miran.build/Objects-normal/arm64/OrgManagerDashboardFullView.o -o /Users/yousifalenezi/Library/Developer/Xcode/DerivedData/Miran-ezvnyxesttewuzarkrcgsvxrumsd/Build/Intermediates.noindex/Miran.build/Debug-iphoneos/Miran.build/Objects-normal/arm64/AcademicSupervisorDashboardFullView.o -index-unit-output-path /Miran.build/Debug-iphoneos/Miran.build/Objects-normal/arm64/TrainingSupervisorTabView.o -index-unit-output-path /Miran.build/Debug-iphoneos/Miran.build/Objects-normal/arm64/OrgManagerDashboardFullView.o -index-unit-output-path /Miran.build/Debug-iphoneos/Miran.build/Objects-normal/arm64/AcademicSupervisorDashboardFullView.o -index-store-path /Users/yousifalenezi/Library/Developer/Xcode/DerivedData/Miran-ezvnyxesttewuzarkrcgsvxrumsd/Index.noindex/DataStore -index-system-modules

CompileSwift normal arm64 /Users/yousifalenezi/Documents/Training/MiranApp/Miran/Views/Academic/AcademicSupervisorDashboardFullView.swift (in target 'Miran' from project 'Miran')
    cd /Users/yousifalenezi/Documents/Training/MiranApp
    /Applications/Xcode.app/Contents/Developer/Toolchains/XcodeDefault.xctoolchain/usr/bin/swift-frontend -c /Users/yousifalenezi/Documents/Training/MiranApp/Miran/MiranApp.swift /Users/yousifalenezi/Documents/Training/MiranApp/Miran/Models/Models.swift /Users/yousifalenezi/Documents/Training/MiranApp/Miran/Models/TrainerCall.swift /Users/yousifalenezi/Documents/Training/MiranApp/Miran/Store/AppStore.swift /Users/yousifalenezi/Documents/Training/MiranApp/Miran/Store/SeedData.swift /Users/yousifalenezi/Documents/Training/MiranApp/Miran/Theme/MiranTheme.swift /Users/yousifalenezi/Documents/Training/MiranApp/Miran/Components/SharedComponents.swift /Users/yousifalenezi/Documents/Training/MiranApp/Miran/Views/RoleSelectionView.swift /Users/yousifalenezi/Documents/Training/MiranApp/Miran/Views/RegistrationView.swift /Users/yousifalenezi/Documents/Training/MiranApp/Miran/Views/Trainee/TraineeTabView.swift /Users/yousifalenezi/Documents/Training/MiranApp/Miran/Views/Trainee/TodayView.swift /Users/yousifalenezi/Documents/Training/MiranApp/Miran/Views/Trainee/ScheduleView.swift /Users/yousifalenezi/Documents/Training/MiranApp/Miran/Views/Trainee/RotationPassportView.swift /Users/yousifalenezi/Documents/Training/MiranApp/Miran/Views/Trainee/DocumentsView.swift /Users/yousifalenezi/Documents/Training/MiranApp/Miran/Views/Trainee/IncomingCallView.swift /Users/yousifalenezi/Documents/Training/MiranApp/Miran/Views/Trainee/TraineeProfileView.swift /Users/yousifalenezi/Documents/Training/MiranApp/Miran/Views/Trainee/ClinicalLogbookView.swift /Users/yousifalenezi/Documents/Training/MiranApp/Miran/Views/Trainer/TrainerTabView.swift /Users/yousifalenezi/Documents/Training/MiranApp/Miran/Views/Trainer/TrainerHomeView.swift /Users/yousifalenezi/Documents/Training/MiranApp/Miran/Views/Trainer/CallLauncherView.swift /Users/yousifalenezi/Documents/Training/MiranApp/Miran/Views/Trainer/LiveCallBoardView.swift /Users/yousifalenezi/Documents/Training/MiranApp/Miran/Views/Trainer/CallCenterView.swift /Users/yousifalenezi/Documents/Training/MiranApp/Miran/Views/Trainer/TraineeDetailView.swift /Users/yousifalenezi/Documents/Training/MiranApp/Miran/Views/Trainer/TrainerPlanView.swift /Users/yousifalenezi/Documents/Training/MiranApp/Miran/Views/Academic/AcademicTabView.swift /Users/yousifalenezi/Documents/Training/MiranApp/Miran/Views/Academic/ApplicationsReviewView.swift /Users/yousifalenezi/Documents/Training/MiranApp/Miran/Views/Academic/AssignmentView.swift /Users/yousifalenezi/Documents/Training/MiranApp/Miran/Views/Academic/ReportsView.swift /Users/yousifalenezi/Documents/Training/MiranApp/Miran/Views/Academic/RiskView.swift /Users/yousifalenezi/Documents/Training/MiranApp/Miran/Services/KeychainService.swift /Users/yousifalenezi/Documents/Training/MiranApp/Miran/Services/APIClient.swift /Users/yousifalenezi/Documents/Training/MiranApp/Miran/Models/APIModels.swift /Users/yousifalenezi/Documents/Training/MiranApp/Miran/ViewModels/AuthViewModel.swift /Users/yousifalenezi/Documents/Training/MiranApp/Miran/ViewModels/TraineeViewModel.swift /Users/yousifalenezi/Documents/Training/MiranApp/Miran/ViewModels/TrainerViewModel.swift /Users/yousifalenezi/Documents/Training/MiranApp/Miran/Views/Auth/LoginView.swift /Users/yousifalenezi/Documents/Training/MiranApp/Miran/Views/Auth/OrgSwitcherSheet.swift /Users/yousifalenezi/Documents/Training/MiranApp/Miran/Views/Trainee/DigitalIDCardView.swift /Users/yousifalenezi/Documents/Training/MiranApp/Miran/Views/Auth/JoiningDeclarationSheet.swift /Users/yousifalenezi/Documents/Training/MiranApp/Miran/Views/OrgMembersView.swift /Users/yousifalenezi/Documents/Training/MiranApp/Miran/Views/SystemAdmin/SystemAdminTabView.swift /Users/yousifalenezi/Documents/Training/MiranApp/Miran/Views/OrgManager/OrgManagerTabView.swift /Users/yousifalenezi/Documents/Training/MiranApp/Miran/Views/Academic/AcademicSupervisorTabView.swift -primary-file /Users/yousifalenezi/Documents/Training/MiranApp/Miran/Views/TrainingSupervisor/TrainingSupervisorTabView.swift /Users/yousifalenezi/Documents/Training/MiranApp/Miran/Views/SystemAdmin/OrganizationsManagementFullView.swift /Users/yousifalenezi/Documents/Training/MiranApp/Miran/Views/SystemAdmin/UsersAndRolesManagementFullView.swift /Users/yousifalenezi/Documents/Training/MiranApp/Miran/Views/Logbook/ClinicalLogbookManagementFullView.swift /Users/yousifalenezi/Documents/Training/MiranApp/Miran/Views/SystemAdmin/UserDetailRBACView.swift -primary-file /Users/yousifalenezi/Documents/Training/MiranApp/Miran/Views/OrgManager/OrgManagerDashboardFullView.swift -primary-file /Users/yousifalenezi/Documents/Training/MiranApp/Miran/Views/Academic/AcademicSupervisorDashboardFullView.swift /Users/yousifalenezi/Documents/Training/MiranApp/Miran/Views/TrainingSupervisor/TrainingSupervisorDashboardFullView.swift /Users/yousifalenezi/Documents/Training/MiranApp/Miran/Views/Trainer/TrainerDashboardFullView.swift /Users/yousifalenezi/Documents/Training/MiranApp/Miran/Views/Trainee/TraineeDashboardFullView.swift -emit-dependencies-path /Users/yousifalenezi/Library/Developer/Xcode/DerivedData/Miran-ezvnyxesttewuzarkrcgsvxrumsd/Build/Intermediates.noindex/Miran.build/Debug-iphoneos/Miran.build/Objects-normal/arm64/TrainingSupervisorTabView.d -emit-reference-dependencies-path /Users/yousifalenezi/Library/Developer/Xcode/DerivedData/Miran-ezvnyxesttewuzarkrcgsvxrumsd/Build/Intermediates.noindex/Miran.build/Debug-iphoneos/Miran.build/Objects-normal/arm64/TrainingSupervisorTabView.swiftdeps -serialize-diagnostics-path /Users/yousifalenezi/Library/Developer/Xcode/DerivedData/Miran-ezvnyxesttewuzarkrcgsvxrumsd/Build/Intermediates.noindex/Miran.build/Debug-iphoneos/Miran.build/Objects-normal/arm64/TrainingSupervisorTabView.dia -emit-dependencies-path /Users/yousifalenezi/Library/Developer/Xcode/DerivedData/Miran-ezvnyxesttewuzarkrcgsvxrumsd/Build/Intermediates.noindex/Miran.build/Debug-iphoneos/Miran.build/Objects-normal/arm64/OrgManagerDashboardFullView.d -emit-reference-dependencies-path /Users/yousifalenezi/Library/Developer/Xcode/DerivedData/Miran-ezvnyxesttewuzarkrcgsvxrumsd/Build/Intermediates.noindex/Miran.build/Debug-iphoneos/Miran.build/Objects-normal/arm64/OrgManagerDashboardFullView.swiftdeps -serialize-diagnostics-path /Users/yousifalenezi/Library/Developer/Xcode/DerivedData/Miran-ezvnyxesttewuzarkrcgsvxrumsd/Build/Intermediates.noindex/Miran.build/Debug-iphoneos/Miran.build/Objects-normal/arm64/OrgManagerDashboardFullView.dia -emit-dependencies-path /Users/yousifalenezi/Library/Developer/Xcode/DerivedData/Miran-ezvnyxesttewuzarkrcgsvxrumsd/Build/Intermediates.noindex/Miran.build/Debug-iphoneos/Miran.build/Objects-normal/arm64/AcademicSupervisorDashboardFullView.d -emit-reference-dependencies-path /Users/yousifalenezi/Library/Developer/Xcode/DerivedData/Miran-ezvnyxesttewuzarkrcgsvxrumsd/Build/Intermediates.noindex/Miran.build/Debug-iphoneos/Miran.build/Objects-normal/arm64/AcademicSupervisorDashboardFullView.swiftdeps -serialize-diagnostics-path /Users/yousifalenezi/Library/Developer/Xcode/DerivedData/Miran-ezvnyxesttewuzarkrcgsvxrumsd/Build/Intermediates.noindex/Miran.build/Debug-iphoneos/Miran.build/Objects-normal/arm64/AcademicSupervisorDashboardFullView.dia -emit-localized-strings -emit-localized-strings-path /Users/yousifalenezi/Library/Developer/Xcode/DerivedData/Miran-ezvnyxesttewuzarkrcgsvxrumsd/Build/Intermediates.noindex/Miran.build/Debug-iphoneos/Miran.build/Objects-normal/arm64 -target arm64-apple-ios16.0 -Xllvm -aarch64-use-tbi -enable-objc-interop -stack-check -sdk /Applications/Xcode.app/Contents/Developer/Platforms/iPhoneOS.platform/Developer/SDKs/iPhoneOS16.2.sdk -I /Users/yousifalenezi/Library/Developer/Xcode/DerivedData/Miran-ezvnyxesttewuzarkrcgsvxrumsd/Build/Products/Debug-iphoneos -F /Users/yousifalenezi/Library/Developer/Xcode/DerivedData/Miran-ezvnyxesttewuzarkrcgsvxrumsd/Build/Products/Debug-iphoneos -no-color-diagnostics -enable-testing -g -module-cache-path /Users/yousifalenezi/Library/Developer/Xcode/DerivedData/ModuleCache.noindex -swift-version 5 -enforce-exclusivity\=checked -Onone -D DEBUG -serialize-debugging-options -enable-bare-slash-regex -empty-abi-descriptor -Xcc -working-directory -Xcc /Users/yousifalenezi/Documents/Training/MiranApp -resource-dir /Applications/Xcode.app/Contents/Developer/Toolchains/XcodeDefault.xctoolchain/usr/lib/swift -enable-anonymous-context-mangled-names -Xcc -I/Users/yousifalenezi/Library/Developer/Xcode/DerivedData/Miran-ezvnyxesttewuzarkrcgsvxrumsd/Build/Intermediates.noindex/Miran.build/Debug-iphoneos/Miran.build/swift-overrides.hmap -Xcc -iquote -Xcc /Users/yousifalenezi/Library/Developer/Xcode/DerivedData/Miran-ezvnyxesttewuzarkrcgsvxrumsd/Build/Intermediates.noindex/Miran.build/Debug-iphoneos/Miran.build/Miran-generated-files.hmap -Xcc -I/Users/yousifalenezi/Library/Developer/Xcode/DerivedData/Miran-ezvnyxesttewuzarkrcgsvxrumsd/Build/Intermediates.noindex/Miran.build/Debug-iphoneos/Miran.build/Miran-own-target-headers.hmap -Xcc -I/Users/yousifalenezi/Library/Developer/Xcode/DerivedData/Miran-ezvnyxesttewuzarkrcgsvxrumsd/Build/Intermediates.noindex/Miran.build/Debug-iphoneos/Miran.build/Miran-all-target-headers.hmap -Xcc -iquote -Xcc /Users/yousifalenezi/Library/Developer/Xcode/DerivedData/Miran-ezvnyxesttewuzarkrcgsvxrumsd/Build/Intermediates.noindex/Miran.build/Debug-iphoneos/Miran.build/Miran-project-headers.hmap -Xcc -I/Users/yousifalenezi/Library/Developer/Xcode/DerivedData/Miran-ezvnyxesttewuzarkrcgsvxrumsd/Build/Products/Debug-iphoneos/include -Xcc -I/Users/yousifalenezi/Library/Developer/Xcode/DerivedData/Miran-ezvnyxesttewuzarkrcgsvxrumsd/Build/Intermediates.noindex/Miran.build/Debug-iphoneos/Miran.build/DerivedSources-normal/arm64 -Xcc -I/Users/yousifalenezi/Library/Developer/Xcode/DerivedData/Miran-ezvnyxesttewuzarkrcgsvxrumsd/Build/Intermediates.noindex/Miran.build/Debug-iphoneos/Miran.build/DerivedSources/arm64 -Xcc -I/Users/yousifalenezi/Library/Developer/Xcode/DerivedData/Miran-ezvnyxesttewuzarkrcgsvxrumsd/Build/Intermediates.noindex/Miran.build/Debug-iphoneos/Miran.build/DerivedSources -Xcc -DDEBUG\=1 -module-name Miran -frontend-parseable-output -disable-clang-spi -target-sdk-version 16.2 -o /Users/yousifalenezi/Library/Developer/Xcode/DerivedData/Miran-ezvnyxesttewuzarkrcgsvxrumsd/Build/Intermediates.noindex/Miran.build/Debug-iphoneos/Miran.build/Objects-normal/arm64/TrainingSupervisorTabView.o -o /Users/yousifalenezi/Library/Developer/Xcode/DerivedData/Miran-ezvnyxesttewuzarkrcgsvxrumsd/Build/Intermediates.noindex/Miran.build/Debug-iphoneos/Miran.build/Objects-normal/arm64/OrgManagerDashboardFullView.o -o /Users/yousifalenezi/Library/Developer/Xcode/DerivedData/Miran-ezvnyxesttewuzarkrcgsvxrumsd/Build/Intermediates.noindex/Miran.build/Debug-iphoneos/Miran.build/Objects-normal/arm64/AcademicSupervisorDashboardFullView.o -index-unit-output-path /Miran.build/Debug-iphoneos/Miran.build/Objects-normal/arm64/TrainingSupervisorTabView.o -index-unit-output-path /Miran.build/Debug-iphoneos/Miran.build/Objects-normal/arm64/OrgManagerDashboardFullView.o -index-unit-output-path /Miran.build/Debug-iphoneos/Miran.build/Objects-normal/arm64/AcademicSupervisorDashboardFullView.o -index-store-path /Users/yousifalenezi/Library/Developer/Xcode/DerivedData/Miran-ezvnyxesttewuzarkrcgsvxrumsd/Index.noindex/DataStore -index-system-modules

SwiftCompile normal arm64 Compiling\ TraineeTabView.swift,\ TrainerTabView.swift,\ APIModels.swift /Users/yousifalenezi/Documents/Training/MiranApp/Miran/Views/Trainee/TraineeTabView.swift /Users/yousifalenezi/Documents/Training/MiranApp/Miran/Views/Trainer/TrainerTabView.swift /Users/yousifalenezi/Documents/Training/MiranApp/Miran/Models/APIModels.swift (in target 'Miran' from project 'Miran')
    cd /Users/yousifalenezi/Documents/Training/MiranApp
    builtin-swiftTaskExecution -- /Applications/Xcode.app/Contents/Developer/Toolchains/XcodeDefault.xctoolchain/usr/bin/swift-frontend -frontend -c /Users/yousifalenezi/Documents/Training/MiranApp/Miran/MiranApp.swift /Users/yousifalenezi/Documents/Training/MiranApp/Miran/Models/Models.swift /Users/yousifalenezi/Documents/Training/MiranApp/Miran/Models/TrainerCall.swift /Users/yousifalenezi/Documents/Training/MiranApp/Miran/Store/AppStore.swift /Users/yousifalenezi/Documents/Training/MiranApp/Miran/Store/SeedData.swift /Users/yousifalenezi/Documents/Training/MiranApp/Miran/Theme/MiranTheme.swift /Users/yousifalenezi/Documents/Training/MiranApp/Miran/Components/SharedComponents.swift /Users/yousifalenezi/Documents/Training/MiranApp/Miran/Views/RoleSelectionView.swift /Users/yousifalenezi/Documents/Training/MiranApp/Miran/Views/RegistrationView.swift -primary-file /Users/yousifalenezi/Documents/Training/MiranApp/Miran/Views/Trainee/TraineeTabView.swift /Users/yousifalenezi/Documents/Training/MiranApp/Miran/Views/Trainee/TodayView.swift /Users/yousifalenezi/Documents/Training/MiranApp/Miran/Views/Trainee/ScheduleView.swift /Users/yousifalenezi/Documents/Training/MiranApp/Miran/Views/Trainee/RotationPassportView.swift /Users/yousifalenezi/Documents/Training/MiranApp/Miran/Views/Trainee/DocumentsView.swift /Users/yousifalenezi/Documents/Training/MiranApp/Miran/Views/Trainee/IncomingCallView.swift /Users/yousifalenezi/Documents/Training/MiranApp/Miran/Views/Trainee/TraineeProfileView.swift /Users/yousifalenezi/Documents/Training/MiranApp/Miran/Views/Trainee/ClinicalLogbookView.swift -primary-file /Users/yousifalenezi/Documents/Training/MiranApp/Miran/Views/Trainer/TrainerTabView.swift /Users/yousifalenezi/Documents/Training/MiranApp/Miran/Views/Trainer/TrainerHomeView.swift /Users/yousifalenezi/Documents/Training/MiranApp/Miran/Views/Trainer/CallLauncherView.swift /Users/yousifalenezi/Documents/Training/MiranApp/Miran/Views/Trainer/LiveCallBoardView.swift /Users/yousifalenezi/Documents/Training/MiranApp/Miran/Views/Trainer/CallCenterView.swift /Users/yousifalenezi/Documents/Training/MiranApp/Miran/Views/Trainer/TraineeDetailView.swift /Users/yousifalenezi/Documents/Training/MiranApp/Miran/Views/Trainer/TrainerPlanView.swift /Users/yousifalenezi/Documents/Training/MiranApp/Miran/Views/Academic/AcademicTabView.swift /Users/yousifalenezi/Documents/Training/MiranApp/Miran/Views/Academic/ApplicationsReviewView.swift /Users/yousifalenezi/Documents/Training/MiranApp/Miran/Views/Academic/AssignmentView.swift /Users/yousifalenezi/Documents/Training/MiranApp/Miran/Views/Academic/ReportsView.swift /Users/yousifalenezi/Documents/Training/MiranApp/Miran/Views/Academic/RiskView.swift /Users/yousifalenezi/Documents/Training/MiranApp/Miran/Services/KeychainService.swift /Users/yousifalenezi/Documents/Training/MiranApp/Miran/Services/APIClient.swift -primary-file /Users/yousifalenezi/Documents/Training/MiranApp/Miran/Models/APIModels.swift /Users/yousifalenezi/Documents/Training/MiranApp/Miran/ViewModels/AuthViewModel.swift /Users/yousifalenezi/Documents/Training/MiranApp/Miran/ViewModels/TraineeViewModel.swift /Users/yousifalenezi/Documents/Training/MiranApp/Miran/ViewModels/TrainerViewModel.swift /Users/yousifalenezi/Documents/Training/MiranApp/Miran/Views/Auth/LoginView.swift /Users/yousifalenezi/Documents/Training/MiranApp/Miran/Views/Auth/OrgSwitcherSheet.swift /Users/yousifalenezi/Documents/Training/MiranApp/Miran/Views/Trainee/DigitalIDCardView.swift /Users/yousifalenezi/Documents/Training/MiranApp/Miran/Views/Auth/JoiningDeclarationSheet.swift /Users/yousifalenezi/Documents/Training/MiranApp/Miran/Views/OrgMembersView.swift /Users/yousifalenezi/Documents/Training/MiranApp/Miran/Views/SystemAdmin/SystemAdminTabView.swift /Users/yousifalenezi/Documents/Training/MiranApp/Miran/Views/OrgManager/OrgManagerTabView.swift /Users/yousifalenezi/Documents/Training/MiranApp/Miran/Views/Academic/AcademicSupervisorTabView.swift /Users/yousifalenezi/Documents/Training/MiranApp/Miran/Views/TrainingSupervisor/TrainingSupervisorTabView.swift /Users/yousifalenezi/Documents/Training/MiranApp/Miran/Views/SystemAdmin/OrganizationsManagementFullView.swift /Users/yousifalenezi/Documents/Training/MiranApp/Miran/Views/SystemAdmin/UsersAndRolesManagementFullView.swift /Users/yousifalenezi/Documents/Training/MiranApp/Miran/Views/Logbook/ClinicalLogbookManagementFullView.swift /Users/yousifalenezi/Documents/Training/MiranApp/Miran/Views/SystemAdmin/UserDetailRBACView.swift /Users/yousifalenezi/Documents/Training/MiranApp/Miran/Views/OrgManager/OrgManagerDashboardFullView.swift /Users/yousifalenezi/Documents/Training/MiranApp/Miran/Views/Academic/AcademicSupervisorDashboardFullView.swift /Users/yousifalenezi/Documents/Training/MiranApp/Miran/Views/TrainingSupervisor/TrainingSupervisorDashboardFullView.swift /Users/yousifalenezi/Documents/Training/MiranApp/Miran/Views/Trainer/TrainerDashboardFullView.swift /Users/yousifalenezi/Documents/Training/MiranApp/Miran/Views/Trainee/TraineeDashboardFullView.swift -emit-dependencies-path /Users/yousifalenezi/Library/Developer/Xcode/DerivedData/Miran-ezvnyxesttewuzarkrcgsvxrumsd/Build/Intermediates.noindex/Miran.build/Debug-iphoneos/Miran.build/Objects-normal/arm64/TraineeTabView.d -emit-reference-dependencies-path /Users/yousifalenezi/Library/Developer/Xcode/DerivedData/Miran-ezvnyxesttewuzarkrcgsvxrumsd/Build/Intermediates.noindex/Miran.build/Debug-iphoneos/Miran.build/Objects-normal/arm64/TraineeTabView.swiftdeps -serialize-diagnostics-path /Users/yousifalenezi/Library/Developer/Xcode/DerivedData/Miran-ezvnyxesttewuzarkrcgsvxrumsd/Build/Intermediates.noindex/Miran.build/Debug-iphoneos/Miran.build/Objects-normal/arm64/TraineeTabView.dia -emit-dependencies-path /Users/yousifalenezi/Library/Developer/Xcode/DerivedData/Miran-ezvnyxesttewuzarkrcgsvxrumsd/Build/Intermediates.noindex/Miran.build/Debug-iphoneos/Miran.build/Objects-normal/arm64/TrainerTabView.d -emit-reference-dependencies-path /Users/yousifalenezi/Library/Developer/Xcode/DerivedData/Miran-ezvnyxesttewuzarkrcgsvxrumsd/Build/Intermediates.noindex/Miran.build/Debug-iphoneos/Miran.build/Objects-normal/arm64/TrainerTabView.swiftdeps -serialize-diagnostics-path /Users/yousifalenezi/Library/Developer/Xcode/DerivedData/Miran-ezvnyxesttewuzarkrcgsvxrumsd/Build/Intermediates.noindex/Miran.build/Debug-iphoneos/Miran.build/Objects-normal/arm64/TrainerTabView.dia -emit-dependencies-path /Users/yousifalenezi/Library/Developer/Xcode/DerivedData/Miran-ezvnyxesttewuzarkrcgsvxrumsd/Build/Intermediates.noindex/Miran.build/Debug-iphoneos/Miran.build/Objects-normal/arm64/APIModels.d -emit-reference-dependencies-path /Users/yousifalenezi/Library/Developer/Xcode/DerivedData/Miran-ezvnyxesttewuzarkrcgsvxrumsd/Build/Intermediates.noindex/Miran.build/Debug-iphoneos/Miran.build/Objects-normal/arm64/APIModels.swiftdeps -serialize-diagnostics-path /Users/yousifalenezi/Library/Developer/Xcode/DerivedData/Miran-ezvnyxesttewuzarkrcgsvxrumsd/Build/Intermediates.noindex/Miran.build/Debug-iphoneos/Miran.build/Objects-normal/arm64/APIModels.dia -emit-localized-strings -emit-localized-strings-path /Users/yousifalenezi/Library/Developer/Xcode/DerivedData/Miran-ezvnyxesttewuzarkrcgsvxrumsd/Build/Intermediates.noindex/Miran.build/Debug-iphoneos/Miran.build/Objects-normal/arm64 -target arm64-apple-ios16.0 -Xllvm -aarch64-use-tbi -enable-objc-interop -stack-check -sdk /Applications/Xcode.app/Contents/Developer/Platforms/iPhoneOS.platform/Developer/SDKs/iPhoneOS16.2.sdk -I /Users/yousifalenezi/Library/Developer/Xcode/DerivedData/Miran-ezvnyxesttewuzarkrcgsvxrumsd/Build/Products/Debug-iphoneos -F /Users/yousifalenezi/Library/Developer/Xcode/DerivedData/Miran-ezvnyxesttewuzarkrcgsvxrumsd/Build/Products/Debug-iphoneos -no-color-diagnostics -enable-testing -g -module-cache-path /Users/yousifalenezi/Library/Developer/Xcode/DerivedData/ModuleCache.noindex -swift-version 5 -enforce-exclusivity\=checked -Onone -D DEBUG -serialize-debugging-options -enable-bare-slash-regex -empty-abi-descriptor -Xcc -working-directory -Xcc /Users/yousifalenezi/Documents/Training/MiranApp -resource-dir /Applications/Xcode.app/Contents/Developer/Toolchains/XcodeDefault.xctoolchain/usr/lib/swift -enable-anonymous-context-mangled-names -Xcc -I/Users/yousifalenezi/Library/Developer/Xcode/DerivedData/Miran-ezvnyxesttewuzarkrcgsvxrumsd/Build/Intermediates.noindex/Miran.build/Debug-iphoneos/Miran.build/swift-overrides.hmap -Xcc -iquote -Xcc /Users/yousifalenezi/Library/Developer/Xcode/DerivedData/Miran-ezvnyxesttewuzarkrcgsvxrumsd/Build/Intermediates.noindex/Miran.build/Debug-iphoneos/Miran.build/Miran-generated-files.hmap -Xcc -I/Users/yousifalenezi/Library/Developer/Xcode/DerivedData/Miran-ezvnyxesttewuzarkrcgsvxrumsd/Build/Intermediates.noindex/Miran.build/Debug-iphoneos/Miran.build/Miran-own-target-headers.hmap -Xcc -I/Users/yousifalenezi/Library/Developer/Xcode/DerivedData/Miran-ezvnyxesttewuzarkrcgsvxrumsd/Build/Intermediates.noindex/Miran.build/Debug-iphoneos/Miran.build/Miran-all-target-headers.hmap -Xcc -iquote -Xcc /Users/yousifalenezi/Library/Developer/Xcode/DerivedData/Miran-ezvnyxesttewuzarkrcgsvxrumsd/Build/Intermediates.noindex/Miran.build/Debug-iphoneos/Miran.build/Miran-project-headers.hmap -Xcc -I/Users/yousifalenezi/Library/Developer/Xcode/DerivedData/Miran-ezvnyxesttewuzarkrcgsvxrumsd/Build/Products/Debug-iphoneos/include -Xcc -I/Users/yousifalenezi/Library/Developer/Xcode/DerivedData/Miran-ezvnyxesttewuzarkrcgsvxrumsd/Build/Intermediates.noindex/Miran.build/Debug-iphoneos/Miran.build/DerivedSources-normal/arm64 -Xcc -I/Users/yousifalenezi/Library/Developer/Xcode/DerivedData/Miran-ezvnyxesttewuzarkrcgsvxrumsd/Build/Intermediates.noindex/Miran.build/Debug-iphoneos/Miran.build/DerivedSources/arm64 -Xcc -I/Users/yousifalenezi/Library/Developer/Xcode/DerivedData/Miran-ezvnyxesttewuzarkrcgsvxrumsd/Build/Intermediates.noindex/Miran.build/Debug-iphoneos/Miran.build/DerivedSources -Xcc -DDEBUG\=1 -module-name Miran -frontend-parseable-output -disable-clang-spi -target-sdk-version 16.2 -o /Users/yousifalenezi/Library/Developer/Xcode/DerivedData/Miran-ezvnyxesttewuzarkrcgsvxrumsd/Build/Intermediates.noindex/Miran.build/Debug-iphoneos/Miran.build/Objects-normal/arm64/TraineeTabView.o -o /Users/yousifalenezi/Library/Developer/Xcode/DerivedData/Miran-ezvnyxesttewuzarkrcgsvxrumsd/Build/Intermediates.noindex/Miran.build/Debug-iphoneos/Miran.build/Objects-normal/arm64/TrainerTabView.o -o /Users/yousifalenezi/Library/Developer/Xcode/DerivedData/Miran-ezvnyxesttewuzarkrcgsvxrumsd/Build/Intermediates.noindex/Miran.build/Debug-iphoneos/Miran.build/Objects-normal/arm64/APIModels.o -index-unit-output-path /Miran.build/Debug-iphoneos/Miran.build/Objects-normal/arm64/TraineeTabView.o -index-unit-output-path /Miran.build/Debug-iphoneos/Miran.build/Objects-normal/arm64/TrainerTabView.o -index-unit-output-path /Miran.build/Debug-iphoneos/Miran.build/Objects-normal/arm64/APIModels.o -index-store-path /Users/yousifalenezi/Library/Developer/Xcode/DerivedData/Miran-ezvnyxesttewuzarkrcgsvxrumsd/Index.noindex/DataStore -index-system-modules
CompileSwift normal arm64 /Users/yousifalenezi/Documents/Training/MiranApp/Miran/Views/Trainee/TraineeTabView.swift (in target 'Miran' from project 'Miran')
    cd /Users/yousifalenezi/Documents/Training/MiranApp
    /Applications/Xcode.app/Contents/Developer/Toolchains/XcodeDefault.xctoolchain/usr/bin/swift-frontend -c /Users/yousifalenezi/Documents/Training/MiranApp/Miran/MiranApp.swift /Users/yousifalenezi/Documents/Training/MiranApp/Miran/Models/Models.swift /Users/yousifalenezi/Documents/Training/MiranApp/Miran/Models/TrainerCall.swift /Users/yousifalenezi/Documents/Training/MiranApp/Miran/Store/AppStore.swift /Users/yousifalenezi/Documents/Training/MiranApp/Miran/Store/SeedData.swift /Users/yousifalenezi/Documents/Training/MiranApp/Miran/Theme/MiranTheme.swift /Users/yousifalenezi/Documents/Training/MiranApp/Miran/Components/SharedComponents.swift /Users/yousifalenezi/Documents/Training/MiranApp/Miran/Views/RoleSelectionView.swift /Users/yousifalenezi/Documents/Training/MiranApp/Miran/Views/RegistrationView.swift -primary-file /Users/yousifalenezi/Documents/Training/MiranApp/Miran/Views/Trainee/TraineeTabView.swift /Users/yousifalenezi/Documents/Training/MiranApp/Miran/Views/Trainee/TodayView.swift /Users/yousifalenezi/Documents/Training/MiranApp/Miran/Views/Trainee/ScheduleView.swift /Users/yousifalenezi/Documents/Training/MiranApp/Miran/Views/Trainee/RotationPassportView.swift /Users/yousifalenezi/Documents/Training/MiranApp/Miran/Views/Trainee/DocumentsView.swift /Users/yousifalenezi/Documents/Training/MiranApp/Miran/Views/Trainee/IncomingCallView.swift /Users/yousifalenezi/Documents/Training/MiranApp/Miran/Views/Trainee/TraineeProfileView.swift /Users/yousifalenezi/Documents/Training/MiranApp/Miran/Views/Trainee/ClinicalLogbookView.swift -primary-file /Users/yousifalenezi/Documents/Training/MiranApp/Miran/Views/Trainer/TrainerTabView.swift /Users/yousifalenezi/Documents/Training/MiranApp/Miran/Views/Trainer/TrainerHomeView.swift /Users/yousifalenezi/Documents/Training/MiranApp/Miran/Views/Trainer/CallLauncherView.swift /Users/yousifalenezi/Documents/Training/MiranApp/Miran/Views/Trainer/LiveCallBoardView.swift /Users/yousifalenezi/Documents/Training/MiranApp/Miran/Views/Trainer/CallCenterView.swift /Users/yousifalenezi/Documents/Training/MiranApp/Miran/Views/Trainer/TraineeDetailView.swift /Users/yousifalenezi/Documents/Training/MiranApp/Miran/Views/Trainer/TrainerPlanView.swift /Users/yousifalenezi/Documents/Training/MiranApp/Miran/Views/Academic/AcademicTabView.swift /Users/yousifalenezi/Documents/Training/MiranApp/Miran/Views/Academic/ApplicationsReviewView.swift /Users/yousifalenezi/Documents/Training/MiranApp/Miran/Views/Academic/AssignmentView.swift /Users/yousifalenezi/Documents/Training/MiranApp/Miran/Views/Academic/ReportsView.swift /Users/yousifalenezi/Documents/Training/MiranApp/Miran/Views/Academic/RiskView.swift /Users/yousifalenezi/Documents/Training/MiranApp/Miran/Services/KeychainService.swift /Users/yousifalenezi/Documents/Training/MiranApp/Miran/Services/APIClient.swift -primary-file /Users/yousifalenezi/Documents/Training/MiranApp/Miran/Models/APIModels.swift /Users/yousifalenezi/Documents/Training/MiranApp/Miran/ViewModels/AuthViewModel.swift /Users/yousifalenezi/Documents/Training/MiranApp/Miran/ViewModels/TraineeViewModel.swift /Users/yousifalenezi/Documents/Training/MiranApp/Miran/ViewModels/TrainerViewModel.swift /Users/yousifalenezi/Documents/Training/MiranApp/Miran/Views/Auth/LoginView.swift /Users/yousifalenezi/Documents/Training/MiranApp/Miran/Views/Auth/OrgSwitcherSheet.swift /Users/yousifalenezi/Documents/Training/MiranApp/Miran/Views/Trainee/DigitalIDCardView.swift /Users/yousifalenezi/Documents/Training/MiranApp/Miran/Views/Auth/JoiningDeclarationSheet.swift /Users/yousifalenezi/Documents/Training/MiranApp/Miran/Views/OrgMembersView.swift /Users/yousifalenezi/Documents/Training/MiranApp/Miran/Views/SystemAdmin/SystemAdminTabView.swift /Users/yousifalenezi/Documents/Training/MiranApp/Miran/Views/OrgManager/OrgManagerTabView.swift /Users/yousifalenezi/Documents/Training/MiranApp/Miran/Views/Academic/AcademicSupervisorTabView.swift /Users/yousifalenezi/Documents/Training/MiranApp/Miran/Views/TrainingSupervisor/TrainingSupervisorTabView.swift /Users/yousifalenezi/Documents/Training/MiranApp/Miran/Views/SystemAdmin/OrganizationsManagementFullView.swift /Users/yousifalenezi/Documents/Training/MiranApp/Miran/Views/SystemAdmin/UsersAndRolesManagementFullView.swift /Users/yousifalenezi/Documents/Training/MiranApp/Miran/Views/Logbook/ClinicalLogbookManagementFullView.swift /Users/yousifalenezi/Documents/Training/MiranApp/Miran/Views/SystemAdmin/UserDetailRBACView.swift /Users/yousifalenezi/Documents/Training/MiranApp/Miran/Views/OrgManager/OrgManagerDashboardFullView.swift /Users/yousifalenezi/Documents/Training/MiranApp/Miran/Views/Academic/AcademicSupervisorDashboardFullView.swift /Users/yousifalenezi/Documents/Training/MiranApp/Miran/Views/TrainingSupervisor/TrainingSupervisorDashboardFullView.swift /Users/yousifalenezi/Documents/Training/MiranApp/Miran/Views/Trainer/TrainerDashboardFullView.swift /Users/yousifalenezi/Documents/Training/MiranApp/Miran/Views/Trainee/TraineeDashboardFullView.swift -emit-dependencies-path /Users/yousifalenezi/Library/Developer/Xcode/DerivedData/Miran-ezvnyxesttewuzarkrcgsvxrumsd/Build/Intermediates.noindex/Miran.build/Debug-iphoneos/Miran.build/Objects-normal/arm64/TraineeTabView.d -emit-reference-dependencies-path /Users/yousifalenezi/Library/Developer/Xcode/DerivedData/Miran-ezvnyxesttewuzarkrcgsvxrumsd/Build/Intermediates.noindex/Miran.build/Debug-iphoneos/Miran.build/Objects-normal/arm64/TraineeTabView.swiftdeps -serialize-diagnostics-path /Users/yousifalenezi/Library/Developer/Xcode/DerivedData/Miran-ezvnyxesttewuzarkrcgsvxrumsd/Build/Intermediates.noindex/Miran.build/Debug-iphoneos/Miran.build/Objects-normal/arm64/TraineeTabView.dia -emit-dependencies-path /Users/yousifalenezi/Library/Developer/Xcode/DerivedData/Miran-ezvnyxesttewuzarkrcgsvxrumsd/Build/Intermediates.noindex/Miran.build/Debug-iphoneos/Miran.build/Objects-normal/arm64/TrainerTabView.d -emit-reference-dependencies-path /Users/yousifalenezi/Library/Developer/Xcode/DerivedData/Miran-ezvnyxesttewuzarkrcgsvxrumsd/Build/Intermediates.noindex/Miran.build/Debug-iphoneos/Miran.build/Objects-normal/arm64/TrainerTabView.swiftdeps -serialize-diagnostics-path /Users/yousifalenezi/Library/Developer/Xcode/DerivedData/Miran-ezvnyxesttewuzarkrcgsvxrumsd/Build/Intermediates.noindex/Miran.build/Debug-iphoneos/Miran.build/Objects-normal/arm64/TrainerTabView.dia -emit-dependencies-path /Users/yousifalenezi/Library/Developer/Xcode/DerivedData/Miran-ezvnyxesttewuzarkrcgsvxrumsd/Build/Intermediates.noindex/Miran.build/Debug-iphoneos/Miran.build/Objects-normal/arm64/APIModels.d -emit-reference-dependencies-path /Users/yousifalenezi/Library/Developer/Xcode/DerivedData/Miran-ezvnyxesttewuzarkrcgsvxrumsd/Build/Intermediates.noindex/Miran.build/Debug-iphoneos/Miran.build/Objects-normal/arm64/APIModels.swiftdeps -serialize-diagnostics-path /Users/yousifalenezi/Library/Developer/Xcode/DerivedData/Miran-ezvnyxesttewuzarkrcgsvxrumsd/Build/Intermediates.noindex/Miran.build/Debug-iphoneos/Miran.build/Objects-normal/arm64/APIModels.dia -emit-localized-strings -emit-localized-strings-path /Users/yousifalenezi/Library/Developer/Xcode/DerivedData/Miran-ezvnyxesttewuzarkrcgsvxrumsd/Build/Intermediates.noindex/Miran.build/Debug-iphoneos/Miran.build/Objects-normal/arm64 -target arm64-apple-ios16.0 -Xllvm -aarch64-use-tbi -enable-objc-interop -stack-check -sdk /Applications/Xcode.app/Contents/Developer/Platforms/iPhoneOS.platform/Developer/SDKs/iPhoneOS16.2.sdk -I /Users/yousifalenezi/Library/Developer/Xcode/DerivedData/Miran-ezvnyxesttewuzarkrcgsvxrumsd/Build/Products/Debug-iphoneos -F /Users/yousifalenezi/Library/Developer/Xcode/DerivedData/Miran-ezvnyxesttewuzarkrcgsvxrumsd/Build/Products/Debug-iphoneos -no-color-diagnostics -enable-testing -g -module-cache-path /Users/yousifalenezi/Library/Developer/Xcode/DerivedData/ModuleCache.noindex -swift-version 5 -enforce-exclusivity\=checked -Onone -D DEBUG -serialize-debugging-options -enable-bare-slash-regex -empty-abi-descriptor -Xcc -working-directory -Xcc /Users/yousifalenezi/Documents/Training/MiranApp -resource-dir /Applications/Xcode.app/Contents/Developer/Toolchains/XcodeDefault.xctoolchain/usr/lib/swift -enable-anonymous-context-mangled-names -Xcc -I/Users/yousifalenezi/Library/Developer/Xcode/DerivedData/Miran-ezvnyxesttewuzarkrcgsvxrumsd/Build/Intermediates.noindex/Miran.build/Debug-iphoneos/Miran.build/swift-overrides.hmap -Xcc -iquote -Xcc /Users/yousifalenezi/Library/Developer/Xcode/DerivedData/Miran-ezvnyxesttewuzarkrcgsvxrumsd/Build/Intermediates.noindex/Miran.build/Debug-iphoneos/Miran.build/Miran-generated-files.hmap -Xcc -I/Users/yousifalenezi/Library/Developer/Xcode/DerivedData/Miran-ezvnyxesttewuzarkrcgsvxrumsd/Build/Intermediates.noindex/Miran.build/Debug-iphoneos/Miran.build/Miran-own-target-headers.hmap -Xcc -I/Users/yousifalenezi/Library/Developer/Xcode/DerivedData/Miran-ezvnyxesttewuzarkrcgsvxrumsd/Build/Intermediates.noindex/Miran.build/Debug-iphoneos/Miran.build/Miran-all-target-headers.hmap -Xcc -iquote -Xcc /Users/yousifalenezi/Library/Developer/Xcode/DerivedData/Miran-ezvnyxesttewuzarkrcgsvxrumsd/Build/Intermediates.noindex/Miran.build/Debug-iphoneos/Miran.build/Miran-project-headers.hmap -Xcc -I/Users/yousifalenezi/Library/Developer/Xcode/DerivedData/Miran-ezvnyxesttewuzarkrcgsvxrumsd/Build/Products/Debug-iphoneos/include -Xcc -I/Users/yousifalenezi/Library/Developer/Xcode/DerivedData/Miran-ezvnyxesttewuzarkrcgsvxrumsd/Build/Intermediates.noindex/Miran.build/Debug-iphoneos/Miran.build/DerivedSources-normal/arm64 -Xcc -I/Users/yousifalenezi/Library/Developer/Xcode/DerivedData/Miran-ezvnyxesttewuzarkrcgsvxrumsd/Build/Intermediates.noindex/Miran.build/Debug-iphoneos/Miran.build/DerivedSources/arm64 -Xcc -I/Users/yousifalenezi/Library/Developer/Xcode/DerivedData/Miran-ezvnyxesttewuzarkrcgsvxrumsd/Build/Intermediates.noindex/Miran.build/Debug-iphoneos/Miran.build/DerivedSources -Xcc -DDEBUG\=1 -module-name Miran -frontend-parseable-output -disable-clang-spi -target-sdk-version 16.2 -o /Users/yousifalenezi/Library/Developer/Xcode/DerivedData/Miran-ezvnyxesttewuzarkrcgsvxrumsd/Build/Intermediates.noindex/Miran.build/Debug-iphoneos/Miran.build/Objects-normal/arm64/TraineeTabView.o -o /Users/yousifalenezi/Library/Developer/Xcode/DerivedData/Miran-ezvnyxesttewuzarkrcgsvxrumsd/Build/Intermediates.noindex/Miran.build/Debug-iphoneos/Miran.build/Objects-normal/arm64/TrainerTabView.o -o /Users/yousifalenezi/Library/Developer/Xcode/DerivedData/Miran-ezvnyxesttewuzarkrcgsvxrumsd/Build/Intermediates.noindex/Miran.build/Debug-iphoneos/Miran.build/Objects-normal/arm64/APIModels.o -index-unit-output-path /Miran.build/Debug-iphoneos/Miran.build/Objects-normal/arm64/TraineeTabView.o -index-unit-output-path /Miran.build/Debug-iphoneos/Miran.build/Objects-normal/arm64/TrainerTabView.o -index-unit-output-path /Miran.build/Debug-iphoneos/Miran.build/Objects-normal/arm64/APIModels.o -index-store-path /Users/yousifalenezi/Library/Developer/Xcode/DerivedData/Miran-ezvnyxesttewuzarkrcgsvxrumsd/Index.noindex/DataStore -index-system-modules

CompileSwift normal arm64 /Users/yousifalenezi/Documents/Training/MiranApp/Miran/Views/Trainer/TrainerTabView.swift (in target 'Miran' from project 'Miran')
    cd /Users/yousifalenezi/Documents/Training/MiranApp
    /Applications/Xcode.app/Contents/Developer/Toolchains/XcodeDefault.xctoolchain/usr/bin/swift-frontend -c /Users/yousifalenezi/Documents/Training/MiranApp/Miran/MiranApp.swift /Users/yousifalenezi/Documents/Training/MiranApp/Miran/Models/Models.swift /Users/yousifalenezi/Documents/Training/MiranApp/Miran/Models/TrainerCall.swift /Users/yousifalenezi/Documents/Training/MiranApp/Miran/Store/AppStore.swift /Users/yousifalenezi/Documents/Training/MiranApp/Miran/Store/SeedData.swift /Users/yousifalenezi/Documents/Training/MiranApp/Miran/Theme/MiranTheme.swift /Users/yousifalenezi/Documents/Training/MiranApp/Miran/Components/SharedComponents.swift /Users/yousifalenezi/Documents/Training/MiranApp/Miran/Views/RoleSelectionView.swift /Users/yousifalenezi/Documents/Training/MiranApp/Miran/Views/RegistrationView.swift -primary-file /Users/yousifalenezi/Documents/Training/MiranApp/Miran/Views/Trainee/TraineeTabView.swift /Users/yousifalenezi/Documents/Training/MiranApp/Miran/Views/Trainee/TodayView.swift /Users/yousifalenezi/Documents/Training/MiranApp/Miran/Views/Trainee/ScheduleView.swift /Users/yousifalenezi/Documents/Training/MiranApp/Miran/Views/Trainee/RotationPassportView.swift /Users/yousifalenezi/Documents/Training/MiranApp/Miran/Views/Trainee/DocumentsView.swift /Users/yousifalenezi/Documents/Training/MiranApp/Miran/Views/Trainee/IncomingCallView.swift /Users/yousifalenezi/Documents/Training/MiranApp/Miran/Views/Trainee/TraineeProfileView.swift /Users/yousifalenezi/Documents/Training/MiranApp/Miran/Views/Trainee/ClinicalLogbookView.swift -primary-file /Users/yousifalenezi/Documents/Training/MiranApp/Miran/Views/Trainer/TrainerTabView.swift /Users/yousifalenezi/Documents/Training/MiranApp/Miran/Views/Trainer/TrainerHomeView.swift /Users/yousifalenezi/Documents/Training/MiranApp/Miran/Views/Trainer/CallLauncherView.swift /Users/yousifalenezi/Documents/Training/MiranApp/Miran/Views/Trainer/LiveCallBoardView.swift /Users/yousifalenezi/Documents/Training/MiranApp/Miran/Views/Trainer/CallCenterView.swift /Users/yousifalenezi/Documents/Training/MiranApp/Miran/Views/Trainer/TraineeDetailView.swift /Users/yousifalenezi/Documents/Training/MiranApp/Miran/Views/Trainer/TrainerPlanView.swift /Users/yousifalenezi/Documents/Training/MiranApp/Miran/Views/Academic/AcademicTabView.swift /Users/yousifalenezi/Documents/Training/MiranApp/Miran/Views/Academic/ApplicationsReviewView.swift /Users/yousifalenezi/Documents/Training/MiranApp/Miran/Views/Academic/AssignmentView.swift /Users/yousifalenezi/Documents/Training/MiranApp/Miran/Views/Academic/ReportsView.swift /Users/yousifalenezi/Documents/Training/MiranApp/Miran/Views/Academic/RiskView.swift /Users/yousifalenezi/Documents/Training/MiranApp/Miran/Services/KeychainService.swift /Users/yousifalenezi/Documents/Training/MiranApp/Miran/Services/APIClient.swift -primary-file /Users/yousifalenezi/Documents/Training/MiranApp/Miran/Models/APIModels.swift /Users/yousifalenezi/Documents/Training/MiranApp/Miran/ViewModels/AuthViewModel.swift /Users/yousifalenezi/Documents/Training/MiranApp/Miran/ViewModels/TraineeViewModel.swift /Users/yousifalenezi/Documents/Training/MiranApp/Miran/ViewModels/TrainerViewModel.swift /Users/yousifalenezi/Documents/Training/MiranApp/Miran/Views/Auth/LoginView.swift /Users/yousifalenezi/Documents/Training/MiranApp/Miran/Views/Auth/OrgSwitcherSheet.swift /Users/yousifalenezi/Documents/Training/MiranApp/Miran/Views/Trainee/DigitalIDCardView.swift /Users/yousifalenezi/Documents/Training/MiranApp/Miran/Views/Auth/JoiningDeclarationSheet.swift /Users/yousifalenezi/Documents/Training/MiranApp/Miran/Views/OrgMembersView.swift /Users/yousifalenezi/Documents/Training/MiranApp/Miran/Views/SystemAdmin/SystemAdminTabView.swift /Users/yousifalenezi/Documents/Training/MiranApp/Miran/Views/OrgManager/OrgManagerTabView.swift /Users/yousifalenezi/Documents/Training/MiranApp/Miran/Views/Academic/AcademicSupervisorTabView.swift /Users/yousifalenezi/Documents/Training/MiranApp/Miran/Views/TrainingSupervisor/TrainingSupervisorTabView.swift /Users/yousifalenezi/Documents/Training/MiranApp/Miran/Views/SystemAdmin/OrganizationsManagementFullView.swift /Users/yousifalenezi/Documents/Training/MiranApp/Miran/Views/SystemAdmin/UsersAndRolesManagementFullView.swift /Users/yousifalenezi/Documents/Training/MiranApp/Miran/Views/Logbook/ClinicalLogbookManagementFullView.swift /Users/yousifalenezi/Documents/Training/MiranApp/Miran/Views/SystemAdmin/UserDetailRBACView.swift /Users/yousifalenezi/Documents/Training/MiranApp/Miran/Views/OrgManager/OrgManagerDashboardFullView.swift /Users/yousifalenezi/Documents/Training/MiranApp/Miran/Views/Academic/AcademicSupervisorDashboardFullView.swift /Users/yousifalenezi/Documents/Training/MiranApp/Miran/Views/TrainingSupervisor/TrainingSupervisorDashboardFullView.swift /Users/yousifalenezi/Documents/Training/MiranApp/Miran/Views/Trainer/TrainerDashboardFullView.swift /Users/yousifalenezi/Documents/Training/MiranApp/Miran/Views/Trainee/TraineeDashboardFullView.swift -emit-dependencies-path /Users/yousifalenezi/Library/Developer/Xcode/DerivedData/Miran-ezvnyxesttewuzarkrcgsvxrumsd/Build/Intermediates.noindex/Miran.build/Debug-iphoneos/Miran.build/Objects-normal/arm64/TraineeTabView.d -emit-reference-dependencies-path /Users/yousifalenezi/Library/Developer/Xcode/DerivedData/Miran-ezvnyxesttewuzarkrcgsvxrumsd/Build/Intermediates.noindex/Miran.build/Debug-iphoneos/Miran.build/Objects-normal/arm64/TraineeTabView.swiftdeps -serialize-diagnostics-path /Users/yousifalenezi/Library/Developer/Xcode/DerivedData/Miran-ezvnyxesttewuzarkrcgsvxrumsd/Build/Intermediates.noindex/Miran.build/Debug-iphoneos/Miran.build/Objects-normal/arm64/TraineeTabView.dia -emit-dependencies-path /Users/yousifalenezi/Library/Developer/Xcode/DerivedData/Miran-ezvnyxesttewuzarkrcgsvxrumsd/Build/Intermediates.noindex/Miran.build/Debug-iphoneos/Miran.build/Objects-normal/arm64/TrainerTabView.d -emit-reference-dependencies-path /Users/yousifalenezi/Library/Developer/Xcode/DerivedData/Miran-ezvnyxesttewuzarkrcgsvxrumsd/Build/Intermediates.noindex/Miran.build/Debug-iphoneos/Miran.build/Objects-normal/arm64/TrainerTabView.swiftdeps -serialize-diagnostics-path /Users/yousifalenezi/Library/Developer/Xcode/DerivedData/Miran-ezvnyxesttewuzarkrcgsvxrumsd/Build/Intermediates.noindex/Miran.build/Debug-iphoneos/Miran.build/Objects-normal/arm64/TrainerTabView.dia -emit-dependencies-path /Users/yousifalenezi/Library/Developer/Xcode/DerivedData/Miran-ezvnyxesttewuzarkrcgsvxrumsd/Build/Intermediates.noindex/Miran.build/Debug-iphoneos/Miran.build/Objects-normal/arm64/APIModels.d -emit-reference-dependencies-path /Users/yousifalenezi/Library/Developer/Xcode/DerivedData/Miran-ezvnyxesttewuzarkrcgsvxrumsd/Build/Intermediates.noindex/Miran.build/Debug-iphoneos/Miran.build/Objects-normal/arm64/APIModels.swiftdeps -serialize-diagnostics-path /Users/yousifalenezi/Library/Developer/Xcode/DerivedData/Miran-ezvnyxesttewuzarkrcgsvxrumsd/Build/Intermediates.noindex/Miran.build/Debug-iphoneos/Miran.build/Objects-normal/arm64/APIModels.dia -emit-localized-strings -emit-localized-strings-path /Users/yousifalenezi/Library/Developer/Xcode/DerivedData/Miran-ezvnyxesttewuzarkrcgsvxrumsd/Build/Intermediates.noindex/Miran.build/Debug-iphoneos/Miran.build/Objects-normal/arm64 -target arm64-apple-ios16.0 -Xllvm -aarch64-use-tbi -enable-objc-interop -stack-check -sdk /Applications/Xcode.app/Contents/Developer/Platforms/iPhoneOS.platform/Developer/SDKs/iPhoneOS16.2.sdk -I /Users/yousifalenezi/Library/Developer/Xcode/DerivedData/Miran-ezvnyxesttewuzarkrcgsvxrumsd/Build/Products/Debug-iphoneos -F /Users/yousifalenezi/Library/Developer/Xcode/DerivedData/Miran-ezvnyxesttewuzarkrcgsvxrumsd/Build/Products/Debug-iphoneos -no-color-diagnostics -enable-testing -g -module-cache-path /Users/yousifalenezi/Library/Developer/Xcode/DerivedData/ModuleCache.noindex -swift-version 5 -enforce-exclusivity\=checked -Onone -D DEBUG -serialize-debugging-options -enable-bare-slash-regex -empty-abi-descriptor -Xcc -working-directory -Xcc /Users/yousifalenezi/Documents/Training/MiranApp -resource-dir /Applications/Xcode.app/Contents/Developer/Toolchains/XcodeDefault.xctoolchain/usr/lib/swift -enable-anonymous-context-mangled-names -Xcc -I/Users/yousifalenezi/Library/Developer/Xcode/DerivedData/Miran-ezvnyxesttewuzarkrcgsvxrumsd/Build/Intermediates.noindex/Miran.build/Debug-iphoneos/Miran.build/swift-overrides.hmap -Xcc -iquote -Xcc /Users/yousifalenezi/Library/Developer/Xcode/DerivedData/Miran-ezvnyxesttewuzarkrcgsvxrumsd/Build/Intermediates.noindex/Miran.build/Debug-iphoneos/Miran.build/Miran-generated-files.hmap -Xcc -I/Users/yousifalenezi/Library/Developer/Xcode/DerivedData/Miran-ezvnyxesttewuzarkrcgsvxrumsd/Build/Intermediates.noindex/Miran.build/Debug-iphoneos/Miran.build/Miran-own-target-headers.hmap -Xcc -I/Users/yousifalenezi/Library/Developer/Xcode/DerivedData/Miran-ezvnyxesttewuzarkrcgsvxrumsd/Build/Intermediates.noindex/Miran.build/Debug-iphoneos/Miran.build/Miran-all-target-headers.hmap -Xcc -iquote -Xcc /Users/yousifalenezi/Library/Developer/Xcode/DerivedData/Miran-ezvnyxesttewuzarkrcgsvxrumsd/Build/Intermediates.noindex/Miran.build/Debug-iphoneos/Miran.build/Miran-project-headers.hmap -Xcc -I/Users/yousifalenezi/Library/Developer/Xcode/DerivedData/Miran-ezvnyxesttewuzarkrcgsvxrumsd/Build/Products/Debug-iphoneos/include -Xcc -I/Users/yousifalenezi/Library/Developer/Xcode/DerivedData/Miran-ezvnyxesttewuzarkrcgsvxrumsd/Build/Intermediates.noindex/Miran.build/Debug-iphoneos/Miran.build/DerivedSources-normal/arm64 -Xcc -I/Users/yousifalenezi/Library/Developer/Xcode/DerivedData/Miran-ezvnyxesttewuzarkrcgsvxrumsd/Build/Intermediates.noindex/Miran.build/Debug-iphoneos/Miran.build/DerivedSources/arm64 -Xcc -I/Users/yousifalenezi/Library/Developer/Xcode/DerivedData/Miran-ezvnyxesttewuzarkrcgsvxrumsd/Build/Intermediates.noindex/Miran.build/Debug-iphoneos/Miran.build/DerivedSources -Xcc -DDEBUG\=1 -module-name Miran -frontend-parseable-output -disable-clang-spi -target-sdk-version 16.2 -o /Users/yousifalenezi/Library/Developer/Xcode/DerivedData/Miran-ezvnyxesttewuzarkrcgsvxrumsd/Build/Intermediates.noindex/Miran.build/Debug-iphoneos/Miran.build/Objects-normal/arm64/TraineeTabView.o -o /Users/yousifalenezi/Library/Developer/Xcode/DerivedData/Miran-ezvnyxesttewuzarkrcgsvxrumsd/Build/Intermediates.noindex/Miran.build/Debug-iphoneos/Miran.build/Objects-normal/arm64/TrainerTabView.o -o /Users/yousifalenezi/Library/Developer/Xcode/DerivedData/Miran-ezvnyxesttewuzarkrcgsvxrumsd/Build/Intermediates.noindex/Miran.build/Debug-iphoneos/Miran.build/Objects-normal/arm64/APIModels.o -index-unit-output-path /Miran.build/Debug-iphoneos/Miran.build/Objects-normal/arm64/TraineeTabView.o -index-unit-output-path /Miran.build/Debug-iphoneos/Miran.build/Objects-normal/arm64/TrainerTabView.o -index-unit-output-path /Miran.build/Debug-iphoneos/Miran.build/Objects-normal/arm64/APIModels.o -index-store-path /Users/yousifalenezi/Library/Developer/Xcode/DerivedData/Miran-ezvnyxesttewuzarkrcgsvxrumsd/Index.noindex/DataStore -index-system-modules

CompileSwift normal arm64 /Users/yousifalenezi/Documents/Training/MiranApp/Miran/Models/APIModels.swift (in target 'Miran' from project 'Miran')
    cd /Users/yousifalenezi/Documents/Training/MiranApp
    /Applications/Xcode.app/Contents/Developer/Toolchains/XcodeDefault.xctoolchain/usr/bin/swift-frontend -c /Users/yousifalenezi/Documents/Training/MiranApp/Miran/MiranApp.swift /Users/yousifalenezi/Documents/Training/MiranApp/Miran/Models/Models.swift /Users/yousifalenezi/Documents/Training/MiranApp/Miran/Models/TrainerCall.swift /Users/yousifalenezi/Documents/Training/MiranApp/Miran/Store/AppStore.swift /Users/yousifalenezi/Documents/Training/MiranApp/Miran/Store/SeedData.swift /Users/yousifalenezi/Documents/Training/MiranApp/Miran/Theme/MiranTheme.swift /Users/yousifalenezi/Documents/Training/MiranApp/Miran/Components/SharedComponents.swift /Users/yousifalenezi/Documents/Training/MiranApp/Miran/Views/RoleSelectionView.swift /Users/yousifalenezi/Documents/Training/MiranApp/Miran/Views/RegistrationView.swift -primary-file /Users/yousifalenezi/Documents/Training/MiranApp/Miran/Views/Trainee/TraineeTabView.swift /Users/yousifalenezi/Documents/Training/MiranApp/Miran/Views/Trainee/TodayView.swift /Users/yousifalenezi/Documents/Training/MiranApp/Miran/Views/Trainee/ScheduleView.swift /Users/yousifalenezi/Documents/Training/MiranApp/Miran/Views/Trainee/RotationPassportView.swift /Users/yousifalenezi/Documents/Training/MiranApp/Miran/Views/Trainee/DocumentsView.swift /Users/yousifalenezi/Documents/Training/MiranApp/Miran/Views/Trainee/IncomingCallView.swift /Users/yousifalenezi/Documents/Training/MiranApp/Miran/Views/Trainee/TraineeProfileView.swift /Users/yousifalenezi/Documents/Training/MiranApp/Miran/Views/Trainee/ClinicalLogbookView.swift -primary-file /Users/yousifalenezi/Documents/Training/MiranApp/Miran/Views/Trainer/TrainerTabView.swift /Users/yousifalenezi/Documents/Training/MiranApp/Miran/Views/Trainer/TrainerHomeView.swift /Users/yousifalenezi/Documents/Training/MiranApp/Miran/Views/Trainer/CallLauncherView.swift /Users/yousifalenezi/Documents/Training/MiranApp/Miran/Views/Trainer/LiveCallBoardView.swift /Users/yousifalenezi/Documents/Training/MiranApp/Miran/Views/Trainer/CallCenterView.swift /Users/yousifalenezi/Documents/Training/MiranApp/Miran/Views/Trainer/TraineeDetailView.swift /Users/yousifalenezi/Documents/Training/MiranApp/Miran/Views/Trainer/TrainerPlanView.swift /Users/yousifalenezi/Documents/Training/MiranApp/Miran/Views/Academic/AcademicTabView.swift /Users/yousifalenezi/Documents/Training/MiranApp/Miran/Views/Academic/ApplicationsReviewView.swift /Users/yousifalenezi/Documents/Training/MiranApp/Miran/Views/Academic/AssignmentView.swift /Users/yousifalenezi/Documents/Training/MiranApp/Miran/Views/Academic/ReportsView.swift /Users/yousifalenezi/Documents/Training/MiranApp/Miran/Views/Academic/RiskView.swift /Users/yousifalenezi/Documents/Training/MiranApp/Miran/Services/KeychainService.swift /Users/yousifalenezi/Documents/Training/MiranApp/Miran/Services/APIClient.swift -primary-file /Users/yousifalenezi/Documents/Training/MiranApp/Miran/Models/APIModels.swift /Users/yousifalenezi/Documents/Training/MiranApp/Miran/ViewModels/AuthViewModel.swift /Users/yousifalenezi/Documents/Training/MiranApp/Miran/ViewModels/TraineeViewModel.swift /Users/yousifalenezi/Documents/Training/MiranApp/Miran/ViewModels/TrainerViewModel.swift /Users/yousifalenezi/Documents/Training/MiranApp/Miran/Views/Auth/LoginView.swift /Users/yousifalenezi/Documents/Training/MiranApp/Miran/Views/Auth/OrgSwitcherSheet.swift /Users/yousifalenezi/Documents/Training/MiranApp/Miran/Views/Trainee/DigitalIDCardView.swift /Users/yousifalenezi/Documents/Training/MiranApp/Miran/Views/Auth/JoiningDeclarationSheet.swift /Users/yousifalenezi/Documents/Training/MiranApp/Miran/Views/OrgMembersView.swift /Users/yousifalenezi/Documents/Training/MiranApp/Miran/Views/SystemAdmin/SystemAdminTabView.swift /Users/yousifalenezi/Documents/Training/MiranApp/Miran/Views/OrgManager/OrgManagerTabView.swift /Users/yousifalenezi/Documents/Training/MiranApp/Miran/Views/Academic/AcademicSupervisorTabView.swift /Users/yousifalenezi/Documents/Training/MiranApp/Miran/Views/TrainingSupervisor/TrainingSupervisorTabView.swift /Users/yousifalenezi/Documents/Training/MiranApp/Miran/Views/SystemAdmin/OrganizationsManagementFullView.swift /Users/yousifalenezi/Documents/Training/MiranApp/Miran/Views/SystemAdmin/UsersAndRolesManagementFullView.swift /Users/yousifalenezi/Documents/Training/MiranApp/Miran/Views/Logbook/ClinicalLogbookManagementFullView.swift /Users/yousifalenezi/Documents/Training/MiranApp/Miran/Views/SystemAdmin/UserDetailRBACView.swift /Users/yousifalenezi/Documents/Training/MiranApp/Miran/Views/OrgManager/OrgManagerDashboardFullView.swift /Users/yousifalenezi/Documents/Training/MiranApp/Miran/Views/Academic/AcademicSupervisorDashboardFullView.swift /Users/yousifalenezi/Documents/Training/MiranApp/Miran/Views/TrainingSupervisor/TrainingSupervisorDashboardFullView.swift /Users/yousifalenezi/Documents/Training/MiranApp/Miran/Views/Trainer/TrainerDashboardFullView.swift /Users/yousifalenezi/Documents/Training/MiranApp/Miran/Views/Trainee/TraineeDashboardFullView.swift -emit-dependencies-path /Users/yousifalenezi/Library/Developer/Xcode/DerivedData/Miran-ezvnyxesttewuzarkrcgsvxrumsd/Build/Intermediates.noindex/Miran.build/Debug-iphoneos/Miran.build/Objects-normal/arm64/TraineeTabView.d -emit-reference-dependencies-path /Users/yousifalenezi/Library/Developer/Xcode/DerivedData/Miran-ezvnyxesttewuzarkrcgsvxrumsd/Build/Intermediates.noindex/Miran.build/Debug-iphoneos/Miran.build/Objects-normal/arm64/TraineeTabView.swiftdeps -serialize-diagnostics-path /Users/yousifalenezi/Library/Developer/Xcode/DerivedData/Miran-ezvnyxesttewuzarkrcgsvxrumsd/Build/Intermediates.noindex/Miran.build/Debug-iphoneos/Miran.build/Objects-normal/arm64/TraineeTabView.dia -emit-dependencies-path /Users/yousifalenezi/Library/Developer/Xcode/DerivedData/Miran-ezvnyxesttewuzarkrcgsvxrumsd/Build/Intermediates.noindex/Miran.build/Debug-iphoneos/Miran.build/Objects-normal/arm64/TrainerTabView.d -emit-reference-dependencies-path /Users/yousifalenezi/Library/Developer/Xcode/DerivedData/Miran-ezvnyxesttewuzarkrcgsvxrumsd/Build/Intermediates.noindex/Miran.build/Debug-iphoneos/Miran.build/Objects-normal/arm64/TrainerTabView.swiftdeps -serialize-diagnostics-path /Users/yousifalenezi/Library/Developer/Xcode/DerivedData/Miran-ezvnyxesttewuzarkrcgsvxrumsd/Build/Intermediates.noindex/Miran.build/Debug-iphoneos/Miran.build/Objects-normal/arm64/TrainerTabView.dia -emit-dependencies-path /Users/yousifalenezi/Library/Developer/Xcode/DerivedData/Miran-ezvnyxesttewuzarkrcgsvxrumsd/Build/Intermediates.noindex/Miran.build/Debug-iphoneos/Miran.build/Objects-normal/arm64/APIModels.d -emit-reference-dependencies-path /Users/yousifalenezi/Library/Developer/Xcode/DerivedData/Miran-ezvnyxesttewuzarkrcgsvxrumsd/Build/Intermediates.noindex/Miran.build/Debug-iphoneos/Miran.build/Objects-normal/arm64/APIModels.swiftdeps -serialize-diagnostics-path /Users/yousifalenezi/Library/Developer/Xcode/DerivedData/Miran-ezvnyxesttewuzarkrcgsvxrumsd/Build/Intermediates.noindex/Miran.build/Debug-iphoneos/Miran.build/Objects-normal/arm64/APIModels.dia -emit-localized-strings -emit-localized-strings-path /Users/yousifalenezi/Library/Developer/Xcode/DerivedData/Miran-ezvnyxesttewuzarkrcgsvxrumsd/Build/Intermediates.noindex/Miran.build/Debug-iphoneos/Miran.build/Objects-normal/arm64 -target arm64-apple-ios16.0 -Xllvm -aarch64-use-tbi -enable-objc-interop -stack-check -sdk /Applications/Xcode.app/Contents/Developer/Platforms/iPhoneOS.platform/Developer/SDKs/iPhoneOS16.2.sdk -I /Users/yousifalenezi/Library/Developer/Xcode/DerivedData/Miran-ezvnyxesttewuzarkrcgsvxrumsd/Build/Products/Debug-iphoneos -F /Users/yousifalenezi/Library/Developer/Xcode/DerivedData/Miran-ezvnyxesttewuzarkrcgsvxrumsd/Build/Products/Debug-iphoneos -no-color-diagnostics -enable-testing -g -module-cache-path /Users/yousifalenezi/Library/Developer/Xcode/DerivedData/ModuleCache.noindex -swift-version 5 -enforce-exclusivity\=checked -Onone -D DEBUG -serialize-debugging-options -enable-bare-slash-regex -empty-abi-descriptor -Xcc -working-directory -Xcc /Users/yousifalenezi/Documents/Training/MiranApp -resource-dir /Applications/Xcode.app/Contents/Developer/Toolchains/XcodeDefault.xctoolchain/usr/lib/swift -enable-anonymous-context-mangled-names -Xcc -I/Users/yousifalenezi/Library/Developer/Xcode/DerivedData/Miran-ezvnyxesttewuzarkrcgsvxrumsd/Build/Intermediates.noindex/Miran.build/Debug-iphoneos/Miran.build/swift-overrides.hmap -Xcc -iquote -Xcc /Users/yousifalenezi/Library/Developer/Xcode/DerivedData/Miran-ezvnyxesttewuzarkrcgsvxrumsd/Build/Intermediates.noindex/Miran.build/Debug-iphoneos/Miran.build/Miran-generated-files.hmap -Xcc -I/Users/yousifalenezi/Library/Developer/Xcode/DerivedData/Miran-ezvnyxesttewuzarkrcgsvxrumsd/Build/Intermediates.noindex/Miran.build/Debug-iphoneos/Miran.build/Miran-own-target-headers.hmap -Xcc -I/Users/yousifalenezi/Library/Developer/Xcode/DerivedData/Miran-ezvnyxesttewuzarkrcgsvxrumsd/Build/Intermediates.noindex/Miran.build/Debug-iphoneos/Miran.build/Miran-all-target-headers.hmap -Xcc -iquote -Xcc /Users/yousifalenezi/Library/Developer/Xcode/DerivedData/Miran-ezvnyxesttewuzarkrcgsvxrumsd/Build/Intermediates.noindex/Miran.build/Debug-iphoneos/Miran.build/Miran-project-headers.hmap -Xcc -I/Users/yousifalenezi/Library/Developer/Xcode/DerivedData/Miran-ezvnyxesttewuzarkrcgsvxrumsd/Build/Products/Debug-iphoneos/include -Xcc -I/Users/yousifalenezi/Library/Developer/Xcode/DerivedData/Miran-ezvnyxesttewuzarkrcgsvxrumsd/Build/Intermediates.noindex/Miran.build/Debug-iphoneos/Miran.build/DerivedSources-normal/arm64 -Xcc -I/Users/yousifalenezi/Library/Developer/Xcode/DerivedData/Miran-ezvnyxesttewuzarkrcgsvxrumsd/Build/Intermediates.noindex/Miran.build/Debug-iphoneos/Miran.build/DerivedSources/arm64 -Xcc -I/Users/yousifalenezi/Library/Developer/Xcode/DerivedData/Miran-ezvnyxesttewuzarkrcgsvxrumsd/Build/Intermediates.noindex/Miran.build/Debug-iphoneos/Miran.build/DerivedSources -Xcc -DDEBUG\=1 -module-name Miran -frontend-parseable-output -disable-clang-spi -target-sdk-version 16.2 -o /Users/yousifalenezi/Library/Developer/Xcode/DerivedData/Miran-ezvnyxesttewuzarkrcgsvxrumsd/Build/Intermediates.noindex/Miran.build/Debug-iphoneos/Miran.build/Objects-normal/arm64/TraineeTabView.o -o /Users/yousifalenezi/Library/Developer/Xcode/DerivedData/Miran-ezvnyxesttewuzarkrcgsvxrumsd/Build/Intermediates.noindex/Miran.build/Debug-iphoneos/Miran.build/Objects-normal/arm64/TrainerTabView.o -o /Users/yousifalenezi/Library/Developer/Xcode/DerivedData/Miran-ezvnyxesttewuzarkrcgsvxrumsd/Build/Intermediates.noindex/Miran.build/Debug-iphoneos/Miran.build/Objects-normal/arm64/APIModels.o -index-unit-output-path /Miran.build/Debug-iphoneos/Miran.build/Objects-normal/arm64/TraineeTabView.o -index-unit-output-path /Miran.build/Debug-iphoneos/Miran.build/Objects-normal/arm64/TrainerTabView.o -index-unit-output-path /Miran.build/Debug-iphoneos/Miran.build/Objects-normal/arm64/APIModels.o -index-store-path /Users/yousifalenezi/Library/Developer/Xcode/DerivedData/Miran-ezvnyxesttewuzarkrcgsvxrumsd/Index.noindex/DataStore -index-system-modules

** BUILD FAILED **


The following build commands failed:
	CompileSwift normal arm64 /Users/yousifalenezi/Documents/Training/MiranApp/Miran/Views/SystemAdmin/SystemAdminTabView.swift (in target 'Miran' from project 'Miran')
	SwiftCompile normal arm64 Compiling\ SystemAdminTabView.swift,\ OrgManagerTabView.swift,\ AcademicSupervisorTabView.swift /Users/yousifalenezi/Documents/Training/MiranApp/Miran/Views/SystemAdmin/SystemAdminTabView.swift /Users/yousifalenezi/Documents/Training/MiranApp/Miran/Views/OrgManager/OrgManagerTabView.swift /Users/yousifalenezi/Documents/Training/MiranApp/Miran/Views/Academic/AcademicSupervisorTabView.swift (in target 'Miran' from project 'Miran')
(2 failures)
